<html>
<body>
<pre>
<h1>µVision Build Log</h1>
<h2>Tool Versions:</h2>
IDE-Version: ¦ÌVision V5.37.0.0
Copyright (C) 2022 ARM Ltd and ARM Germany GmbH. All rights reserved.
License Information: 123 123, 123, LIC=FQQMA-1BRXK-SGX7K-ZF7BU-SY4SW-GNV21
 
Tool Versions:
Toolchain:       MDK-ARM Professional  Version: 5.37.0.0
Toolchain Path:  F:\d\keil5\ARM\ARMCC\Bin
C Compiler:      Armcc.exe V5.06 update 5 (build 528)
Assembler:       Armasm.exe V5.06 update 5 (build 528)
Linker/Locator:  ArmLink.exe V5.06 update 5 (build 528)
Library Manager: ArmAr.exe V5.06 update 5 (build 528)
Hex Converter:   FromElf.exe V5.06 update 5 (build 528)
CPU DLL:         SARMCM3.DLL V5.37.0.0
Dialog DLL:      DCM.DLL V1.17.5.0
Target DLL:      STLink\ST-LINKIII-KEIL_SWO.dll V3.0.9.0
Dialog DLL:      TCM.DLL V1.56.1.0
 
<h2>Project:</h2>
C:\Users\ASUS\Documents\GitHub\Code\xiao_H\MDK-ARM\xiao_H.uvprojx
Project File Date:  04/01/2025

<h2>Output:</h2>
*** Using Compiler 'V5.06 update 5 (build 528)', folder: 'F:\d\keil5\ARM\ARMCC\Bin'
Build target 'xiao_H'
compiling encoter.c...
../Core/Inc/bno085.h(77): warning:  #1295-D: Deprecated declaration softReset - give arg types
  void softReset();            // Try to reset the IMU via software
../Core/Inc/bno085.h(78): warning:  #1295-D: Deprecated declaration resetReason - give arg types
  unsigned char resetReason(); // Query the IMU for the reason it last reset
../Core/Inc/bno085.h(100): warning:  #1295-D: Deprecated declaration getQuatI - give arg types
  float getQuatI();
../Core/Inc/bno085.h(101): warning:  #1295-D: Deprecated declaration getQuatJ - give arg types
  float getQuatJ();
../Core/Inc/bno085.h(102): warning:  #1295-D: Deprecated declaration getQuatK - give arg types
  float getQuatK();
../Core/Inc/bno085.h(103): warning:  #1295-D: Deprecated declaration getQuatReal - give arg types
  float getQuatReal();
../Core/Inc/bno085.h(104): warning:  #1295-D: Deprecated declaration getQuatRadianAccuracy - give arg types
  float getQuatRadianAccuracy();
../Core/Inc/bno085.h(105): warning:  #1295-D: Deprecated declaration getQuatAccuracy - give arg types
  unsigned char getQuatAccuracy();
../Core/Inc/bno085.h(107): warning:  #1295-D: Deprecated declaration getAccelX - give arg types
  float getAccelX();
../Core/Inc/bno085.h(108): warning:  #1295-D: Deprecated declaration getAccelY - give arg types
  float getAccelY();
../Core/Inc/bno085.h(109): warning:  #1295-D: Deprecated declaration getAccelZ - give arg types
  float getAccelZ();
../Core/Inc/bno085.h(110): warning:  #1295-D: Deprecated declaration getAccelAccuracy - give arg types
  unsigned char getAccelAccuracy();
../Core/Inc/bno085.h(112): warning:  #1295-D: Deprecated declaration getLinAccelX - give arg types
  float getLinAccelX();
../Core/Inc/bno085.h(113): warning:  #1295-D: Deprecated declaration getLinAccelY - give arg types
  float getLinAccelY();
../Core/Inc/bno085.h(114): warning:  #1295-D: Deprecated declaration getLinAccelZ - give arg types
  float getLinAccelZ();
../Core/Inc/bno085.h(115): warning:  #1295-D: Deprecated declaration getLinAccelAccuracy - give arg types
  unsigned char getLinAccelAccuracy();
../Core/Inc/bno085.h(117): warning:  #1295-D: Deprecated declaration getGyroX - give arg types
  float getGyroX();
../Core/Inc/bno085.h(118): warning:  #1295-D: Deprecated declaration getGyroY - give arg types
  float getGyroY();
../Core/Inc/bno085.h(119): warning:  #1295-D: Deprecated declaration getGyroZ - give arg types
  float getGyroZ();
../Core/Inc/bno085.h(120): warning:  #1295-D: Deprecated declaration getGyroAccuracy - give arg types
  unsigned char getGyroAccuracy();
../Core/Inc/bno085.h(122): warning:  #1295-D: Deprecated declaration getMagX - give arg types
  float getMagX();
../Core/Inc/bno085.h(123): warning:  #1295-D: Deprecated declaration getMagY - give arg types
  float getMagY();
../Core/Inc/bno085.h(124): warning:  #1295-D: Deprecated declaration getMagZ - give arg types
  float getMagZ();
../Core/Inc/bno085.h(125): warning:  #1295-D: Deprecated declaration getMagAccuracy - give arg types
  unsigned char getMagAccuracy();
../Core/Inc/bno085.h(127): warning:  #1295-D: Deprecated declaration calibrateAccelerometer - give arg types
  void calibrateAccelerometer();
../Core/Inc/bno085.h(128): warning:  #1295-D: Deprecated declaration calibrateGyro - give arg types
  void calibrateGyro();
../Core/Inc/bno085.h(129): warning:  #1295-D: Deprecated declaration calibrateMagnetometer - give arg types
  void calibrateMagnetometer();
../Core/Inc/bno085.h(130): warning:  #1295-D: Deprecated declaration calibratePlanarAccelerometer - give arg types
  void calibratePlanarAccelerometer();
../Core/Inc/bno085.h(131): warning:  #1295-D: Deprecated declaration calibrateAll - give arg types
  int calibrateAll();
../Core/Inc/bno085.h(132): warning:  #1295-D: Deprecated declaration endCalibration - give arg types
  void endCalibration();
../Core/Inc/bno085.h(133): warning:  #1295-D: Deprecated declaration saveCalibration - give arg types
  void saveCalibration();
../Core/Inc/bno085.h(135): warning:  #1295-D: Deprecated declaration getStepCount - give arg types
  unsigned int getStepCount();
../Core/Inc/bno085.h(136): warning:  #1295-D: Deprecated declaration getStabilityClassifier - give arg types
  unsigned char getStabilityClassifier();
../Core/Inc/bno085.h(137): warning:  #1295-D: Deprecated declaration getActivityClassifier - give arg types
  unsigned char getActivityClassifier();
../Core/Inc/pid.h(25): warning:  #1-D: last line of file ends without a newline
  #endif
Use\encoter.c: 35 warnings, 0 errors
compiling bno08x.c...
../Core/Inc/pid.h(25): warning:  #1-D: last line of file ends without a newline
  #endif
../Core/Inc/bno085.h(77): warning:  #1295-D: Deprecated declaration softReset - give arg types
  void softReset();            // Try to reset the IMU via software
../Core/Inc/bno085.h(78): warning:  #1295-D: Deprecated declaration resetReason - give arg types
  unsigned char resetReason(); // Query the IMU for the reason it last reset
../Core/Inc/bno085.h(100): warning:  #1295-D: Deprecated declaration getQuatI - give arg types
  float getQuatI();
../Core/Inc/bno085.h(101): warning:  #1295-D: Deprecated declaration getQuatJ - give arg types
  float getQuatJ();
../Core/Inc/bno085.h(102): warning:  #1295-D: Deprecated declaration getQuatK - give arg types
  float getQuatK();
../Core/Inc/bno085.h(103): warning:  #1295-D: Deprecated declaration getQuatReal - give arg types
  float getQuatReal();
../Core/Inc/bno085.h(104): warning:  #1295-D: Deprecated declaration getQuatRadianAccuracy - give arg types
  float getQuatRadianAccuracy();
../Core/Inc/bno085.h(105): warning:  #1295-D: Deprecated declaration getQuatAccuracy - give arg types
  unsigned char getQuatAccuracy();
../Core/Inc/bno085.h(107): warning:  #1295-D: Deprecated declaration getAccelX - give arg types
  float getAccelX();
../Core/Inc/bno085.h(108): warning:  #1295-D: Deprecated declaration getAccelY - give arg types
  float getAccelY();
../Core/Inc/bno085.h(109): warning:  #1295-D: Deprecated declaration getAccelZ - give arg types
  float getAccelZ();
../Core/Inc/bno085.h(110): warning:  #1295-D: Deprecated declaration getAccelAccuracy - give arg types
  unsigned char getAccelAccuracy();
../Core/Inc/bno085.h(112): warning:  #1295-D: Deprecated declaration getLinAccelX - give arg types
  float getLinAccelX();
../Core/Inc/bno085.h(113): warning:  #1295-D: Deprecated declaration getLinAccelY - give arg types
  float getLinAccelY();
../Core/Inc/bno085.h(114): warning:  #1295-D: Deprecated declaration getLinAccelZ - give arg types
  float getLinAccelZ();
../Core/Inc/bno085.h(115): warning:  #1295-D: Deprecated declaration getLinAccelAccuracy - give arg types
  unsigned char getLinAccelAccuracy();
../Core/Inc/bno085.h(117): warning:  #1295-D: Deprecated declaration getGyroX - give arg types
  float getGyroX();
../Core/Inc/bno085.h(118): warning:  #1295-D: Deprecated declaration getGyroY - give arg types
  float getGyroY();
../Core/Inc/bno085.h(119): warning:  #1295-D: Deprecated declaration getGyroZ - give arg types
  float getGyroZ();
../Core/Inc/bno085.h(120): warning:  #1295-D: Deprecated declaration getGyroAccuracy - give arg types
  unsigned char getGyroAccuracy();
../Core/Inc/bno085.h(122): warning:  #1295-D: Deprecated declaration getMagX - give arg types
  float getMagX();
../Core/Inc/bno085.h(123): warning:  #1295-D: Deprecated declaration getMagY - give arg types
  float getMagY();
../Core/Inc/bno085.h(124): warning:  #1295-D: Deprecated declaration getMagZ - give arg types
  float getMagZ();
../Core/Inc/bno085.h(125): warning:  #1295-D: Deprecated declaration getMagAccuracy - give arg types
  unsigned char getMagAccuracy();
../Core/Inc/bno085.h(127): warning:  #1295-D: Deprecated declaration calibrateAccelerometer - give arg types
  void calibrateAccelerometer();
../Core/Inc/bno085.h(128): warning:  #1295-D: Deprecated declaration calibrateGyro - give arg types
  void calibrateGyro();
../Core/Inc/bno085.h(129): warning:  #1295-D: Deprecated declaration calibrateMagnetometer - give arg types
  void calibrateMagnetometer();
../Core/Inc/bno085.h(130): warning:  #1295-D: Deprecated declaration calibratePlanarAccelerometer - give arg types
  void calibratePlanarAccelerometer();
../Core/Inc/bno085.h(131): warning:  #1295-D: Deprecated declaration calibrateAll - give arg types
  int calibrateAll();
../Core/Inc/bno085.h(132): warning:  #1295-D: Deprecated declaration endCalibration - give arg types
  void endCalibration();
../Core/Inc/bno085.h(133): warning:  #1295-D: Deprecated declaration saveCalibration - give arg types
  void saveCalibration();
../Core/Inc/bno085.h(135): warning:  #1295-D: Deprecated declaration getStepCount - give arg types
  unsigned int getStepCount();
../Core/Inc/bno085.h(136): warning:  #1295-D: Deprecated declaration getStabilityClassifier - give arg types
  unsigned char getStabilityClassifier();
../Core/Inc/bno085.h(137): warning:  #1295-D: Deprecated declaration getActivityClassifier - give arg types
  unsigned char getActivityClassifier();
Use\bno08x.c: 35 warnings, 0 errors
compiling main.c...
../Core/Inc/bno085.h(77): warning:  #1295-D: Deprecated declaration softReset - give arg types
  void softReset();            // Try to reset the IMU via software
../Core/Inc/bno085.h(78): warning:  #1295-D: Deprecated declaration resetReason - give arg types
  unsigned char resetReason(); // Query the IMU for the reason it last reset
../Core/Inc/bno085.h(100): warning:  #1295-D: Deprecated declaration getQuatI - give arg types
  float getQuatI();
../Core/Inc/bno085.h(101): warning:  #1295-D: Deprecated declaration getQuatJ - give arg types
  float getQuatJ();
../Core/Inc/bno085.h(102): warning:  #1295-D: Deprecated declaration getQuatK - give arg types
  float getQuatK();
../Core/Inc/bno085.h(103): warning:  #1295-D: Deprecated declaration getQuatReal - give arg types
  float getQuatReal();
../Core/Inc/bno085.h(104): warning:  #1295-D: Deprecated declaration getQuatRadianAccuracy - give arg types
  float getQuatRadianAccuracy();
../Core/Inc/bno085.h(105): warning:  #1295-D: Deprecated declaration getQuatAccuracy - give arg types
  unsigned char getQuatAccuracy();
../Core/Inc/bno085.h(107): warning:  #1295-D: Deprecated declaration getAccelX - give arg types
  float getAccelX();
../Core/Inc/bno085.h(108): warning:  #1295-D: Deprecated declaration getAccelY - give arg types
  float getAccelY();
../Core/Inc/bno085.h(109): warning:  #1295-D: Deprecated declaration getAccelZ - give arg types
  float getAccelZ();
../Core/Inc/bno085.h(110): warning:  #1295-D: Deprecated declaration getAccelAccuracy - give arg types
  unsigned char getAccelAccuracy();
../Core/Inc/bno085.h(112): warning:  #1295-D: Deprecated declaration getLinAccelX - give arg types
  float getLinAccelX();
../Core/Inc/bno085.h(113): warning:  #1295-D: Deprecated declaration getLinAccelY - give arg types
  float getLinAccelY();
../Core/Inc/bno085.h(114): warning:  #1295-D: Deprecated declaration getLinAccelZ - give arg types
  float getLinAccelZ();
../Core/Inc/bno085.h(115): warning:  #1295-D: Deprecated declaration getLinAccelAccuracy - give arg types
  unsigned char getLinAccelAccuracy();
../Core/Inc/bno085.h(117): warning:  #1295-D: Deprecated declaration getGyroX - give arg types
  float getGyroX();
../Core/Inc/bno085.h(118): warning:  #1295-D: Deprecated declaration getGyroY - give arg types
  float getGyroY();
../Core/Inc/bno085.h(119): warning:  #1295-D: Deprecated declaration getGyroZ - give arg types
  float getGyroZ();
../Core/Inc/bno085.h(120): warning:  #1295-D: Deprecated declaration getGyroAccuracy - give arg types
  unsigned char getGyroAccuracy();
../Core/Inc/bno085.h(122): warning:  #1295-D: Deprecated declaration getMagX - give arg types
  float getMagX();
../Core/Inc/bno085.h(123): warning:  #1295-D: Deprecated declaration getMagY - give arg types
  float getMagY();
../Core/Inc/bno085.h(124): warning:  #1295-D: Deprecated declaration getMagZ - give arg types
  float getMagZ();
../Core/Inc/bno085.h(125): warning:  #1295-D: Deprecated declaration getMagAccuracy - give arg types
  unsigned char getMagAccuracy();
../Core/Inc/bno085.h(127): warning:  #1295-D: Deprecated declaration calibrateAccelerometer - give arg types
  void calibrateAccelerometer();
../Core/Inc/bno085.h(128): warning:  #1295-D: Deprecated declaration calibrateGyro - give arg types
  void calibrateGyro();
../Core/Inc/bno085.h(129): warning:  #1295-D: Deprecated declaration calibrateMagnetometer - give arg types
  void calibrateMagnetometer();
../Core/Inc/bno085.h(130): warning:  #1295-D: Deprecated declaration calibratePlanarAccelerometer - give arg types
  void calibratePlanarAccelerometer();
../Core/Inc/bno085.h(131): warning:  #1295-D: Deprecated declaration calibrateAll - give arg types
  int calibrateAll();
../Core/Inc/bno085.h(132): warning:  #1295-D: Deprecated declaration endCalibration - give arg types
  void endCalibration();
../Core/Inc/bno085.h(133): warning:  #1295-D: Deprecated declaration saveCalibration - give arg types
  void saveCalibration();
../Core/Inc/bno085.h(135): warning:  #1295-D: Deprecated declaration getStepCount - give arg types
  unsigned int getStepCount();
../Core/Inc/bno085.h(136): warning:  #1295-D: Deprecated declaration getStabilityClassifier - give arg types
  unsigned char getStabilityClassifier();
../Core/Inc/bno085.h(137): warning:  #1295-D: Deprecated declaration getActivityClassifier - give arg types
  unsigned char getActivityClassifier();
../Core/Inc/pid.h(25): warning:  #1-D: last line of file ends without a newline
  #endif
../Core/Src/main.c: 35 warnings, 0 errors
compiling pid.c...
../Core/Inc/bno085.h(77): warning:  #1295-D: Deprecated declaration softReset - give arg types
  void softReset();            // Try to reset the IMU via software
../Core/Inc/bno085.h(78): warning:  #1295-D: Deprecated declaration resetReason - give arg types
  unsigned char resetReason(); // Query the IMU for the reason it last reset
../Core/Inc/bno085.h(100): warning:  #1295-D: Deprecated declaration getQuatI - give arg types
  float getQuatI();
../Core/Inc/bno085.h(101): warning:  #1295-D: Deprecated declaration getQuatJ - give arg types
  float getQuatJ();
../Core/Inc/bno085.h(102): warning:  #1295-D: Deprecated declaration getQuatK - give arg types
  float getQuatK();
../Core/Inc/bno085.h(103): warning:  #1295-D: Deprecated declaration getQuatReal - give arg types
  float getQuatReal();
../Core/Inc/bno085.h(104): warning:  #1295-D: Deprecated declaration getQuatRadianAccuracy - give arg types
  float getQuatRadianAccuracy();
../Core/Inc/bno085.h(105): warning:  #1295-D: Deprecated declaration getQuatAccuracy - give arg types
  unsigned char getQuatAccuracy();
../Core/Inc/bno085.h(107): warning:  #1295-D: Deprecated declaration getAccelX - give arg types
  float getAccelX();
../Core/Inc/bno085.h(108): warning:  #1295-D: Deprecated declaration getAccelY - give arg types
  float getAccelY();
../Core/Inc/bno085.h(109): warning:  #1295-D: Deprecated declaration getAccelZ - give arg types
  float getAccelZ();
../Core/Inc/bno085.h(110): warning:  #1295-D: Deprecated declaration getAccelAccuracy - give arg types
  unsigned char getAccelAccuracy();
../Core/Inc/bno085.h(112): warning:  #1295-D: Deprecated declaration getLinAccelX - give arg types
  float getLinAccelX();
../Core/Inc/bno085.h(113): warning:  #1295-D: Deprecated declaration getLinAccelY - give arg types
  float getLinAccelY();
../Core/Inc/bno085.h(114): warning:  #1295-D: Deprecated declaration getLinAccelZ - give arg types
  float getLinAccelZ();
../Core/Inc/bno085.h(115): warning:  #1295-D: Deprecated declaration getLinAccelAccuracy - give arg types
  unsigned char getLinAccelAccuracy();
../Core/Inc/bno085.h(117): warning:  #1295-D: Deprecated declaration getGyroX - give arg types
  float getGyroX();
../Core/Inc/bno085.h(118): warning:  #1295-D: Deprecated declaration getGyroY - give arg types
  float getGyroY();
../Core/Inc/bno085.h(119): warning:  #1295-D: Deprecated declaration getGyroZ - give arg types
  float getGyroZ();
../Core/Inc/bno085.h(120): warning:  #1295-D: Deprecated declaration getGyroAccuracy - give arg types
  unsigned char getGyroAccuracy();
../Core/Inc/bno085.h(122): warning:  #1295-D: Deprecated declaration getMagX - give arg types
  float getMagX();
../Core/Inc/bno085.h(123): warning:  #1295-D: Deprecated declaration getMagY - give arg types
  float getMagY();
../Core/Inc/bno085.h(124): warning:  #1295-D: Deprecated declaration getMagZ - give arg types
  float getMagZ();
../Core/Inc/bno085.h(125): warning:  #1295-D: Deprecated declaration getMagAccuracy - give arg types
  unsigned char getMagAccuracy();
../Core/Inc/bno085.h(127): warning:  #1295-D: Deprecated declaration calibrateAccelerometer - give arg types
  void calibrateAccelerometer();
../Core/Inc/bno085.h(128): warning:  #1295-D: Deprecated declaration calibrateGyro - give arg types
  void calibrateGyro();
../Core/Inc/bno085.h(129): warning:  #1295-D: Deprecated declaration calibrateMagnetometer - give arg types
  void calibrateMagnetometer();
../Core/Inc/bno085.h(130): warning:  #1295-D: Deprecated declaration calibratePlanarAccelerometer - give arg types
  void calibratePlanarAccelerometer();
../Core/Inc/bno085.h(131): warning:  #1295-D: Deprecated declaration calibrateAll - give arg types
  int calibrateAll();
../Core/Inc/bno085.h(132): warning:  #1295-D: Deprecated declaration endCalibration - give arg types
  void endCalibration();
../Core/Inc/bno085.h(133): warning:  #1295-D: Deprecated declaration saveCalibration - give arg types
  void saveCalibration();
../Core/Inc/bno085.h(135): warning:  #1295-D: Deprecated declaration getStepCount - give arg types
  unsigned int getStepCount();
../Core/Inc/bno085.h(136): warning:  #1295-D: Deprecated declaration getStabilityClassifier - give arg types
  unsigned char getStabilityClassifier();
../Core/Inc/bno085.h(137): warning:  #1295-D: Deprecated declaration getActivityClassifier - give arg types
  unsigned char getActivityClassifier();
../Core/Inc/pid.h(25): warning:  #1-D: last line of file ends without a newline
  #endif
../Core/Inc/pid.h(25): warning:  #1-D: last line of file ends without a newline
  #endif
..\Core\Src\pid.c(142): warning:  #177-D: variable "kp_out"  was declared but never referenced
  	float kp_out;
..\Core\Src\pid.c(9): warning:  #177-D: variable "err_last"  was declared but never referenced
  static	int8_t err_last;	
..\Core\Src\pid.c: 38 warnings, 0 errors
compiling delay.c...
../Core/Inc/bno085.h(77): warning:  #1295-D: Deprecated declaration softReset - give arg types
  void softReset();            // Try to reset the IMU via software
../Core/Inc/bno085.h(78): warning:  #1295-D: Deprecated declaration resetReason - give arg types
  unsigned char resetReason(); // Query the IMU for the reason it last reset
../Core/Inc/bno085.h(100): warning:  #1295-D: Deprecated declaration getQuatI - give arg types
  float getQuatI();
../Core/Inc/bno085.h(101): warning:  #1295-D: Deprecated declaration getQuatJ - give arg types
  float getQuatJ();
../Core/Inc/bno085.h(102): warning:  #1295-D: Deprecated declaration getQuatK - give arg types
  float getQuatK();
../Core/Inc/bno085.h(103): warning:  #1295-D: Deprecated declaration getQuatReal - give arg types
  float getQuatReal();
../Core/Inc/bno085.h(104): warning:  #1295-D: Deprecated declaration getQuatRadianAccuracy - give arg types
  float getQuatRadianAccuracy();
../Core/Inc/bno085.h(105): warning:  #1295-D: Deprecated declaration getQuatAccuracy - give arg types
  unsigned char getQuatAccuracy();
../Core/Inc/bno085.h(107): warning:  #1295-D: Deprecated declaration getAccelX - give arg types
  float getAccelX();
../Core/Inc/bno085.h(108): warning:  #1295-D: Deprecated declaration getAccelY - give arg types
  float getAccelY();
../Core/Inc/bno085.h(109): warning:  #1295-D: Deprecated declaration getAccelZ - give arg types
  float getAccelZ();
../Core/Inc/bno085.h(110): warning:  #1295-D: Deprecated declaration getAccelAccuracy - give arg types
  unsigned char getAccelAccuracy();
../Core/Inc/bno085.h(112): warning:  #1295-D: Deprecated declaration getLinAccelX - give arg types
  float getLinAccelX();
../Core/Inc/bno085.h(113): warning:  #1295-D: Deprecated declaration getLinAccelY - give arg types
  float getLinAccelY();
../Core/Inc/bno085.h(114): warning:  #1295-D: Deprecated declaration getLinAccelZ - give arg types
  float getLinAccelZ();
../Core/Inc/bno085.h(115): warning:  #1295-D: Deprecated declaration getLinAccelAccuracy - give arg types
  unsigned char getLinAccelAccuracy();
../Core/Inc/bno085.h(117): warning:  #1295-D: Deprecated declaration getGyroX - give arg types
  float getGyroX();
../Core/Inc/bno085.h(118): warning:  #1295-D: Deprecated declaration getGyroY - give arg types
  float getGyroY();
../Core/Inc/bno085.h(119): warning:  #1295-D: Deprecated declaration getGyroZ - give arg types
  float getGyroZ();
../Core/Inc/bno085.h(120): warning:  #1295-D: Deprecated declaration getGyroAccuracy - give arg types
  unsigned char getGyroAccuracy();
../Core/Inc/bno085.h(122): warning:  #1295-D: Deprecated declaration getMagX - give arg types
  float getMagX();
../Core/Inc/bno085.h(123): warning:  #1295-D: Deprecated declaration getMagY - give arg types
  float getMagY();
../Core/Inc/bno085.h(124): warning:  #1295-D: Deprecated declaration getMagZ - give arg types
  float getMagZ();
../Core/Inc/bno085.h(125): warning:  #1295-D: Deprecated declaration getMagAccuracy - give arg types
  unsigned char getMagAccuracy();
../Core/Inc/bno085.h(127): warning:  #1295-D: Deprecated declaration calibrateAccelerometer - give arg types
  void calibrateAccelerometer();
../Core/Inc/bno085.h(128): warning:  #1295-D: Deprecated declaration calibrateGyro - give arg types
  void calibrateGyro();
../Core/Inc/bno085.h(129): warning:  #1295-D: Deprecated declaration calibrateMagnetometer - give arg types
  void calibrateMagnetometer();
../Core/Inc/bno085.h(130): warning:  #1295-D: Deprecated declaration calibratePlanarAccelerometer - give arg types
  void calibratePlanarAccelerometer();
../Core/Inc/bno085.h(131): warning:  #1295-D: Deprecated declaration calibrateAll - give arg types
  int calibrateAll();
../Core/Inc/bno085.h(132): warning:  #1295-D: Deprecated declaration endCalibration - give arg types
  void endCalibration();
../Core/Inc/bno085.h(133): warning:  #1295-D: Deprecated declaration saveCalibration - give arg types
  void saveCalibration();
../Core/Inc/bno085.h(135): warning:  #1295-D: Deprecated declaration getStepCount - give arg types
  unsigned int getStepCount();
../Core/Inc/bno085.h(136): warning:  #1295-D: Deprecated declaration getStabilityClassifier - give arg types
  unsigned char getStabilityClassifier();
../Core/Inc/bno085.h(137): warning:  #1295-D: Deprecated declaration getActivityClassifier - give arg types
  unsigned char getActivityClassifier();
../Core/Inc/pid.h(25): warning:  #1-D: last line of file ends without a newline
  #endif
Use\delay.c: 35 warnings, 0 errors
compiling track.c...
../Core/Inc/bno085.h(77): warning:  #1295-D: Deprecated declaration softReset - give arg types
  void softReset();            // Try to reset the IMU via software
../Core/Inc/bno085.h(78): warning:  #1295-D: Deprecated declaration resetReason - give arg types
  unsigned char resetReason(); // Query the IMU for the reason it last reset
../Core/Inc/bno085.h(100): warning:  #1295-D: Deprecated declaration getQuatI - give arg types
  float getQuatI();
../Core/Inc/bno085.h(101): warning:  #1295-D: Deprecated declaration getQuatJ - give arg types
  float getQuatJ();
../Core/Inc/bno085.h(102): warning:  #1295-D: Deprecated declaration getQuatK - give arg types
  float getQuatK();
../Core/Inc/bno085.h(103): warning:  #1295-D: Deprecated declaration getQuatReal - give arg types
  float getQuatReal();
../Core/Inc/bno085.h(104): warning:  #1295-D: Deprecated declaration getQuatRadianAccuracy - give arg types
  float getQuatRadianAccuracy();
../Core/Inc/bno085.h(105): warning:  #1295-D: Deprecated declaration getQuatAccuracy - give arg types
  unsigned char getQuatAccuracy();
../Core/Inc/bno085.h(107): warning:  #1295-D: Deprecated declaration getAccelX - give arg types
  float getAccelX();
../Core/Inc/bno085.h(108): warning:  #1295-D: Deprecated declaration getAccelY - give arg types
  float getAccelY();
../Core/Inc/bno085.h(109): warning:  #1295-D: Deprecated declaration getAccelZ - give arg types
  float getAccelZ();
../Core/Inc/bno085.h(110): warning:  #1295-D: Deprecated declaration getAccelAccuracy - give arg types
  unsigned char getAccelAccuracy();
../Core/Inc/bno085.h(112): warning:  #1295-D: Deprecated declaration getLinAccelX - give arg types
  float getLinAccelX();
../Core/Inc/bno085.h(113): warning:  #1295-D: Deprecated declaration getLinAccelY - give arg types
  float getLinAccelY();
../Core/Inc/bno085.h(114): warning:  #1295-D: Deprecated declaration getLinAccelZ - give arg types
  float getLinAccelZ();
../Core/Inc/bno085.h(115): warning:  #1295-D: Deprecated declaration getLinAccelAccuracy - give arg types
  unsigned char getLinAccelAccuracy();
../Core/Inc/bno085.h(117): warning:  #1295-D: Deprecated declaration getGyroX - give arg types
  float getGyroX();
../Core/Inc/bno085.h(118): warning:  #1295-D: Deprecated declaration getGyroY - give arg types
  float getGyroY();
../Core/Inc/bno085.h(119): warning:  #1295-D: Deprecated declaration getGyroZ - give arg types
  float getGyroZ();
../Core/Inc/bno085.h(120): warning:  #1295-D: Deprecated declaration getGyroAccuracy - give arg types
  unsigned char getGyroAccuracy();
../Core/Inc/bno085.h(122): warning:  #1295-D: Deprecated declaration getMagX - give arg types
  float getMagX();
../Core/Inc/bno085.h(123): warning:  #1295-D: Deprecated declaration getMagY - give arg types
  float getMagY();
../Core/Inc/bno085.h(124): warning:  #1295-D: Deprecated declaration getMagZ - give arg types
  float getMagZ();
../Core/Inc/bno085.h(125): warning:  #1295-D: Deprecated declaration getMagAccuracy - give arg types
  unsigned char getMagAccuracy();
../Core/Inc/bno085.h(127): warning:  #1295-D: Deprecated declaration calibrateAccelerometer - give arg types
  void calibrateAccelerometer();
../Core/Inc/bno085.h(128): warning:  #1295-D: Deprecated declaration calibrateGyro - give arg types
  void calibrateGyro();
../Core/Inc/bno085.h(129): warning:  #1295-D: Deprecated declaration calibrateMagnetometer - give arg types
  void calibrateMagnetometer();
../Core/Inc/bno085.h(130): warning:  #1295-D: Deprecated declaration calibratePlanarAccelerometer - give arg types
  void calibratePlanarAccelerometer();
../Core/Inc/bno085.h(131): warning:  #1295-D: Deprecated declaration calibrateAll - give arg types
  int calibrateAll();
../Core/Inc/bno085.h(132): warning:  #1295-D: Deprecated declaration endCalibration - give arg types
  void endCalibration();
../Core/Inc/bno085.h(133): warning:  #1295-D: Deprecated declaration saveCalibration - give arg types
  void saveCalibration();
../Core/Inc/bno085.h(135): warning:  #1295-D: Deprecated declaration getStepCount - give arg types
  unsigned int getStepCount();
../Core/Inc/bno085.h(136): warning:  #1295-D: Deprecated declaration getStabilityClassifier - give arg types
  unsigned char getStabilityClassifier();
../Core/Inc/bno085.h(137): warning:  #1295-D: Deprecated declaration getActivityClassifier - give arg types
  unsigned char getActivityClassifier();
../Core/Inc/pid.h(25): warning:  #1-D: last line of file ends without a newline
  #endif
..\Core\Src\track.c: 35 warnings, 0 errors
compiling vofa.c...
../Core/Inc/bno085.h(77): warning:  #1295-D: Deprecated declaration softReset - give arg types
  void softReset();            // Try to reset the IMU via software
../Core/Inc/bno085.h(78): warning:  #1295-D: Deprecated declaration resetReason - give arg types
  unsigned char resetReason(); // Query the IMU for the reason it last reset
../Core/Inc/bno085.h(100): warning:  #1295-D: Deprecated declaration getQuatI - give arg types
  float getQuatI();
../Core/Inc/bno085.h(101): warning:  #1295-D: Deprecated declaration getQuatJ - give arg types
  float getQuatJ();
../Core/Inc/bno085.h(102): warning:  #1295-D: Deprecated declaration getQuatK - give arg types
  float getQuatK();
../Core/Inc/bno085.h(103): warning:  #1295-D: Deprecated declaration getQuatReal - give arg types
  float getQuatReal();
../Core/Inc/bno085.h(104): warning:  #1295-D: Deprecated declaration getQuatRadianAccuracy - give arg types
  float getQuatRadianAccuracy();
../Core/Inc/bno085.h(105): warning:  #1295-D: Deprecated declaration getQuatAccuracy - give arg types
  unsigned char getQuatAccuracy();
../Core/Inc/bno085.h(107): warning:  #1295-D: Deprecated declaration getAccelX - give arg types
  float getAccelX();
../Core/Inc/bno085.h(108): warning:  #1295-D: Deprecated declaration getAccelY - give arg types
  float getAccelY();
../Core/Inc/bno085.h(109): warning:  #1295-D: Deprecated declaration getAccelZ - give arg types
  float getAccelZ();
../Core/Inc/bno085.h(110): warning:  #1295-D: Deprecated declaration getAccelAccuracy - give arg types
  unsigned char getAccelAccuracy();
../Core/Inc/bno085.h(112): warning:  #1295-D: Deprecated declaration getLinAccelX - give arg types
  float getLinAccelX();
../Core/Inc/bno085.h(113): warning:  #1295-D: Deprecated declaration getLinAccelY - give arg types
  float getLinAccelY();
../Core/Inc/bno085.h(114): warning:  #1295-D: Deprecated declaration getLinAccelZ - give arg types
  float getLinAccelZ();
../Core/Inc/bno085.h(115): warning:  #1295-D: Deprecated declaration getLinAccelAccuracy - give arg types
  unsigned char getLinAccelAccuracy();
../Core/Inc/bno085.h(117): warning:  #1295-D: Deprecated declaration getGyroX - give arg types
  float getGyroX();
../Core/Inc/bno085.h(118): warning:  #1295-D: Deprecated declaration getGyroY - give arg types
  float getGyroY();
../Core/Inc/bno085.h(119): warning:  #1295-D: Deprecated declaration getGyroZ - give arg types
  float getGyroZ();
../Core/Inc/bno085.h(120): warning:  #1295-D: Deprecated declaration getGyroAccuracy - give arg types
  unsigned char getGyroAccuracy();
../Core/Inc/bno085.h(122): warning:  #1295-D: Deprecated declaration getMagX - give arg types
  float getMagX();
../Core/Inc/bno085.h(123): warning:  #1295-D: Deprecated declaration getMagY - give arg types
  float getMagY();
../Core/Inc/bno085.h(124): warning:  #1295-D: Deprecated declaration getMagZ - give arg types
  float getMagZ();
../Core/Inc/bno085.h(125): warning:  #1295-D: Deprecated declaration getMagAccuracy - give arg types
  unsigned char getMagAccuracy();
../Core/Inc/bno085.h(127): warning:  #1295-D: Deprecated declaration calibrateAccelerometer - give arg types
  void calibrateAccelerometer();
../Core/Inc/bno085.h(128): warning:  #1295-D: Deprecated declaration calibrateGyro - give arg types
  void calibrateGyro();
../Core/Inc/bno085.h(129): warning:  #1295-D: Deprecated declaration calibrateMagnetometer - give arg types
  void calibrateMagnetometer();
../Core/Inc/bno085.h(130): warning:  #1295-D: Deprecated declaration calibratePlanarAccelerometer - give arg types
  void calibratePlanarAccelerometer();
../Core/Inc/bno085.h(131): warning:  #1295-D: Deprecated declaration calibrateAll - give arg types
  int calibrateAll();
../Core/Inc/bno085.h(132): warning:  #1295-D: Deprecated declaration endCalibration - give arg types
  void endCalibration();
../Core/Inc/bno085.h(133): warning:  #1295-D: Deprecated declaration saveCalibration - give arg types
  void saveCalibration();
../Core/Inc/bno085.h(135): warning:  #1295-D: Deprecated declaration getStepCount - give arg types
  unsigned int getStepCount();
../Core/Inc/bno085.h(136): warning:  #1295-D: Deprecated declaration getStabilityClassifier - give arg types
  unsigned char getStabilityClassifier();
../Core/Inc/bno085.h(137): warning:  #1295-D: Deprecated declaration getActivityClassifier - give arg types
  unsigned char getActivityClassifier();
../Core/Inc/pid.h(25): warning:  #1-D: last line of file ends without a newline
  #endif
../Core/Inc/pid.h(25): warning:  #1-D: last line of file ends without a newline
  #endif
Use\vofa.c: 36 warnings, 0 errors
compiling OLED.c...
../Core/Inc/bno085.h(77): warning:  #1295-D: Deprecated declaration softReset - give arg types
  void softReset();            // Try to reset the IMU via software
../Core/Inc/bno085.h(78): warning:  #1295-D: Deprecated declaration resetReason - give arg types
  unsigned char resetReason(); // Query the IMU for the reason it last reset
../Core/Inc/bno085.h(100): warning:  #1295-D: Deprecated declaration getQuatI - give arg types
  float getQuatI();
../Core/Inc/bno085.h(101): warning:  #1295-D: Deprecated declaration getQuatJ - give arg types
  float getQuatJ();
../Core/Inc/bno085.h(102): warning:  #1295-D: Deprecated declaration getQuatK - give arg types
  float getQuatK();
../Core/Inc/bno085.h(103): warning:  #1295-D: Deprecated declaration getQuatReal - give arg types
  float getQuatReal();
../Core/Inc/bno085.h(104): warning:  #1295-D: Deprecated declaration getQuatRadianAccuracy - give arg types
  float getQuatRadianAccuracy();
../Core/Inc/bno085.h(105): warning:  #1295-D: Deprecated declaration getQuatAccuracy - give arg types
  unsigned char getQuatAccuracy();
../Core/Inc/bno085.h(107): warning:  #1295-D: Deprecated declaration getAccelX - give arg types
  float getAccelX();
../Core/Inc/bno085.h(108): warning:  #1295-D: Deprecated declaration getAccelY - give arg types
  float getAccelY();
../Core/Inc/bno085.h(109): warning:  #1295-D: Deprecated declaration getAccelZ - give arg types
  float getAccelZ();
../Core/Inc/bno085.h(110): warning:  #1295-D: Deprecated declaration getAccelAccuracy - give arg types
  unsigned char getAccelAccuracy();
../Core/Inc/bno085.h(112): warning:  #1295-D: Deprecated declaration getLinAccelX - give arg types
  float getLinAccelX();
../Core/Inc/bno085.h(113): warning:  #1295-D: Deprecated declaration getLinAccelY - give arg types
  float getLinAccelY();
../Core/Inc/bno085.h(114): warning:  #1295-D: Deprecated declaration getLinAccelZ - give arg types
  float getLinAccelZ();
../Core/Inc/bno085.h(115): warning:  #1295-D: Deprecated declaration getLinAccelAccuracy - give arg types
  unsigned char getLinAccelAccuracy();
../Core/Inc/bno085.h(117): warning:  #1295-D: Deprecated declaration getGyroX - give arg types
  float getGyroX();
../Core/Inc/bno085.h(118): warning:  #1295-D: Deprecated declaration getGyroY - give arg types
  float getGyroY();
../Core/Inc/bno085.h(119): warning:  #1295-D: Deprecated declaration getGyroZ - give arg types
  float getGyroZ();
../Core/Inc/bno085.h(120): warning:  #1295-D: Deprecated declaration getGyroAccuracy - give arg types
  unsigned char getGyroAccuracy();
../Core/Inc/bno085.h(122): warning:  #1295-D: Deprecated declaration getMagX - give arg types
  float getMagX();
../Core/Inc/bno085.h(123): warning:  #1295-D: Deprecated declaration getMagY - give arg types
  float getMagY();
../Core/Inc/bno085.h(124): warning:  #1295-D: Deprecated declaration getMagZ - give arg types
  float getMagZ();
../Core/Inc/bno085.h(125): warning:  #1295-D: Deprecated declaration getMagAccuracy - give arg types
  unsigned char getMagAccuracy();
../Core/Inc/bno085.h(127): warning:  #1295-D: Deprecated declaration calibrateAccelerometer - give arg types
  void calibrateAccelerometer();
../Core/Inc/bno085.h(128): warning:  #1295-D: Deprecated declaration calibrateGyro - give arg types
  void calibrateGyro();
../Core/Inc/bno085.h(129): warning:  #1295-D: Deprecated declaration calibrateMagnetometer - give arg types
  void calibrateMagnetometer();
../Core/Inc/bno085.h(130): warning:  #1295-D: Deprecated declaration calibratePlanarAccelerometer - give arg types
  void calibratePlanarAccelerometer();
../Core/Inc/bno085.h(131): warning:  #1295-D: Deprecated declaration calibrateAll - give arg types
  int calibrateAll();
../Core/Inc/bno085.h(132): warning:  #1295-D: Deprecated declaration endCalibration - give arg types
  void endCalibration();
../Core/Inc/bno085.h(133): warning:  #1295-D: Deprecated declaration saveCalibration - give arg types
  void saveCalibration();
../Core/Inc/bno085.h(135): warning:  #1295-D: Deprecated declaration getStepCount - give arg types
  unsigned int getStepCount();
../Core/Inc/bno085.h(136): warning:  #1295-D: Deprecated declaration getStabilityClassifier - give arg types
  unsigned char getStabilityClassifier();
../Core/Inc/bno085.h(137): warning:  #1295-D: Deprecated declaration getActivityClassifier - give arg types
  unsigned char getActivityClassifier();
../Core/Inc/pid.h(25): warning:  #1-D: last line of file ends without a newline
  #endif
Use\OLED.c: 35 warnings, 0 errors
compiling Key.c...
../Core/Inc/bno085.h(77): warning:  #1295-D: Deprecated declaration softReset - give arg types
  void softReset();            // Try to reset the IMU via software
../Core/Inc/bno085.h(78): warning:  #1295-D: Deprecated declaration resetReason - give arg types
  unsigned char resetReason(); // Query the IMU for the reason it last reset
../Core/Inc/bno085.h(100): warning:  #1295-D: Deprecated declaration getQuatI - give arg types
  float getQuatI();
../Core/Inc/bno085.h(101): warning:  #1295-D: Deprecated declaration getQuatJ - give arg types
  float getQuatJ();
../Core/Inc/bno085.h(102): warning:  #1295-D: Deprecated declaration getQuatK - give arg types
  float getQuatK();
../Core/Inc/bno085.h(103): warning:  #1295-D: Deprecated declaration getQuatReal - give arg types
  float getQuatReal();
../Core/Inc/bno085.h(104): warning:  #1295-D: Deprecated declaration getQuatRadianAccuracy - give arg types
  float getQuatRadianAccuracy();
../Core/Inc/bno085.h(105): warning:  #1295-D: Deprecated declaration getQuatAccuracy - give arg types
  unsigned char getQuatAccuracy();
../Core/Inc/bno085.h(107): warning:  #1295-D: Deprecated declaration getAccelX - give arg types
  float getAccelX();
../Core/Inc/bno085.h(108): warning:  #1295-D: Deprecated declaration getAccelY - give arg types
  float getAccelY();
../Core/Inc/bno085.h(109): warning:  #1295-D: Deprecated declaration getAccelZ - give arg types
  float getAccelZ();
../Core/Inc/bno085.h(110): warning:  #1295-D: Deprecated declaration getAccelAccuracy - give arg types
  unsigned char getAccelAccuracy();
../Core/Inc/bno085.h(112): warning:  #1295-D: Deprecated declaration getLinAccelX - give arg types
  float getLinAccelX();
../Core/Inc/bno085.h(113): warning:  #1295-D: Deprecated declaration getLinAccelY - give arg types
  float getLinAccelY();
../Core/Inc/bno085.h(114): warning:  #1295-D: Deprecated declaration getLinAccelZ - give arg types
  float getLinAccelZ();
../Core/Inc/bno085.h(115): warning:  #1295-D: Deprecated declaration getLinAccelAccuracy - give arg types
  unsigned char getLinAccelAccuracy();
../Core/Inc/bno085.h(117): warning:  #1295-D: Deprecated declaration getGyroX - give arg types
  float getGyroX();
../Core/Inc/bno085.h(118): warning:  #1295-D: Deprecated declaration getGyroY - give arg types
  float getGyroY();
../Core/Inc/bno085.h(119): warning:  #1295-D: Deprecated declaration getGyroZ - give arg types
  float getGyroZ();
../Core/Inc/bno085.h(120): warning:  #1295-D: Deprecated declaration getGyroAccuracy - give arg types
  unsigned char getGyroAccuracy();
../Core/Inc/bno085.h(122): warning:  #1295-D: Deprecated declaration getMagX - give arg types
  float getMagX();
../Core/Inc/bno085.h(123): warning:  #1295-D: Deprecated declaration getMagY - give arg types
  float getMagY();
../Core/Inc/bno085.h(124): warning:  #1295-D: Deprecated declaration getMagZ - give arg types
  float getMagZ();
../Core/Inc/bno085.h(125): warning:  #1295-D: Deprecated declaration getMagAccuracy - give arg types
  unsigned char getMagAccuracy();
../Core/Inc/bno085.h(127): warning:  #1295-D: Deprecated declaration calibrateAccelerometer - give arg types
  void calibrateAccelerometer();
../Core/Inc/bno085.h(128): warning:  #1295-D: Deprecated declaration calibrateGyro - give arg types
  void calibrateGyro();
../Core/Inc/bno085.h(129): warning:  #1295-D: Deprecated declaration calibrateMagnetometer - give arg types
  void calibrateMagnetometer();
../Core/Inc/bno085.h(130): warning:  #1295-D: Deprecated declaration calibratePlanarAccelerometer - give arg types
  void calibratePlanarAccelerometer();
../Core/Inc/bno085.h(131): warning:  #1295-D: Deprecated declaration calibrateAll - give arg types
  int calibrateAll();
../Core/Inc/bno085.h(132): warning:  #1295-D: Deprecated declaration endCalibration - give arg types
  void endCalibration();
../Core/Inc/bno085.h(133): warning:  #1295-D: Deprecated declaration saveCalibration - give arg types
  void saveCalibration();
../Core/Inc/bno085.h(135): warning:  #1295-D: Deprecated declaration getStepCount - give arg types
  unsigned int getStepCount();
../Core/Inc/bno085.h(136): warning:  #1295-D: Deprecated declaration getStabilityClassifier - give arg types
  unsigned char getStabilityClassifier();
../Core/Inc/bno085.h(137): warning:  #1295-D: Deprecated declaration getActivityClassifier - give arg types
  unsigned char getActivityClassifier();
../Core/Inc/pid.h(25): warning:  #1-D: last line of file ends without a newline
  #endif
..\Core\Src\Key.c: 35 warnings, 0 errors
linking...
Program Size: Code=27100 RO-data=2268 RW-data=400 ZI-data=1880  
FromELF: creating hex file...
".\xiao_H\xiao_H.axf" - 0 Error(s), 319 Warning(s).

<h2>Software Packages used:</h2>

Package Vendor: ARM
                http://www.keil.com/pack/ARM.CMSIS.5.9.0.pack
                ARM.CMSIS.5.9.0
                CMSIS (Common Microcontroller Software Interface Standard)
   * Component: CORE Version: 5.6.0

Package Vendor: Keil
                https://www.keil.com/pack/Keil.STM32F4xx_DFP.3.0.0.pack
                Keil.STM32F4xx_DFP.3.0.0
                STMicroelectronics STM32F4 Series Device Support

<h2>Collection of Component include folders:</h2>
  ./RTE/_xiao_H
  F:/d/keil5/pack/ARM/CMSIS/5.9.0/CMSIS/Core/Include

<h2>Collection of Component Files used:</h2>

   * Component: ARM::CMSIS:CORE:5.6.0
      Include file:  CMSIS/Core/Include/tz_context.h
Build Time Elapsed:  00:00:03
</pre>
</body>
</html>
