Component: ARM Compiler 5.06 update 5 (build 528) Tool: armlink [4d35e2]

==============================================================================

Section Cross References

    startup_stm32f407xx.o(RESET) refers to startup_stm32f407xx.o(STACK) for __initial_sp
    startup_stm32f407xx.o(RESET) refers to startup_stm32f407xx.o(.text) for Reset_Handler
    startup_stm32f407xx.o(RESET) refers to stm32f4xx_it.o(i.NMI_Handler) for NMI_Handler
    startup_stm32f407xx.o(RESET) refers to stm32f4xx_it.o(i.HardFault_Handler) for HardFault_Handler
    startup_stm32f407xx.o(RESET) refers to stm32f4xx_it.o(i.MemManage_Handler) for MemManage_Handler
    startup_stm32f407xx.o(RESET) refers to stm32f4xx_it.o(i.BusFault_Handler) for BusFault_Handler
    startup_stm32f407xx.o(RESET) refers to stm32f4xx_it.o(i.UsageFault_Handler) for UsageFault_Handler
    startup_stm32f407xx.o(RESET) refers to stm32f4xx_it.o(i.SVC_Handler) for SVC_Handler
    startup_stm32f407xx.o(RESET) refers to stm32f4xx_it.o(i.DebugMon_Handler) for DebugMon_Handler
    startup_stm32f407xx.o(RESET) refers to stm32f4xx_it.o(i.PendSV_Handler) for PendSV_Handler
    startup_stm32f407xx.o(RESET) refers to stm32f4xx_it.o(i.SysTick_Handler) for SysTick_Handler
    startup_stm32f407xx.o(RESET) refers to stm32f4xx_it.o(i.TIM4_IRQHandler) for TIM4_IRQHandler
    startup_stm32f407xx.o(RESET) refers to stm32f4xx_it.o(i.USART1_IRQHandler) for USART1_IRQHandler
    startup_stm32f407xx.o(.text) refers to system_stm32f4xx.o(i.SystemInit) for SystemInit
    startup_stm32f407xx.o(.text) refers to entry.o(.ARM.Collect$$$$00000000) for __main
    main.o(i.Angle_out) refers to main.o(.data) for Init_Angle_Flag
    main.o(i.HAL_TIM_PeriodElapsedCallback) refers to bno08x.o(i.dataAvailable) for dataAvailable
    main.o(i.HAL_TIM_PeriodElapsedCallback) refers to bno08x.o(i.getQuatReal) for getQuatReal
    main.o(i.HAL_TIM_PeriodElapsedCallback) refers to bno08x.o(i.getQuatI) for getQuatI
    main.o(i.HAL_TIM_PeriodElapsedCallback) refers to bno08x.o(i.getQuatJ) for getQuatJ
    main.o(i.HAL_TIM_PeriodElapsedCallback) refers to bno08x.o(i.getQuatK) for getQuatK
    main.o(i.HAL_TIM_PeriodElapsedCallback) refers to f2d.o(.text) for __aeabi_f2d
    main.o(i.HAL_TIM_PeriodElapsedCallback) refers to atan2.o(i.__hardfp_atan2) for __hardfp_atan2
    main.o(i.HAL_TIM_PeriodElapsedCallback) refers to dmul.o(.text) for __aeabi_dmul
    main.o(i.HAL_TIM_PeriodElapsedCallback) refers to d2f.o(.text) for __aeabi_d2f
    main.o(i.HAL_TIM_PeriodElapsedCallback) refers to asin.o(i.__hardfp_asin) for __hardfp_asin
    main.o(i.HAL_TIM_PeriodElapsedCallback) refers to main.o(i.Angle_out) for Angle_out
    main.o(i.HAL_TIM_PeriodElapsedCallback) refers to encoter.o(i.Read_Speed) for Read_Speed
    main.o(i.HAL_TIM_PeriodElapsedCallback) refers to main.o(i.steering_ring) for steering_ring
    main.o(i.HAL_TIM_PeriodElapsedCallback) refers to main.o(i.Track_ring) for Track_ring
    main.o(i.HAL_TIM_PeriodElapsedCallback) refers to main.o(.data) for q0
    main.o(i.HAL_TIM_PeriodElapsedCallback) refers to tim.o(.bss) for htim2
    main.o(i.HAL_UART_RxCpltCallback) refers to printfa.o(i.__0printf) for __2printf
    main.o(i.HAL_UART_RxCpltCallback) refers to vofa.o(i.USART_PID_Adjust) for USART_PID_Adjust
    main.o(i.HAL_UART_RxCpltCallback) refers to memseta.o(.text) for __aeabi_memclr
    main.o(i.HAL_UART_RxCpltCallback) refers to stm32f4xx_hal_uart.o(i.HAL_UART_Receive_IT) for HAL_UART_Receive_IT
    main.o(i.HAL_UART_RxCpltCallback) refers to main.o(.data) for RxLine
    main.o(i.HAL_UART_RxCpltCallback) refers to vofa.o(.bss) for DataBuff
    main.o(i.HAL_UART_RxCpltCallback) refers to usart.o(.bss) for huart1
    main.o(i.Read) refers to oled.o(i.OLED_ShowString) for OLED_ShowString
    main.o(i.Read) refers to oled.o(i.OLED_ShowSignedNum) for OLED_ShowSignedNum
    main.o(i.Read) refers to main.o(.data) for Encoder1
    main.o(i.SystemClock_Config) refers to memseta.o(.text) for __aeabi_memclr4
    main.o(i.SystemClock_Config) refers to stm32f4xx_hal_rcc.o(i.HAL_RCC_OscConfig) for HAL_RCC_OscConfig
    main.o(i.SystemClock_Config) refers to main.o(i.Error_Handler) for Error_Handler
    main.o(i.SystemClock_Config) refers to stm32f4xx_hal_rcc.o(i.HAL_RCC_ClockConfig) for HAL_RCC_ClockConfig
    main.o(i.Track_ring) refers to pid.o(i.track_pid) for track_pid
    main.o(i.Track_ring) refers to pid.o(i.pid1) for pid1
    main.o(i.Track_ring) refers to motor.o(i.Load) for Load
    main.o(i.Track_ring) refers to track.o(.data) for track_sum
    main.o(i.Track_ring) refers to main.o(.bss) for track_pid_assignment
    main.o(i.Track_ring) refers to main.o(.data) for track_turn
    main.o(i.main) refers to stm32f4xx_hal.o(i.HAL_Init) for HAL_Init
    main.o(i.main) refers to main.o(i.SystemClock_Config) for SystemClock_Config
    main.o(i.main) refers to gpio.o(i.MX_GPIO_Init) for MX_GPIO_Init
    main.o(i.main) refers to i2c.o(i.MX_I2C1_Init) for MX_I2C1_Init
[...]
    i.PendSV_Handler                         0x08003eba   Section        0  stm32f4xx_it.o(i.PendSV_Handler)
    i.Read                                   0x08003ebc   Section        0  main.o(i.Read)
    i.ReadNbyte                              0x08003f00   Section        0  bno08x.o(i.ReadNbyte)
    i.Read_Speed                             0x08003f20   Section        0  encoter.o(i.Read_Speed)
    i.SVC_Handler                            0x08003f30   Section        0  stm32f4xx_it.o(i.SVC_Handler)
    i.SendDataToVOFA                         0x08003f34   Section        0  vofa.o(i.SendDataToVOFA)
    i.SysTick_Handler                        0x08003f8c   Section        0  stm32f4xx_it.o(i.SysTick_Handler)
    i.SystemClock_Config                     0x08003f94   Section        0  main.o(i.SystemClock_Config)
    i.SystemInit                             0x0800404c   Section        0  system_stm32f4xx.o(i.SystemInit)
    i.TIM4_IRQHandler                        0x08004060   Section        0  stm32f4xx_it.o(i.TIM4_IRQHandler)
    i.TIM_Base_SetConfig                     0x08004070   Section        0  stm32f4xx_hal_tim.o(i.TIM_Base_SetConfig)
    i.TIM_CCxChannelCmd                      0x08004158   Section        0  stm32f4xx_hal_tim.o(i.TIM_CCxChannelCmd)
    i.TIM_ETR_SetConfig                      0x0800417a   Section        0  stm32f4xx_hal_tim.o(i.TIM_ETR_SetConfig)
    i.TIM_ITRx_SetConfig                     0x08004190   Section        0  stm32f4xx_hal_tim.o(i.TIM_ITRx_SetConfig)
    TIM_ITRx_SetConfig                       0x08004191   Thumb Code    18  stm32f4xx_hal_tim.o(i.TIM_ITRx_SetConfig)
    i.TIM_OC1_SetConfig                      0x080041a4   Section        0  stm32f4xx_hal_tim.o(i.TIM_OC1_SetConfig)
    TIM_OC1_SetConfig                        0x080041a5   Thumb Code   104  stm32f4xx_hal_tim.o(i.TIM_OC1_SetConfig)
    i.TIM_OC2_SetConfig                      0x08004214   Section        0  stm32f4xx_hal_tim.o(i.TIM_OC2_SetConfig)
    i.TIM_OC3_SetConfig                      0x08004290   Section        0  stm32f4xx_hal_tim.o(i.TIM_OC3_SetConfig)
    TIM_OC3_SetConfig                        0x08004291   Thumb Code   112  stm32f4xx_hal_tim.o(i.TIM_OC3_SetConfig)
    i.TIM_OC4_SetConfig                      0x08004308   Section        0  stm32f4xx_hal_tim.o(i.TIM_OC4_SetConfig)
    TIM_OC4_SetConfig                        0x08004309   Thumb Code    74  stm32f4xx_hal_tim.o(i.TIM_OC4_SetConfig)
    i.TIM_TI1_ConfigInputStage               0x0800435c   Section        0  stm32f4xx_hal_tim.o(i.TIM_TI1_ConfigInputStage)
    TIM_TI1_ConfigInputStage                 0x0800435d   Thumb Code    38  stm32f4xx_hal_tim.o(i.TIM_TI1_ConfigInputStage)
    i.TIM_TI2_ConfigInputStage               0x08004382   Section        0  stm32f4xx_hal_tim.o(i.TIM_TI2_ConfigInputStage)
    TIM_TI2_ConfigInputStage                 0x08004383   Thumb Code    40  stm32f4xx_hal_tim.o(i.TIM_TI2_ConfigInputStage)
    i.Track_follow                           0x080043ac   Section        0  track.o(i.Track_follow)
    i.Track_ring                             0x08004500   Section        0  main.o(i.Track_ring)
    i.UART_DMAAbortOnError                   0x080045d8   Section        0  stm32f4xx_hal_uart.o(i.UART_DMAAbortOnError)
    UART_DMAAbortOnError                     0x080045d9   Thumb Code    20  stm32f4xx_hal_uart.o(i.UART_DMAAbortOnError)
    i.UART_EndRxTransfer                     0x080045ec   Section        0  stm32f4xx_hal_uart.o(i.UART_EndRxTransfer)
    UART_EndRxTransfer                       0x080045ed   Thumb Code   108  stm32f4xx_hal_uart.o(i.UART_EndRxTransfer)
    i.UART_EndTransmit_IT                    0x08004658   Section        0  stm32f4xx_hal_uart.o(i.UART_EndTransmit_IT)
    UART_EndTransmit_IT                      0x08004659   Thumb Code    32  stm32f4xx_hal_uart.o(i.UART_EndTransmit_IT)
    i.UART_Receive_IT                        0x08004678   Section        0  stm32f4xx_hal_uart.o(i.UART_Receive_IT)
    UART_Receive_IT                          0x08004679   Thumb Code   252  stm32f4xx_hal_uart.o(i.UART_Receive_IT)
    i.UART_SetConfig                         0x08004774   Section        0  stm32f4xx_hal_uart.o(i.UART_SetConfig)
    UART_SetConfig                           0x08004775   Thumb Code   546  stm32f4xx_hal_uart.o(i.UART_SetConfig)
    i.UART_Start_Receive_IT                  0x080049a0   Section        0  stm32f4xx_hal_uart.o(i.UART_Start_Receive_IT)
    i.UART_Transmit_IT                       0x080049e0   Section        0  stm32f4xx_hal_uart.o(i.UART_Transmit_IT)
    UART_Transmit_IT                         0x080049e1   Thumb Code    96  stm32f4xx_hal_uart.o(i.UART_Transmit_IT)
    i.UART_WaitOnFlagUntilTimeout            0x08004a40   Section        0  stm32f4xx_hal_uart.o(i.UART_WaitOnFlagUntilTimeout)
    UART_WaitOnFlagUntilTimeout              0x08004a41   Thumb Code   140  stm32f4xx_hal_uart.o(i.UART_WaitOnFlagUntilTimeout)
    i.USART1_IRQHandler                      0x08004acc   Section        0  stm32f4xx_it.o(i.USART1_IRQHandler)
    i.USART_PID_Adjust                       0x08004adc   Section        0  vofa.o(i.USART_PID_Adjust)
    i.UsageFault_Handler                     0x08004be0   Section        0  stm32f4xx_it.o(i.UsageFault_Handler)
    i.WriteNbyte                             0x08004be4   Section        0  bno08x.o(i.WriteNbyte)
    i.__0printf                              0x08004c04   Section        0  printfa.o(i.__0printf)
    i.__0sprintf                             0x08004c24   Section        0  printfa.o(i.__0sprintf)
    i.__ARM_fpclassify                       0x08004c4c   Section        0  fpclassify.o(i.__ARM_fpclassify)
    i.__NVIC_GetPriorityGrouping             0x08004c7c   Section        0  stm32f4xx_hal_cortex.o(i.__NVIC_GetPriorityGrouping)
    __NVIC_GetPriorityGrouping               0x08004c7d   Thumb Code    10  stm32f4xx_hal_cortex.o(i.__NVIC_GetPriorityGrouping)
    i.__NVIC_SetPriority                     0x08004c8c   Section        0  stm32f4xx_hal_cortex.o(i.__NVIC_SetPriority)
    __NVIC_SetPriority                       0x08004c8d   Thumb Code    32  stm32f4xx_hal_cortex.o(i.__NVIC_SetPriority)
    i.__hardfp_asin                          0x08004cb8   Section        0  asin.o(i.__hardfp_asin)
    i.__hardfp_atan                          0x08005018   Section        0  atan.o(i.__hardfp_atan)
    i.__hardfp_atan2                         0x080052f0   Section        0  atan2.o(i.__hardfp_atan2)
    i.__hardfp_pow                           0x080054e0   Section        0  pow.o(i.__hardfp_pow)
    i.__kernel_poly                          0x08006130   Section        0  poly.o(i.__kernel_poly)
    i.__mathlib_dbl_divzero                  0x08006228   Section        0  dunder.o(i.__mathlib_dbl_divzero)
    i.__mathlib_dbl_infnan                   0x08006258   Section        0  dunder.o(i.__mathlib_dbl_infnan)
    i.__mathlib_dbl_infnan2                  0x0800626c   Section        0  dunder.o(i.__mathlib_dbl_infnan2)
    i.__mathlib_dbl_invalid                  0x08006280   Section        0  dunder.o(i.__mathlib_dbl_invalid)
    i.__mathlib_dbl_overflow                 0x080062a0   Section        0  dunder.o(i.__mathlib_dbl_overflow)
    i.__mathlib_dbl_underflow                0x080062c0   Section        0  dunder.o(i.__mathlib_dbl_underflow)
    i.__scatterload_copy                     0x080062e0   Section       14  handlers.o(i.__scatterload_copy)
    i.__scatterload_null                     0x080062ee   Section        2  handlers.o(i.__scatterload_null)
    i.__scatterload_zeroinit                 0x080062f0   Section       14  handlers.o(i.__scatterload_zeroinit)
    i.__set_errno                            0x08006300   Section        0  errno.o(i.__set_errno)
    i._fp_digits                             0x0800630c   Section        0  printfa.o(i._fp_digits)
    _fp_digits                               0x0800630d   Thumb Code   366  printfa.o(i._fp_digits)
    i._printf_core                           0x08006490   Section        0  printfa.o(i._printf_core)
    _printf_core                             0x08006491   Thumb Code  1744  printfa.o(i._printf_core)
    i._printf_post_padding                   0x08006b6c   Section        0  printfa.o(i._printf_post_padding)
    _printf_post_padding                     0x08006b6d   Thumb Code    36  printfa.o(i._printf_post_padding)
    i._printf_pre_padding                    0x08006b90   Section        0  printfa.o(i._printf_pre_padding)
    _printf_pre_padding                      0x08006b91   Thumb Code    46  printfa.o(i._printf_pre_padding)
    i._sputc                                 0x08006bbe   Section        0  printfa.o(i._sputc)
    _sputc                                   0x08006bbf   Thumb Code    10  printfa.o(i._sputc)
    i.atan                                   0x08006bc8   Section        0  atan.o(i.atan)
    i.calibrateAll                           0x08006bd8   Section        0  bno08x.o(i.calibrateAll)
    i.dataAvailable                          0x08006be4   Section        0  bno08x.o(i.dataAvailable)
    i.delay_us                               0x08006c14   Section        0  delay.o(i.delay_us)
    i.enableAccelerometer                    0x08006c74   Section        0  bno08x.o(i.enableAccelerometer)
    i.enableGameRotationVector               0x08006c84   Section        0  bno08x.o(i.enableGameRotationVector)
    i.enableGyro                             0x08006c94   Section        0  bno08x.o(i.enableGyro)
    i.enableLinearAccelerometer              0x08006ca4   Section        0  bno08x.o(i.enableLinearAccelerometer)
    i.enableMagnetometer                     0x08006cb4   Section        0  bno08x.o(i.enableMagnetometer)
    i.enableRotationVector                   0x08006cc4   Section        0  bno08x.o(i.enableRotationVector)
    i.enableStabilityClassifier              0x08006cd4   Section        0  bno08x.o(i.enableStabilityClassifier)
    i.enableStepCounter                      0x08006ce4   Section        0  bno08x.o(i.enableStepCounter)
    i.fabs                                   0x08006cf4   Section        0  fabs.o(i.fabs)
    i.fputc                                  0x08006d0c   Section        0  stm32f4xx_hal.o(i.fputc)
    i.getData                                0x08006d28   Section        0  bno08x.o(i.getData)
    i.getQuatI                               0x08006d80   Section        0  bno08x.o(i.getQuatI)
    i.getQuatJ                               0x08006dac   Section        0  bno08x.o(i.getQuatJ)
    i.getQuatK                               0x08006dd8   Section        0  bno08x.o(i.getQuatK)
    i.getQuatReal                            0x08006e04   Section        0  bno08x.o(i.getQuatReal)
    i.main                                   0x08006e30   Section        0  main.o(i.main)
    i.parseInputReport                       0x08006f74   Section        0  bno08x.o(i.parseInputReport)
    i.pid1                                   0x0800721c   Section        0  pid.o(i.pid1)
    i.pwm_control                            0x08007284   Section        0  pid.o(i.pwm_control)
    i.qToFloat                               0x080072c4   Section        0  bno08x.o(i.qToFloat)
    i.receivePacket                          0x08007330   Section        0  bno08x.o(i.receivePacket)
    i.sendCalibrateCommand                   0x08007384   Section        0  bno08x.o(i.sendCalibrateCommand)
    i.sendCommand                            0x080073e8   Section        0  bno08x.o(i.sendCommand)
    i.sendPacket                             0x08007418   Section        0  bno08x.o(i.sendPacket)
    i.setFeatureCommand                      0x08007478   Section        0  bno08x.o(i.setFeatureCommand)
    i.softReset                              0x080074d4   Section        0  bno08x.o(i.softReset)
    i.sqrt                                   0x0800750c   Section        0  sqrt.o(i.sqrt)
    i.steering_ring                          0x0800757c   Section        0  main.o(i.steering_ring)
    i.track_pid                              0x08007668   Section        0  pid.o(i.track_pid)
    .constdata                               0x080076ac   Section       24  system_stm32f4xx.o(.constdata)
    .constdata                               0x080076c4   Section     1520  oled.o(.constdata)
    .constdata                               0x08007cb8   Section       80  asin.o(.constdata)
    pS                                       0x08007cb8   Data          48  asin.o(.constdata)
    qS                                       0x08007ce8   Data          32  asin.o(.constdata)
    .constdata                               0x08007d08   Section      136  pow.o(.constdata)
    bp                                       0x08007d08   Data          16  pow.o(.constdata)
    dp_h                                     0x08007d18   Data          16  pow.o(.constdata)
    dp_l                                     0x08007d28   Data          16  pow.o(.constdata)
    L                                        0x08007d38   Data          48  pow.o(.constdata)
    P                                        0x08007d68   Data          40  pow.o(.constdata)
    .constdata                               0x08007d90   Section      152  atan.o(.constdata)
    atanhi                                   0x08007d90   Data          32  atan.o(.constdata)
    atanlo                                   0x08007db0   Data          32  atan.o(.constdata)
    aTodd                                    0x08007dd0   Data          40  atan.o(.constdata)
    aTeven                                   0x08007df8   Data          48  atan.o(.constdata)
    .constdata                               0x08007e28   Section        8  qnan.o(.constdata)
    .data                                    0x20000000   Section       92  main.o(.data)
    .data                                    0x2000005c   Section        9  stm32f4xx_hal.o(.data)
    .data                                    0x20000068   Section        4  system_stm32f4xx.o(.data)
    .data                                    0x2000006c   Section      132  bno08x.o(.data)
    .data                                    0x200000f0   Section       19  track.o(.data)
    .data                                    0x20000104   Section        5  pid.o(.data)
    err_last                                 0x20000108   Data           1  pid.o(.data)
    .data                                    0x2000010c   Section        4  stdout.o(.data)
    .data                                    0x20000110   Section        4  errno.o(.data)
    _errno                                   0x20000110   Data           4  errno.o(.data)
    .bss                                     0x20000114   Section      112  main.o(.bss)
    .bss                                     0x20000184   Section       84  i2c.o(.bss)
    .bss                                     0x200001d8   Section      288  tim.o(.bss)
    .bss                                     0x200002f8   Section       72  usart.o(.bss)
    .bss                                     0x20000340   Section      196  bno08x.o(.bss)
    .bss                                     0x20000404   Section      200  vofa.o(.bss)
    STACK                                    0x200004d0   Section     1024  startup_stm32f407xx.o(STACK)

    Global Symbols

    Symbol Name                              Value     Ov Type        Size  Object(Section)

    BuildAttributes$$THM_ISAv4$E$P$D$K$B$S$7EM$VFPi3$EXTD16$VFPS$VFMA$PE$A:L22UL41UL21$X:L11$S22US41US21$IEEE1$IW$USESV6$~STKCKD$USESV7$~SHL$OTIME$ROPI$IEEEX$EBA8$MICROLIB$REQ8$PRES8$EABIv2 0x00000000   Number         0  anon$$obj.o ABSOLUTE
    __ARM_use_no_argv                        0x00000000   Number         0  main.o ABSOLUTE
    _printf_a                                0x00000000   Number         0  stubs.o ABSOLUTE
    _printf_c                                0x00000000   Number         0  stubs.o ABSOLUTE
    _printf_charcount                        0x00000000   Number         0  stubs.o ABSOLUTE
    _printf_d                                0x00000000   Number         0  stubs.o ABSOLUTE
    _printf_e                                0x00000000   Number         0  stubs.o ABSOLUTE
    _printf_f                                0x00000000   Number         0  stubs.o ABSOLUTE
    _printf_flags                            0x00000000   Number         0  stubs.o ABSOLUTE
    _printf_fp_dec                           0x00000000   Number         0  stubs.o ABSOLUTE
    _printf_fp_hex                           0x00000000   Number         0  stubs.o ABSOLUTE
    _printf_g                                0x00000000   Number         0  stubs.o ABSOLUTE
    _printf_i                                0x00000000   Number         0  stubs.o ABSOLUTE
    _printf_int_dec                          0x00000000   Number         0  stubs.o ABSOLUTE
    _printf_l                                0x00000000   Number         0  stubs.o ABSOLUTE
    _printf_lc                               0x00000000   Number         0  stubs.o ABSOLUTE
    _printf_ll                               0x00000000   Number         0  stubs.o ABSOLUTE
    _printf_lld                              0x00000000   Number         0  stubs.o ABSOLUTE
    _printf_lli                              0x00000000   Number         0  stubs.o ABSOLUTE
    _printf_llo                              0x00000000   Number         0  stubs.o ABSOLUTE
    _printf_llu                              0x00000000   Number         0  stubs.o ABSOLUTE
    _printf_llx                              0x00000000   Number         0  stubs.o ABSOLUTE
    _printf_longlong_dec                     0x00000000   Number         0  stubs.o ABSOLUTE
    _printf_longlong_hex                     0x00000000   Number         0  stubs.o ABSOLUTE
    _printf_longlong_oct                     0x00000000   Number         0  stubs.o ABSOLUTE
    _printf_ls                               0x00000000   Number         0  stubs.o ABSOLUTE
    _printf_mbtowc                           0x00000000   Number         0  stubs.o ABSOLUTE
    _printf_n                                0x00000000   Number         0  stubs.o ABSOLUTE
    _printf_o                                0x00000000   Number         0  stubs.o ABSOLUTE
    _printf_p                                0x00000000   Number         0  stubs.o ABSOLUTE
    _printf_percent                          0x00000000   Number         0  stubs.o ABSOLUTE
    _printf_pre_padding                      0x00000000   Number         0  stubs.o ABSOLUTE
    _printf_return_value                     0x00000000   Number         0  stubs.o ABSOLUTE
    _printf_s                                0x00000000   Number         0  stubs.o ABSOLUTE
    _printf_sizespec                         0x00000000   Number         0  stubs.o ABSOLUTE
    _printf_str                              0x00000000   Number         0  stubs.o ABSOLUTE
    _printf_truncate_signed                  0x00000000   Number         0  stubs.o ABSOLUTE
    _printf_truncate_unsigned                0x00000000   Number         0  stubs.o ABSOLUTE
    _printf_u                                0x00000000   Number         0  stubs.o ABSOLUTE
    _printf_wc                               0x00000000   Number         0  stubs.o ABSOLUTE
    _printf_wctomb                           0x00000000   Number         0  stubs.o ABSOLUTE
    _printf_widthprec                        0x00000000   Number         0  stubs.o ABSOLUTE
    _printf_x                                0x00000000   Number         0  stubs.o ABSOLUTE
    __cpp_initialize__aeabi_                  - Undefined Weak Reference
    __cxa_finalize                            - Undefined Weak Reference
    __decompress                              - Undefined Weak Reference
    _clock_init                               - Undefined Weak Reference
    _microlib_exit                            - Undefined Weak Reference
    __Vectors_Size                           0x00000188   Number         0  startup_stm32f407xx.o ABSOLUTE
    __Vectors                                0x08000000   Data           4  startup_stm32f407xx.o(RESET)
    __Vectors_End                            0x08000188   Data           0  startup_stm32f407xx.o(RESET)
    __main                                   0x08000189   Thumb Code     0  entry.o(.ARM.Collect$$$$00000000)
    _main_stk                                0x08000189   Thumb Code     0  entry2.o(.ARM.Collect$$$$00000001)
    _main_scatterload                        0x0800018d   Thumb Code     0  entry5.o(.ARM.Collect$$$$00000004)
    __main_after_scatterload                 0x08000191   Thumb Code     0  entry5.o(.ARM.Collect$$$$00000004)
    _main_clock                              0x08000191   Thumb Code     0  entry7b.o(.ARM.Collect$$$$00000008)
    _main_cpp_init                           0x08000191   Thumb Code     0  entry8b.o(.ARM.Collect$$$$0000000A)
    _main_init                               0x08000191   Thumb Code     0  entry9a.o(.ARM.Collect$$$$0000000B)
    __rt_final_cpp                           0x08000199   Thumb Code     0  entry10a.o(.ARM.Collect$$$$0000000D)
    __rt_final_exit                          0x08000199   Thumb Code     0  entry11a.o(.ARM.Collect$$$$0000000F)
    Reset_Handler                            0x0800019d   Thumb Code     8  startup_stm32f407xx.o(.text)
    ADC_IRQHandler                           0x080001b7   Thumb Code     0  startup_stm32f407xx.o(.text)
    CAN1_RX0_IRQHandler                      0x080001b7   Thumb Code     0  startup_stm32f407xx.o(.text)
    CAN1_RX1_IRQHandler                      0x080001b7   Thumb Code     0  startup_stm32f407xx.o(.text)
    CAN1_SCE_IRQHandler                      0x080001b7   Thumb Code     0  startup_stm32f407xx.o(.text)
    CAN1_TX_IRQHandler                       0x080001b7   Thumb Code     0  startup_stm32f407xx.o(.text)
    CAN2_RX0_IRQHandler                      0x080001b7   Thumb Code     0  startup_stm32f407xx.o(.text)
    CAN2_RX1_IRQHandler                      0x080001b7   Thumb Code     0  startup_stm32f407xx.o(.text)
    CAN2_SCE_IRQHandler                      0x080001b7   Thumb Code     0  startup_stm32f407xx.o(.text)
    CAN2_TX_IRQHandler                       0x080001b7   Thumb Code     0  startup_stm32f407xx.o(.text)
    DCMI_IRQHandler                          0x080001b7   Thumb Code     0  startup_stm32f407xx.o(.text)
    DMA1_Stream0_IRQHandler                  0x080001b7   Thumb Code     0  startup_stm32f407xx.o(.text)
    DMA1_Stream1_IRQHandler                  0x080001b7   Thumb Code     0  startup_stm32f407xx.o(.text)
    DMA1_Stream2_IRQHandler                  0x080001b7   Thumb Code     0  startup_stm32f407xx.o(.text)
    DMA1_Stream3_IRQHandler                  0x080001b7   Thumb Code     0  startup_stm32f407xx.o(.text)
    DMA1_Stream4_IRQHandler                  0x080001b7   Thumb Code     0  startup_stm32f407xx.o(.text)
    DMA1_Stream5_IRQHandler                  0x080001b7   Thumb Code     0  startup_stm32f407xx.o(.text)
    DMA1_Stream6_IRQHandler                  0x080001b7   Thumb Code     0  startup_stm32f407xx.o(.text)
    DMA1_Stream7_IRQHandler                  0x080001b7   Thumb Code     0  startup_stm32f407xx.o(.text)
    DMA2_Stream0_IRQHandler                  0x080001b7   Thumb Code     0  startup_stm32f407xx.o(.text)
    DMA2_Stream1_IRQHandler                  0x080001b7   Thumb Code     0  startup_stm32f407xx.o(.text)
    DMA2_Stream2_IRQHandler                  0x080001b7   Thumb Code     0  startup_stm32f407xx.o(.text)
    DMA2_Stream3_IRQHandler                  0x080001b7   Thumb Code     0  startup_stm32f407xx.o(.text)
    DMA2_Stream4_IRQHandler                  0x080001b7   Thumb Code     0  startup_stm32f407xx.o(.text)
    DMA2_Stream5_IRQHandler                  0x080001b7   Thumb Code     0  startup_stm32f407xx.o(.text)
    DMA2_Stream6_IRQHandler                  0x080001b7   Thumb Code     0  startup_stm32f407xx.o(.text)
    DMA2_Stream7_IRQHandler                  0x080001b7   Thumb Code     0  startup_stm32f407xx.o(.text)
    ETH_IRQHandler                           0x080001b7   Thumb Code     0  startup_stm32f407xx.o(.text)
    ETH_WKUP_IRQHandler                      0x080001b7   Thumb Code     0  startup_stm32f407xx.o(.text)
    EXTI0_IRQHandler                         0x080001b7   Thumb Code     0  startup_stm32f407xx.o(.text)
    EXTI15_10_IRQHandler                     0x080001b7   Thumb Code     0  startup_stm32f407xx.o(.text)
    EXTI1_IRQHandler                         0x080001b7   Thumb Code     0  startup_stm32f407xx.o(.text)
    EXTI2_IRQHandler                         0x080001b7   Thumb Code     0  startup_stm32f407xx.o(.text)
    EXTI3_IRQHandler                         0x080001b7   Thumb Code     0  startup_stm32f407xx.o(.text)
    EXTI4_IRQHandler                         0x080001b7   Thumb Code     0  startup_stm32f407xx.o(.text)
    EXTI9_5_IRQHandler                       0x080001b7   Thumb Code     0  startup_stm32f407xx.o(.text)
    FLASH_IRQHandler                         0x080001b7   Thumb Code     0  startup_stm32f407xx.o(.text)
    FMC_IRQHandler                           0x080001b7   Thumb Code     0  startup_stm32f407xx.o(.text)
    FPU_IRQHandler                           0x080001b7   Thumb Code     0  startup_stm32f407xx.o(.text)
    HASH_RNG_IRQHandler                      0x080001b7   Thumb Code     0  startup_stm32f407xx.o(.text)
    I2C1_ER_IRQHandler                       0x080001b7   Thumb Code     0  startup_stm32f407xx.o(.text)
    I2C1_EV_IRQHandler                       0x080001b7   Thumb Code     0  startup_stm32f407xx.o(.text)
    I2C2_ER_IRQHandler                       0x080001b7   Thumb Code     0  startup_stm32f407xx.o(.text)
    I2C2_EV_IRQHandler                       0x080001b7   Thumb Code     0  startup_stm32f407xx.o(.text)
    I2C3_ER_IRQHandler                       0x080001b7   Thumb Code     0  startup_stm32f407xx.o(.text)
    I2C3_EV_IRQHandler                       0x080001b7   Thumb Code     0  startup_stm32f407xx.o(.text)
    OTG_FS_IRQHandler                        0x080001b7   Thumb Code     0  startup_stm32f407xx.o(.text)
    OTG_FS_WKUP_IRQHandler                   0x080001b7   Thumb Code     0  startup_stm32f407xx.o(.text)
    OTG_HS_EP1_IN_IRQHandler                 0x080001b7   Thumb Code     0  startup_stm32f407xx.o(.text)
    OTG_HS_EP1_OUT_IRQHandler                0x080001b7   Thumb Code     0  startup_stm32f407xx.o(.text)
    OTG_HS_IRQHandler                        0x080001b7   Thumb Code     0  startup_stm32f407xx.o(.text)
    OTG_HS_WKUP_IRQHandler                   0x080001b7   Thumb Code     0  startup_stm32f407xx.o(.text)
    PVD_IRQHandler                           0x080001b7   Thumb Code     0  startup_stm32f407xx.o(.text)
    RCC_IRQHandler                           0x080001b7   Thumb Code     0  startup_stm32f407xx.o(.text)
    RTC_Alarm_IRQHandler                     0x080001b7   Thumb Code     0  startup_stm32f407xx.o(.text)
    RTC_WKUP_IRQHandler                      0x080001b7   Thumb Code     0  startup_stm32f407xx.o(.text)
    SDIO_IRQHandler                          0x080001b7   Thumb Code     0  startup_stm32f407xx.o(.text)
    SPI1_IRQHandler                          0x080001b7   Thumb Code     0  startup_stm32f407xx.o(.text)
    SPI2_IRQHandler                          0x080001b7   Thumb Code     0  startup_stm32f407xx.o(.text)
    SPI3_IRQHandler                          0x080001b7   Thumb Code     0  startup_stm32f407xx.o(.text)
    TAMP_STAMP_IRQHandler                    0x080001b7   Thumb Code     0  startup_stm32f407xx.o(.text)
    TIM1_BRK_TIM9_IRQHandler                 0x080001b7   Thumb Code     0  startup_stm32f407xx.o(.text)
    TIM1_CC_IRQHandler                       0x080001b7   Thumb Code     0  startup_stm32f407xx.o(.text)
    TIM1_TRG_COM_TIM11_IRQHandler            0x080001b7   Thumb Code     0  startup_stm32f407xx.o(.text)
    TIM1_UP_TIM10_IRQHandler                 0x080001b7   Thumb Code     0  startup_stm32f407xx.o(.text)
    TIM2_IRQHandler                          0x080001b7   Thumb Code     0  startup_stm32f407xx.o(.text)
    TIM3_IRQHandler                          0x080001b7   Thumb Code     0  startup_stm32f407xx.o(.text)
    TIM5_IRQHandler                          0x080001b7   Thumb Code     0  startup_stm32f407xx.o(.text)
    TIM6_DAC_IRQHandler                      0x080001b7   Thumb Code     0  startup_stm32f407xx.o(.text)
    TIM7_IRQHandler                          0x080001b7   Thumb Code     0  startup_stm32f407xx.o(.text)
    TIM8_BRK_TIM12_IRQHandler                0x080001b7   Thumb Code     0  startup_stm32f407xx.o(.text)
    TIM8_CC_IRQHandler                       0x080001b7   Thumb Code     0  startup_stm32f407xx.o(.text)
    TIM8_TRG_COM_TIM14_IRQHandler            0x080001b7   Thumb Code     0  startup_stm32f407xx.o(.text)
    TIM8_UP_TIM13_IRQHandler                 0x080001b7   Thumb Code     0  startup_stm32f407xx.o(.text)
    UART4_IRQHandler                         0x080001b7   Thumb Code     0  startup_stm32f407xx.o(.text)
    UART5_IRQHandler                         0x080001b7   Thumb Code     0  startup_stm32f407xx.o(.text)
    USART2_IRQHandler                        0x080001b7   Thumb Code     0  startup_stm32f407xx.o(.text)
    USART3_IRQHandler                        0x080001b7   Thumb Code     0  startup_stm32f407xx.o(.text)
    USART6_IRQHandler                        0x080001b7   Thumb Code     0  startup_stm32f407xx.o(.text)
    WWDG_IRQHandler                          0x080001b7   Thumb Code     0  startup_stm32f407xx.o(.text)
    __aeabi_uldivmod                         0x080001c1   Thumb Code    98  uldiv.o(.text)
    __aeabi_memset                           0x08000223   Thumb Code    14  memseta.o(.text)
    __aeabi_memset4                          0x08000223   Thumb Code     0  memseta.o(.text)
    __aeabi_memset8                          0x08000223   Thumb Code     0  memseta.o(.text)
    __aeabi_memclr                           0x08000231   Thumb Code     4  memseta.o(.text)
    __aeabi_memclr4                          0x08000231   Thumb Code     0  memseta.o(.text)
    __aeabi_memclr8                          0x08000231   Thumb Code     0  memseta.o(.text)
    _memset$wrapper                          0x08000235   Thumb Code    18  memseta.o(.text)
    strlen                                   0x08000247   Thumb Code    14  strlen.o(.text)
    __aeabi_dadd                             0x08000255   Thumb Code   322  dadd.o(.text)
    __aeabi_dsub                             0x08000397   Thumb Code     6  dadd.o(.text)
    __aeabi_drsub                            0x0800039d   Thumb Code     6  dadd.o(.text)
    __aeabi_dmul                             0x080003a3   Thumb Code   228  dmul.o(.text)
    __aeabi_i2d                              0x08000487   Thumb Code    34  dflti.o(.text)
    __aeabi_f2d                              0x080004a9   Thumb Code    38  f2d.o(.text)
    __aeabi_d2f                              0x080004cf   Thumb Code    56  d2f.o(.text)
    __aeabi_uidiv                            0x08000507   Thumb Code     0  uidiv.o(.text)
    __aeabi_uidivmod                         0x08000507   Thumb Code    44  uidiv.o(.text)
    __aeabi_llsl                             0x08000533   Thumb Code    30  llshl.o(.text)
    _ll_shift_l                              0x08000533   Thumb Code     0  llshl.o(.text)
    __aeabi_llsr                             0x08000551   Thumb Code    32  llushr.o(.text)
    _ll_ushift_r                             0x08000551   Thumb Code     0  llushr.o(.text)
    __aeabi_lasr                             0x08000571   Thumb Code    36  llsshr.o(.text)
    _ll_sshift_r                             0x08000571   Thumb Code     0  llsshr.o(.text)
    __I$use$fp                               0x08000595   Thumb Code     0  iusefp.o(.text)
    _float_round                             0x08000595   Thumb Code    18  fepilogue.o(.text)
    _float_epilogue                          0x080005a7   Thumb Code    92  fepilogue.o(.text)
    _double_round                            0x08000603   Thumb Code    30  depilogue.o(.text)
    _double_epilogue                         0x08000621   Thumb Code   156  depilogue.o(.text)
    __aeabi_ddiv                             0x080006bd   Thumb Code   222  ddiv.o(.text)
    __ARM_scalbn                             0x0800079b   Thumb Code    46  dscalb.o(.text)
    scalbn                                   0x0800079b   Thumb Code     0  dscalb.o(.text)
    __aeabi_d2ulz                            0x080007c9   Thumb Code    48  dfixul.o(.text)
    __aeabi_cdrcmple                         0x080007f9   Thumb Code    48  cdrcmple.o(.text)
    __scatterload                            0x08000829   Thumb Code    28  init.o(.text)
    __scatterload_rt2                        0x08000829   Thumb Code     0  init.o(.text)
    _dsqrt                                   0x0800084d   Thumb Code   162  dsqrt.o(.text)
    Angle_out                                0x080008f1   Thumb Code   172  main.o(i.Angle_out)
    BusFault_Handler                         0x080009bd   Thumb Code     4  stm32f4xx_it.o(i.BusFault_Handler)
    DebugMon_Handler                         0x080009c1   Thumb Code     2  stm32f4xx_it.o(i.DebugMon_Handler)
    Error_Handler                            0x080009c3   Thumb Code     6  main.o(i.Error_Handler)
    Get_Data                                 0x080009c9   Thumb Code   344  vofa.o(i.Get_Data)
    HAL_DMA_Abort                            0x08000b31   Thumb Code   172  stm32f4xx_hal_dma.o(i.HAL_DMA_Abort)
    HAL_DMA_Abort_IT                         0x08000bdd   Thumb Code    40  stm32f4xx_hal_dma.o(i.HAL_DMA_Abort_IT)
    HAL_Delay                                0x08000c05   Thumb Code    36  stm32f4xx_hal.o(i.HAL_Delay)
    HAL_GPIO_Init                            0x08000c2d   Thumb Code   454  stm32f4xx_hal_gpio.o(i.HAL_GPIO_Init)
    HAL_GPIO_ReadPin                         0x08000e21   Thumb Code    16  stm32f4xx_hal_gpio.o(i.HAL_GPIO_ReadPin)
    HAL_GPIO_WritePin                        0x08000e31   Thumb Code    12  stm32f4xx_hal_gpio.o(i.HAL_GPIO_WritePin)
    HAL_GetTick                              0x08000e3d   Thumb Code     6  stm32f4xx_hal.o(i.HAL_GetTick)
    HAL_I2C_Init                             0x08000e49   Thumb Code   446  stm32f4xx_hal_i2c.o(i.HAL_I2C_Init)
    HAL_I2C_Master_Receive                   0x08001019   Thumb Code   766  stm32f4xx_hal_i2c.o(i.HAL_I2C_Master_Receive)
    HAL_I2C_Master_Transmit                  0x08001325   Thumb Code   360  stm32f4xx_hal_i2c.o(i.HAL_I2C_Master_Transmit)
    HAL_I2C_MspInit                          0x08001495   Thumb Code   122  i2c.o(i.HAL_I2C_MspInit)
    HAL_IncTick                              0x0800151d   Thumb Code    16  stm32f4xx_hal.o(i.HAL_IncTick)
    HAL_Init                                 0x08001535   Thumb Code    54  stm32f4xx_hal.o(i.HAL_Init)
    HAL_InitTick                             0x08001571   Thumb Code    64  stm32f4xx_hal.o(i.HAL_InitTick)
    HAL_MspInit                              0x080015bd   Thumb Code    68  stm32f4xx_hal_msp.o(i.HAL_MspInit)
    HAL_NVIC_EnableIRQ                       0x08001605   Thumb Code    40  stm32f4xx_hal_cortex.o(i.HAL_NVIC_EnableIRQ)
    HAL_NVIC_SetPriority                     0x0800162d   Thumb Code   124  stm32f4xx_hal_cortex.o(i.HAL_NVIC_SetPriority)
    HAL_NVIC_SetPriorityGrouping             0x080016a9   Thumb Code    32  stm32f4xx_hal_cortex.o(i.HAL_NVIC_SetPriorityGrouping)
    HAL_RCC_ClockConfig                      0x080016d1   Thumb Code   368  stm32f4xx_hal_rcc.o(i.HAL_RCC_ClockConfig)
    HAL_RCC_GetHCLKFreq                      0x08001855   Thumb Code     6  stm32f4xx_hal_rcc.o(i.HAL_RCC_GetHCLKFreq)
    HAL_RCC_GetPCLK1Freq                     0x08001861   Thumb Code    22  stm32f4xx_hal_rcc.o(i.HAL_RCC_GetPCLK1Freq)
    HAL_RCC_GetPCLK2Freq                     0x08001881   Thumb Code    22  stm32f4xx_hal_rcc.o(i.HAL_RCC_GetPCLK2Freq)
    HAL_RCC_GetSysClockFreq                  0x080018a1   Thumb Code   162  stm32f4xx_hal_rcc.o(i.HAL_RCC_GetSysClockFreq)
    HAL_RCC_OscConfig                        0x08001951   Thumb Code  1172  stm32f4xx_hal_rcc.o(i.HAL_RCC_OscConfig)
    HAL_SYSTICK_Config                       0x08001ded   Thumb Code    52  stm32f4xx_hal_cortex.o(i.HAL_SYSTICK_Config)
    HAL_Serial_SendArray                     0x08001e21   Thumb Code    24  vofa.o(i.HAL_Serial_SendArray)
    HAL_TIMEx_BreakCallback                  0x08001e39   Thumb Code     2  stm32f4xx_hal_tim_ex.o(i.HAL_TIMEx_BreakCallback)
    HAL_TIMEx_CommutCallback                 0x08001e3b   Thumb Code     2  stm32f4xx_hal_tim_ex.o(i.HAL_TIMEx_CommutCallback)
    HAL_TIMEx_ConfigBreakDeadTime            0x08001e3d   Thumb Code   116  stm32f4xx_hal_tim_ex.o(i.HAL_TIMEx_ConfigBreakDeadTime)
    HAL_TIMEx_MasterConfigSynchronization    0x08001eb1   Thumb Code   150  stm32f4xx_hal_tim_ex.o(i.HAL_TIMEx_MasterConfigSynchronization)
    HAL_TIM_Base_Init                        0x08001f65   Thumb Code   102  stm32f4xx_hal_tim.o(i.HAL_TIM_Base_Init)
    HAL_TIM_Base_MspInit                     0x08001fcd   Thumb Code    62  tim.o(i.HAL_TIM_Base_MspInit)
    HAL_TIM_Base_Start_IT                    0x08002015   Thumb Code   138  stm32f4xx_hal_tim.o(i.HAL_TIM_Base_Start_IT)
    HAL_TIM_ConfigClockSource                0x080020bd   Thumb Code   268  stm32f4xx_hal_tim.o(i.HAL_TIM_ConfigClockSource)
    HAL_TIM_Encoder_Init                     0x080021c9   Thumb Code   200  stm32f4xx_hal_tim.o(i.HAL_TIM_Encoder_Init)
    HAL_TIM_Encoder_MspInit                  0x08002291   Thumb Code   284  tim.o(i.HAL_TIM_Encoder_MspInit)
    HAL_TIM_Encoder_Start                    0x080023bd   Thumb Code   204  stm32f4xx_hal_tim.o(i.HAL_TIM_Encoder_Start)
    HAL_TIM_IC_CaptureCallback               0x08002489   Thumb Code     2  stm32f4xx_hal_tim.o(i.HAL_TIM_IC_CaptureCallback)
    HAL_TIM_IRQHandler                       0x0800248b   Thumb Code   364  stm32f4xx_hal_tim.o(i.HAL_TIM_IRQHandler)
    HAL_TIM_MspPostInit                      0x080025f9   Thumb Code    86  tim.o(i.HAL_TIM_MspPostInit)
    HAL_TIM_OC_DelayElapsedCallback          0x0800265d   Thumb Code     2  stm32f4xx_hal_tim.o(i.HAL_TIM_OC_DelayElapsedCallback)
    HAL_TIM_PWM_ConfigChannel                0x0800265f   Thumb Code   260  stm32f4xx_hal_tim.o(i.HAL_TIM_PWM_ConfigChannel)
    HAL_TIM_PWM_Init                         0x08002763   Thumb Code   102  stm32f4xx_hal_tim.o(i.HAL_TIM_PWM_Init)
    HAL_TIM_PWM_MspInit                      0x080027c9   Thumb Code    44  tim.o(i.HAL_TIM_PWM_MspInit)
    HAL_TIM_PWM_PulseFinishedCallback        0x080027fd   Thumb Code     2  stm32f4xx_hal_tim.o(i.HAL_TIM_PWM_PulseFinishedCallback)
    HAL_TIM_PWM_Start                        0x08002801   Thumb Code   238  stm32f4xx_hal_tim.o(i.HAL_TIM_PWM_Start)
    HAL_TIM_PeriodElapsedCallback            0x0800290d   Thumb Code   536  main.o(i.HAL_TIM_PeriodElapsedCallback)
    HAL_TIM_TriggerCallback                  0x08002b5d   Thumb Code     2  stm32f4xx_hal_tim.o(i.HAL_TIM_TriggerCallback)
    HAL_UARTEx_RxEventCallback               0x08002b5f   Thumb Code     2  stm32f4xx_hal_uart.o(i.HAL_UARTEx_RxEventCallback)
    HAL_UART_ErrorCallback                   0x08002b61   Thumb Code     2  stm32f4xx_hal_uart.o(i.HAL_UART_ErrorCallback)
    HAL_UART_IRQHandler                      0x08002b65   Thumb Code   740  stm32f4xx_hal_uart.o(i.HAL_UART_IRQHandler)
    HAL_UART_Init                            0x08002e4d   Thumb Code   118  stm32f4xx_hal_uart.o(i.HAL_UART_Init)
    HAL_UART_MspInit                         0x08002ec5   Thumb Code   140  usart.o(i.HAL_UART_MspInit)
    HAL_UART_Receive_IT                      0x08002f5d   Thumb Code    44  stm32f4xx_hal_uart.o(i.HAL_UART_Receive_IT)
    HAL_UART_RxCpltCallback                  0x08002f89   Thumb Code   116  main.o(i.HAL_UART_RxCpltCallback)
    HAL_UART_Transmit                        0x08003039   Thumb Code   190  stm32f4xx_hal_uart.o(i.HAL_UART_Transmit)
    HAL_UART_TxCpltCallback                  0x080030f7   Thumb Code     2  stm32f4xx_hal_uart.o(i.HAL_UART_TxCpltCallback)
    HardFault_Handler                        0x080030f9   Thumb Code     4  stm32f4xx_it.o(i.HardFault_Handler)
    Load                                     0x08003645   Thumb Code   132  motor.o(i.Load)
    MX_GPIO_Init                             0x080036d1   Thumb Code   392  gpio.o(i.MX_GPIO_Init)
    MX_I2C1_Init                             0x08003871   Thumb Code    48  i2c.o(i.MX_I2C1_Init)
    MX_TIM1_Init                             0x080038ad   Thumb Code   182  tim.o(i.MX_TIM1_Init)
    MX_TIM2_Init                             0x0800396d   Thumb Code   114  tim.o(i.MX_TIM2_Init)
    MX_TIM3_Init                             0x080039e5   Thumb Code   114  tim.o(i.MX_TIM3_Init)
    MX_TIM4_Init                             0x08003a61   Thumb Code   100  tim.o(i.MX_TIM4_Init)
    MX_USART1_UART_Init                      0x08003acd   Thumb Code    46  usart.o(i.MX_USART1_UART_Init)
    MemManage_Handler                        0x08003b05   Thumb Code     4  stm32f4xx_it.o(i.MemManage_Handler)
    NMI_Handler                              0x08003b09   Thumb Code     4  stm32f4xx_it.o(i.NMI_Handler)
    OLED_Clear                               0x08003b0d   Thumb Code    42  oled.o(i.OLED_Clear)
    OLED_I2C_Init                            0x08003b39   Thumb Code    80  oled.o(i.OLED_I2C_Init)
    OLED_I2C_SendByte                        0x08003b91   Thumb Code   110  oled.o(i.OLED_I2C_SendByte)
    OLED_I2C_Start                           0x08003c05   Thumb Code    72  oled.o(i.OLED_I2C_Start)
    OLED_I2C_Stop                            0x08003c51   Thumb Code    54  oled.o(i.OLED_I2C_Stop)
    OLED_Init                                0x08003c8d   Thumb Code   182  oled.o(i.OLED_Init)
    OLED_Pow                                 0x08003d43   Thumb Code    20  oled.o(i.OLED_Pow)
    OLED_SetCursor                           0x08003d57   Thumb Code    34  oled.o(i.OLED_SetCursor)
    OLED_ShowChar                            0x08003d79   Thumb Code   110  oled.o(i.OLED_ShowChar)
    OLED_ShowSignedNum                       0x08003ded   Thumb Code   102  oled.o(i.OLED_ShowSignedNum)
    OLED_ShowString                          0x08003e53   Thumb Code    40  oled.o(i.OLED_ShowString)
    OLED_WriteCommand                        0x08003e7b   Thumb Code    32  oled.o(i.OLED_WriteCommand)
    OLED_WriteData                           0x08003e9b   Thumb Code    32  oled.o(i.OLED_WriteData)
    PendSV_Handler                           0x08003ebb   Thumb Code     2  stm32f4xx_it.o(i.PendSV_Handler)
    Read                                     0x08003ebd   Thumb Code    52  main.o(i.Read)
    ReadNbyte                                0x08003f01   Thumb Code    26  bno08x.o(i.ReadNbyte)
    Read_Speed                               0x08003f21   Thumb Code    16  encoter.o(i.Read_Speed)
    SVC_Handler                              0x08003f31   Thumb Code     2  stm32f4xx_it.o(i.SVC_Handler)
    SendDataToVOFA                           0x08003f35   Thumb Code    70  vofa.o(i.SendDataToVOFA)
    SysTick_Handler                          0x08003f8d   Thumb Code     8  stm32f4xx_it.o(i.SysTick_Handler)
    SystemClock_Config                       0x08003f95   Thumb Code   174  main.o(i.SystemClock_Config)
    SystemInit                               0x0800404d   Thumb Code    14  system_stm32f4xx.o(i.SystemInit)
    TIM4_IRQHandler                          0x08004061   Thumb Code    10  stm32f4xx_it.o(i.TIM4_IRQHandler)
    TIM_Base_SetConfig                       0x08004071   Thumb Code   186  stm32f4xx_hal_tim.o(i.TIM_Base_SetConfig)
    TIM_CCxChannelCmd                        0x08004159   Thumb Code    34  stm32f4xx_hal_tim.o(i.TIM_CCxChannelCmd)
    TIM_ETR_SetConfig                        0x0800417b   Thumb Code    22  stm32f4xx_hal_tim.o(i.TIM_ETR_SetConfig)
    TIM_OC2_SetConfig                        0x08004215   Thumb Code   114  stm32f4xx_hal_tim.o(i.TIM_OC2_SetConfig)
    Track_follow                             0x080043ad   Thumb Code   310  track.o(i.Track_follow)
    Track_ring                               0x08004501   Thumb Code   180  main.o(i.Track_ring)
    UART_Start_Receive_IT                    0x080049a1   Thumb Code    64  stm32f4xx_hal_uart.o(i.UART_Start_Receive_IT)
    USART1_IRQHandler                        0x08004acd   Thumb Code    10  stm32f4xx_it.o(i.USART1_IRQHandler)
    USART_PID_Adjust                         0x08004add   Thumb Code   240  vofa.o(i.USART_PID_Adjust)
    UsageFault_Handler                       0x08004be1   Thumb Code     4  stm32f4xx_it.o(i.UsageFault_Handler)
    WriteNbyte                               0x08004be5   Thumb Code    26  bno08x.o(i.WriteNbyte)
    __0printf                                0x08004c05   Thumb Code    22  printfa.o(i.__0printf)
    __1printf                                0x08004c05   Thumb Code     0  printfa.o(i.__0printf)
    __2printf                                0x08004c05   Thumb Code     0  printfa.o(i.__0printf)
    __c89printf                              0x08004c05   Thumb Code     0  printfa.o(i.__0printf)
    printf                                   0x08004c05   Thumb Code     0  printfa.o(i.__0printf)
    __0sprintf                               0x08004c25   Thumb Code    34  printfa.o(i.__0sprintf)
    __1sprintf                               0x08004c25   Thumb Code     0  printfa.o(i.__0sprintf)
    __2sprintf                               0x08004c25   Thumb Code     0  printfa.o(i.__0sprintf)
    __c89sprintf                             0x08004c25   Thumb Code     0  printfa.o(i.__0sprintf)
    sprintf                                  0x08004c25   Thumb Code     0  printfa.o(i.__0sprintf)
    __ARM_fpclassify                         0x08004c4d   Thumb Code    48  fpclassify.o(i.__ARM_fpclassify)
    __hardfp_asin                            0x08004cb9   Thumb Code   770  asin.o(i.__hardfp_asin)
    __hardfp_atan                            0x08005019   Thumb Code   622  atan.o(i.__hardfp_atan)
    __hardfp_atan2                           0x080052f1   Thumb Code   432  atan2.o(i.__hardfp_atan2)
    __hardfp_pow                             0x080054e1   Thumb Code  3072  pow.o(i.__hardfp_pow)
    __kernel_poly                            0x08006131   Thumb Code   248  poly.o(i.__kernel_poly)
    __mathlib_dbl_divzero                    0x08006229   Thumb Code    28  dunder.o(i.__mathlib_dbl_divzero)
    __mathlib_dbl_infnan                     0x08006259   Thumb Code    20  dunder.o(i.__mathlib_dbl_infnan)
    __mathlib_dbl_infnan2                    0x0800626d   Thumb Code    20  dunder.o(i.__mathlib_dbl_infnan2)
    __mathlib_dbl_invalid                    0x08006281   Thumb Code    24  dunder.o(i.__mathlib_dbl_invalid)
    __mathlib_dbl_overflow                   0x080062a1   Thumb Code    24  dunder.o(i.__mathlib_dbl_overflow)
    __mathlib_dbl_underflow                  0x080062c1   Thumb Code    24  dunder.o(i.__mathlib_dbl_underflow)
    __scatterload_copy                       0x080062e1   Thumb Code    14  handlers.o(i.__scatterload_copy)
    __scatterload_null                       0x080062ef   Thumb Code     2  handlers.o(i.__scatterload_null)
    __scatterload_zeroinit                   0x080062f1   Thumb Code    14  handlers.o(i.__scatterload_zeroinit)
    __set_errno                              0x08006301   Thumb Code     6  errno.o(i.__set_errno)
    atan                                     0x08006bc9   Thumb Code    16  atan.o(i.atan)
    calibrateAll                             0x08006bd9   Thumb Code    10  bno08x.o(i.calibrateAll)
    dataAvailable                            0x08006be5   Thumb Code    38  bno08x.o(i.dataAvailable)
    delay_us                                 0x08006c15   Thumb Code    90  delay.o(i.delay_us)
    enableAccelerometer                      0x08006c75   Thumb Code    16  bno08x.o(i.enableAccelerometer)
    enableGameRotationVector                 0x08006c85   Thumb Code    16  bno08x.o(i.enableGameRotationVector)
    enableGyro                               0x08006c95   Thumb Code    16  bno08x.o(i.enableGyro)
    enableLinearAccelerometer                0x08006ca5   Thumb Code    16  bno08x.o(i.enableLinearAccelerometer)
    enableMagnetometer                       0x08006cb5   Thumb Code    16  bno08x.o(i.enableMagnetometer)
    enableRotationVector                     0x08006cc5   Thumb Code    16  bno08x.o(i.enableRotationVector)
    enableStabilityClassifier                0x08006cd5   Thumb Code    16  bno08x.o(i.enableStabilityClassifier)
    enableStepCounter                        0x08006ce5   Thumb Code    16  bno08x.o(i.enableStepCounter)
    fabs                                     0x08006cf5   Thumb Code    24  fabs.o(i.fabs)
    fputc                                    0x08006d0d   Thumb Code    22  stm32f4xx_hal.o(i.fputc)
    getData                                  0x08006d29   Thumb Code    80  bno08x.o(i.getData)
    getQuatI                                 0x08006d81   Thumb Code    34  bno08x.o(i.getQuatI)
    getQuatJ                                 0x08006dad   Thumb Code    34  bno08x.o(i.getQuatJ)
    getQuatK                                 0x08006dd9   Thumb Code    34  bno08x.o(i.getQuatK)
    getQuatReal                              0x08006e05   Thumb Code    34  bno08x.o(i.getQuatReal)
    main                                     0x08006e31   Thumb Code   250  main.o(i.main)
    parseInputReport                         0x08006f75   Thumb Code   568  bno08x.o(i.parseInputReport)
    pid1                                     0x0800721d   Thumb Code   100  pid.o(i.pid1)
    pwm_control                              0x08007285   Thumb Code    54  pid.o(i.pwm_control)
    qToFloat                                 0x080072c5   Thumb Code    98  bno08x.o(i.qToFloat)
    receivePacket                            0x08007331   Thumb Code    74  bno08x.o(i.receivePacket)
    sendCalibrateCommand                     0x08007385   Thumb Code    96  bno08x.o(i.sendCalibrateCommand)
    sendCommand                              0x080073e9   Thumb Code    40  bno08x.o(i.sendCommand)
    sendPacket                               0x08007419   Thumb Code    82  bno08x.o(i.sendPacket)
    setFeatureCommand                        0x08007479   Thumb Code    86  bno08x.o(i.setFeatureCommand)
    softReset                                0x080074d5   Thumb Code    50  bno08x.o(i.softReset)
    sqrt                                     0x0800750d   Thumb Code   110  sqrt.o(i.sqrt)
    steering_ring                            0x0800757d   Thumb Code   204  main.o(i.steering_ring)
    track_pid                                0x08007669   Thumb Code    64  pid.o(i.track_pid)
    AHBPrescTable                            0x080076ac   Data          16  system_stm32f4xx.o(.constdata)
    APBPrescTable                            0x080076bc   Data           8  system_stm32f4xx.o(.constdata)
    OLED_F8x16                               0x080076c4   Data        1520  oled.o(.constdata)
    __mathlib_zero                           0x08007e28   Data           8  qnan.o(.constdata)
    Region$$Table$$Base                      0x08007e30   Number         0  anon$$obj.o(Region$$Table)
    Region$$Table$$Limit                     0x08007e50   Number         0  anon$$obj.o(Region$$Table)
    RxBuffer                                 0x20000000   Data           1  main.o(.data)
    RxLine                                   0x20000001   Data           1  main.o(.data)
    InitOK                                   0x20000002   Data           1  main.o(.data)
    flag                                     0x20000004   Data           2  main.o(.data)
    straight_right                           0x20000006   Data           2  main.o(.data)
    straight_left                            0x20000008   Data           2  main.o(.data)
    pid_turn                                 0x2000000a   Data           2  main.o(.data)
    track_turn                               0x2000000c   Data           2  main.o(.data)
    track_left                               0x2000000e   Data           2  main.o(.data)
    track_right                              0x20000010   Data           2  main.o(.data)
    sys_tick                                 0x20000014   Data           4  main.o(.data)
    Encoder1                                 0x20000018   Data           4  main.o(.data)
    Encoder2                                 0x2000001c   Data           4  main.o(.data)
    left                                     0x20000020   Data           2  main.o(.data)
    right                                    0x20000022   Data           2  main.o(.data)
    left_last                                0x20000024   Data           2  main.o(.data)
    right_last                               0x20000026   Data           2  main.o(.data)
    L_Target_Position                        0x20000028   Data           2  main.o(.data)
    L_Target_Speed                           0x2000002a   Data           2  main.o(.data)
    yaww                                     0x2000002c   Data           4  main.o(.data)
    yawl                                     0x20000030   Data           4  main.o(.data)
    yaw_init                                 0x20000034   Data           4  main.o(.data)
    yaw_out                                  0x20000038   Data           4  main.o(.data)
    Init_Angle_Flag                          0x2000003c   Data           4  main.o(.data)
    q0                                       0x20000040   Data           4  main.o(.data)
    q1                                       0x20000044   Data           4  main.o(.data)
    q2                                       0x20000048   Data           4  main.o(.data)
    q3                                       0x2000004c   Data           4  main.o(.data)
    roll                                     0x20000050   Data           4  main.o(.data)
    pitch                                    0x20000054   Data           4  main.o(.data)
    yaw                                      0x20000058   Data           4  main.o(.data)
    uwTick                                   0x2000005c   Data           4  stm32f4xx_hal.o(.data)
    uwTickPrio                               0x20000060   Data           4  stm32f4xx_hal.o(.data)
    uwTickFreq                               0x20000064   Data           1  stm32f4xx_hal.o(.data)
    SystemCoreClock                          0x20000068   Data           4  system_stm32f4xx.o(.data)
    shtpHeader                               0x2000006c   Data           4  bno08x.o(.data)
    sequenceNumber                           0x20000070   Data           6  bno08x.o(.data)
    commandSequenceNumber                    0x20000076   Data           1  bno08x.o(.data)
    _deviceAddress                           0x20000077   Data           1  bno08x.o(.data)
    rawAccelX                                0x20000078   Data           4  bno08x.o(.data)
    rawAccelY                                0x2000007c   Data           4  bno08x.o(.data)
    rawAccelZ                                0x20000080   Data           4  bno08x.o(.data)
    accelAccuracy                            0x20000084   Data           4  bno08x.o(.data)
    rawLinAccelX                             0x20000088   Data           4  bno08x.o(.data)
    rawLinAccelY                             0x2000008c   Data           4  bno08x.o(.data)
    rawLinAccelZ                             0x20000090   Data           4  bno08x.o(.data)
    accelLinAccuracy                         0x20000094   Data           4  bno08x.o(.data)
    rawGyroX                                 0x20000098   Data           4  bno08x.o(.data)
    rawGyroY                                 0x2000009c   Data           4  bno08x.o(.data)
    rawGyroZ                                 0x200000a0   Data           4  bno08x.o(.data)
    gyroAccuracy                             0x200000a4   Data           4  bno08x.o(.data)
    rawMagX                                  0x200000a8   Data           4  bno08x.o(.data)
    rawMagY                                  0x200000ac   Data           4  bno08x.o(.data)
    rawMagZ                                  0x200000b0   Data           4  bno08x.o(.data)
    magAccuracy                              0x200000b4   Data           4  bno08x.o(.data)
    rawQuatI                                 0x200000b8   Data           4  bno08x.o(.data)
    rawQuatJ                                 0x200000bc   Data           4  bno08x.o(.data)
    rawQuatK                                 0x200000c0   Data           4  bno08x.o(.data)
    rawQuatReal                              0x200000c4   Data           4  bno08x.o(.data)
    rawQuatRadianAccuracy                    0x200000c8   Data           4  bno08x.o(.data)
    quatAccuracy                             0x200000cc   Data           4  bno08x.o(.data)
    stepCount                                0x200000d0   Data           4  bno08x.o(.data)
    stabilityClassifier                      0x200000d4   Data           1  bno08x.o(.data)
    activityClassifier                       0x200000d5   Data           1  bno08x.o(.data)
    _activityConfidences                     0x200000d8   Data           4  bno08x.o(.data)
    rotationVector_Q1                        0x200000dc   Data           4  bno08x.o(.data)
    accelerometer_Q1                         0x200000e0   Data           4  bno08x.o(.data)
    linear_accelerometer_Q1                  0x200000e4   Data           4  bno08x.o(.data)
    gyro_Q1                                  0x200000e8   Data           4  bno08x.o(.data)
    magnetometer_Q1                          0x200000ec   Data           4  bno08x.o(.data)
    track_read                               0x200000f0   Data           8  track.o(.data)
    track_Mode                               0x200000f8   Data           2  track.o(.data)
    track_assignment                         0x200000fa   Data           8  track.o(.data)
    track_sum                                0x20000102   Data           1  track.o(.data)
    add                                      0x20000104   Data           4  pid.o(.data)
    __stdout                                 0x2000010c   Data           4  stdout.o(.data)
    left_pid                                 0x20000114   Data          28  main.o(.bss)
    right_pid                                0x20000130   Data          28  main.o(.bss)
    yaw_pid                                  0x2000014c   Data          28  main.o(.bss)
    track_pid_assignment                     0x20000168   Data          28  main.o(.bss)
    hi2c1                                    0x20000184   Data          84  i2c.o(.bss)
    htim1                                    0x200001d8   Data          72  tim.o(.bss)
    htim2                                    0x20000220   Data          72  tim.o(.bss)
    htim3                                    0x20000268   Data          72  tim.o(.bss)
    htim4                                    0x200002b0   Data          72  tim.o(.bss)
    huart1                                   0x200002f8   Data          72  usart.o(.bss)
    shtpData                                 0x20000340   Data         128  bno08x.o(.bss)
    metaData                                 0x200003c0   Data          36  bno08x.o(.bss)
    i2c_tmp                                  0x200003e4   Data          32  bno08x.o(.bss)
    DataBuff                                 0x20000404   Data         200  vofa.o(.bss)
    __initial_sp                             0x200008d0   Data           0  startup_stm32f407xx.o(STACK)



==============================================================================

Memory Map of the image

  Image Entry point : 0x08000189

  Load Region LR_IROM1 (Base: 0x08000000, Size: 0x00007f64, Max: 0x00100000, ABSOLUTE)

    Execution Region ER_IROM1 (Exec base: 0x08000000, Load base: 0x08000000, Size: 0x00007e50, Max: 0x00100000, ABSOLUTE)

    Exec Addr    Load Addr    Size         Type   Attr      Idx    E Section Name        Object

    0x08000000   0x08000000   0x00000188   Data   RO            3    RESET               startup_stm32f407xx.o
    0x08000188   0x08000188   0x00000000   Code   RO         4458  * .ARM.Collect$$$$00000000  mc_w.l(entry.o)
    0x08000188   0x08000188   0x00000004   Code   RO         4791    .ARM.Collect$$$$00000001  mc_w.l(entry2.o)
    0x0800018c   0x0800018c   0x00000004   Code   RO         4794    .ARM.Collect$$$$00000004  mc_w.l(entry5.o)
    0x08000190   0x08000190   0x00000000   Code   RO         4796    .ARM.Collect$$$$00000008  mc_w.l(entry7b.o)
    0x08000190   0x08000190   0x00000000   Code   RO         4798    .ARM.Collect$$$$0000000A  mc_w.l(entry8b.o)
    0x08000190   0x08000190   0x00000008   Code   RO         4799    .ARM.Collect$$$$0000000B  mc_w.l(entry9a.o)
    0x08000198   0x08000198   0x00000000   Code   RO         4801    .ARM.Collect$$$$0000000D  mc_w.l(entry10a.o)
    0x08000198   0x08000198   0x00000000   Code   RO         4803    .ARM.Collect$$$$0000000F  mc_w.l(entry11a.o)
    0x08000198   0x08000198   0x00000004   Code   RO         4792    .ARM.Collect$$$$00002712  mc_w.l(entry2.o)
    0x0800019c   0x0800019c   0x00000024   Code   RO            4    .text               startup_stm32f407xx.o
    0x080001c0   0x080001c0   0x00000062   Code   RO         4461    .text               mc_w.l(uldiv.o)
    0x08000222   0x08000222   0x00000024   Code   RO         4463    .text               mc_w.l(memseta.o)
    0x08000246   0x08000246   0x0000000e   Code   RO         4465    .text               mc_w.l(strlen.o)
    0x08000254   0x08000254   0x0000014e   Code   RO         4728    .text               mf_w.l(dadd.o)
    0x080003a2   0x080003a2   0x000000e4   Code   RO         4730    .text               mf_w.l(dmul.o)
    0x08000486   0x08000486   0x00000022   Code   RO         4732    .text               mf_w.l(dflti.o)
    0x080004a8   0x080004a8   0x00000026   Code   RO         4736    .text               mf_w.l(f2d.o)
    0x080004ce   0x080004ce   0x00000038   Code   RO         4738    .text               mf_w.l(d2f.o)
    0x08000506   0x08000506   0x0000002c   Code   RO         4806    .text               mc_w.l(uidiv.o)
    0x08000532   0x08000532   0x0000001e   Code   RO         4808    .text               mc_w.l(llshl.o)
    0x08000550   0x08000550   0x00000020   Code   RO         4810    .text               mc_w.l(llushr.o)
    0x08000570   0x08000570   0x00000024   Code   RO         4812    .text               mc_w.l(llsshr.o)
    0x08000594   0x08000594   0x00000000   Code   RO         4821    .text               mc_w.l(iusefp.o)
    0x08000594   0x08000594   0x0000006e   Code   RO         4822    .text               mf_w.l(fepilogue.o)
    0x08000602   0x08000602   0x000000ba   Code   RO         4824    .text               mf_w.l(depilogue.o)
    0x080006bc   0x080006bc   0x000000de   Code   RO         4826    .text               mf_w.l(ddiv.o)
    0x0800079a   0x0800079a   0x0000002e   Code   RO         4830    .text               mf_w.l(dscalb.o)
    0x080007c8   0x080007c8   0x00000030   Code   RO         4832    .text               mf_w.l(dfixul.o)
    0x080007f8   0x080007f8   0x00000030   Code   RO         4834    .text               mf_w.l(cdrcmple.o)
    0x08000828   0x08000828   0x00000024   Code   RO         4836    .text               mc_w.l(init.o)
    0x0800084c   0x0800084c   0x000000a2   Code   RO         4838    .text               mf_w.l(dsqrt.o)
    0x080008ee   0x080008ee   0x00000002   PAD
    0x080008f0   0x080008f0   0x000000cc   Code   RO           13    i.Angle_out         main.o
    0x080009bc   0x080009bc   0x00000004   Code   RO          453    i.BusFault_Handler  stm32f4xx_it.o
    0x080009c0   0x080009c0   0x00000002   Code   RO          454    i.DebugMon_Handler  stm32f4xx_it.o
    0x080009c2   0x080009c2   0x00000006   Code   RO           14    i.Error_Handler     main.o
    0x080009c8   0x080009c8   0x00000168   Code   RO         4366    i.Get_Data          vofa.o
    0x08000b30   0x08000b30   0x000000ac   Code   RO         1567    i.HAL_DMA_Abort     stm32f4xx_hal_dma.o
    0x08000bdc   0x08000bdc   0x00000028   Code   RO         1568    i.HAL_DMA_Abort_IT  stm32f4xx_hal_dma.o
    0x08000c04   0x08000c04   0x00000028   Code   RO         2009    i.HAL_Delay         stm32f4xx_hal.o
    0x08000c2c   0x08000c2c   0x000001f4   Code   RO         1460    i.HAL_GPIO_Init     stm32f4xx_hal_gpio.o
    0x08000e20   0x08000e20   0x00000010   Code   RO         1462    i.HAL_GPIO_ReadPin  stm32f4xx_hal_gpio.o
    0x08000e30   0x08000e30   0x0000000c   Code   RO         1464    i.HAL_GPIO_WritePin  stm32f4xx_hal_gpio.o
    0x08000e3c   0x08000e3c   0x0000000c   Code   RO         2015    i.HAL_GetTick       stm32f4xx_hal.o
    0x08000e48   0x08000e48   0x000001d0   Code   RO          576    i.HAL_I2C_Init      stm32f4xx_hal_i2c.o
    0x08001018   0x08001018   0x0000030c   Code   RO          582    i.HAL_I2C_Master_Receive  stm32f4xx_hal_i2c.o
    0x08001324   0x08001324   0x00000170   Code   RO          589    i.HAL_I2C_Master_Transmit  stm32f4xx_hal_i2c.o
    0x08001494   0x08001494   0x00000088   Code   RO          280    i.HAL_I2C_MspInit   i2c.o
    0x0800151c   0x0800151c   0x00000018   Code   RO         2021    i.HAL_IncTick       stm32f4xx_hal.o
    0x08001534   0x08001534   0x0000003c   Code   RO         2022    i.HAL_Init          stm32f4xx_hal.o
    0x08001570   0x08001570   0x0000004c   Code   RO         2023    i.HAL_InitTick      stm32f4xx_hal.o
    0x080015bc   0x080015bc   0x00000048   Code   RO          541    i.HAL_MspInit       stm32f4xx_hal_msp.o
    0x08001604   0x08001604   0x00000028   Code   RO         1852    i.HAL_NVIC_EnableIRQ  stm32f4xx_hal_cortex.o
    0x0800162c   0x0800162c   0x0000007c   Code   RO         1858    i.HAL_NVIC_SetPriority  stm32f4xx_hal_cortex.o
    0x080016a8   0x080016a8   0x00000028   Code   RO         1859    i.HAL_NVIC_SetPriorityGrouping  stm32f4xx_hal_cortex.o
    0x080016d0   0x080016d0   0x00000184   Code   RO         1061    i.HAL_RCC_ClockConfig  stm32f4xx_hal_rcc.o
    0x08001854   0x08001854   0x0000000c   Code   RO         1066    i.HAL_RCC_GetHCLKFreq  stm32f4xx_hal_rcc.o
    0x08001860   0x08001860   0x00000020   Code   RO         1068    i.HAL_RCC_GetPCLK1Freq  stm32f4xx_hal_rcc.o
    0x08001880   0x08001880   0x00000020   Code   RO         1069    i.HAL_RCC_GetPCLK2Freq  stm32f4xx_hal_rcc.o
    0x080018a0   0x080018a0   0x000000b0   Code   RO         1070    i.HAL_RCC_GetSysClockFreq  stm32f4xx_hal_rcc.o
    0x08001950   0x08001950   0x0000049c   Code   RO         1073    i.HAL_RCC_OscConfig  stm32f4xx_hal_rcc.o
    0x08001dec   0x08001dec   0x00000034   Code   RO         1863    i.HAL_SYSTICK_Config  stm32f4xx_hal_cortex.o
    0x08001e20   0x08001e20   0x00000018   Code   RO         4367    i.HAL_Serial_SendArray  vofa.o
    0x08001e38   0x08001e38   0x00000002   Code   RO         2990    i.HAL_TIMEx_BreakCallback  stm32f4xx_hal_tim_ex.o
    0x08001e3a   0x08001e3a   0x00000002   Code   RO         2991    i.HAL_TIMEx_CommutCallback  stm32f4xx_hal_tim_ex.o
    0x08001e3c   0x08001e3c   0x00000074   Code   RO         2993    i.HAL_TIMEx_ConfigBreakDeadTime  stm32f4xx_hal_tim_ex.o
    0x08001eb0   0x08001eb0   0x000000b4   Code   RO         3009    i.HAL_TIMEx_MasterConfigSynchronization  stm32f4xx_hal_tim_ex.o
    0x08001f64   0x08001f64   0x00000066   Code   RO         2275    i.HAL_TIM_Base_Init  stm32f4xx_hal_tim.o
    0x08001fca   0x08001fca   0x00000002   PAD
    0x08001fcc   0x08001fcc   0x00000048   Code   RO          322    i.HAL_TIM_Base_MspInit  tim.o
    0x08002014   0x08002014   0x000000a8   Code   RO         2280    i.HAL_TIM_Base_Start_IT  stm32f4xx_hal_tim.o
    0x080020bc   0x080020bc   0x0000010c   Code   RO         2284    i.HAL_TIM_ConfigClockSource  stm32f4xx_hal_tim.o
    0x080021c8   0x080021c8   0x000000c8   Code   RO         2296    i.HAL_TIM_Encoder_Init  stm32f4xx_hal_tim.o
    0x08002290   0x08002290   0x0000012c   Code   RO          324    i.HAL_TIM_Encoder_MspInit  tim.o
    0x080023bc   0x080023bc   0x000000cc   Code   RO         2299    i.HAL_TIM_Encoder_Start  stm32f4xx_hal_tim.o
    0x08002488   0x08002488   0x00000002   Code   RO         2309    i.HAL_TIM_IC_CaptureCallback  stm32f4xx_hal_tim.o
    0x0800248a   0x0800248a   0x0000016c   Code   RO         2323    i.HAL_TIM_IRQHandler  stm32f4xx_hal_tim.o
    0x080025f6   0x080025f6   0x00000002   PAD
    0x080025f8   0x080025f8   0x00000064   Code   RO          325    i.HAL_TIM_MspPostInit  tim.o
    0x0800265c   0x0800265c   0x00000002   Code   RO         2326    i.HAL_TIM_OC_DelayElapsedCallback  stm32f4xx_hal_tim.o
    0x0800265e   0x0800265e   0x00000104   Code   RO         2347    i.HAL_TIM_PWM_ConfigChannel  stm32f4xx_hal_tim.o
    0x08002762   0x08002762   0x00000066   Code   RO         2350    i.HAL_TIM_PWM_Init  stm32f4xx_hal_tim.o
    0x080027c8   0x080027c8   0x00000034   Code   RO          327    i.HAL_TIM_PWM_MspInit  tim.o
    0x080027fc   0x080027fc   0x00000002   Code   RO         2353    i.HAL_TIM_PWM_PulseFinishedCallback  stm32f4xx_hal_tim.o
    0x080027fe   0x080027fe   0x00000002   PAD
    0x08002800   0x08002800   0x0000010c   Code   RO         2355    i.HAL_TIM_PWM_Start  stm32f4xx_hal_tim.o
    0x0800290c   0x0800290c   0x00000250   Code   RO           15    i.HAL_TIM_PeriodElapsedCallback  main.o
    0x08002b5c   0x08002b5c   0x00000002   Code   RO         2366    i.HAL_TIM_TriggerCallback  stm32f4xx_hal_tim.o
    0x08002b5e   0x08002b5e   0x00000002   Code   RO         3269    i.HAL_UARTEx_RxEventCallback  stm32f4xx_hal_uart.o
    0x08002b60   0x08002b60   0x00000002   Code   RO         3283    i.HAL_UART_ErrorCallback  stm32f4xx_hal_uart.o
    0x08002b62   0x08002b62   0x00000002   PAD
    0x08002b64   0x08002b64   0x000002e8   Code   RO         3286    i.HAL_UART_IRQHandler  stm32f4xx_hal_uart.o
    0x08002e4c   0x08002e4c   0x00000076   Code   RO         3287    i.HAL_UART_Init     stm32f4xx_hal_uart.o
    0x08002ec2   0x08002ec2   0x00000002   PAD
    0x08002ec4   0x08002ec4   0x00000098   Code   RO          412    i.HAL_UART_MspInit  usart.o
    0x08002f5c   0x08002f5c   0x0000002c   Code   RO         3292    i.HAL_UART_Receive_IT  stm32f4xx_hal_uart.o
    0x08002f88   0x08002f88   0x000000b0   Code   RO           16    i.HAL_UART_RxCpltCallback  main.o
    0x08003038   0x08003038   0x000000be   Code   RO         3295    i.HAL_UART_Transmit  stm32f4xx_hal_uart.o
    0x080030f6   0x080030f6   0x00000002   Code   RO         3298    i.HAL_UART_TxCpltCallback  stm32f4xx_hal_uart.o
    0x080030f8   0x080030f8   0x00000004   Code   RO          455    i.HardFault_Handler  stm32f4xx_it.o
    0x080030fc   0x080030fc   0x0000003e   Code   RO          620    i.I2C_IsAcknowledgeFailed  stm32f4xx_hal_i2c.o
    0x0800313a   0x0800313a   0x00000002   PAD
    0x0800313c   0x0800313c   0x00000138   Code   RO          623    i.I2C_MasterRequestRead  stm32f4xx_hal_i2c.o
    0x08003274   0x08003274   0x000000c0   Code   RO          624    i.I2C_MasterRequestWrite  stm32f4xx_hal_i2c.o
    0x08003334   0x08003334   0x00000066   Code   RO          640    i.I2C_WaitOnBTFFlagUntilTimeout  stm32f4xx_hal_i2c.o
    0x0800339a   0x0800339a   0x000000be   Code   RO          641    i.I2C_WaitOnFlagUntilTimeout  stm32f4xx_hal_i2c.o
    0x08003458   0x08003458   0x000000fa   Code   RO          642    i.I2C_WaitOnMasterAddressFlagUntilTimeout  stm32f4xx_hal_i2c.o
    0x08003552   0x08003552   0x0000008a   Code   RO          643    i.I2C_WaitOnRXNEFlagUntilTimeout  stm32f4xx_hal_i2c.o
    0x080035dc   0x080035dc   0x00000066   Code   RO          646    i.I2C_WaitOnTXEFlagUntilTimeout  stm32f4xx_hal_i2c.o
    0x08003642   0x08003642   0x00000002   PAD
    0x08003644   0x08003644   0x0000008c   Code   RO         4229    i.Load              motor.o
    0x080036d0   0x080036d0   0x000001a0   Code   RO          255    i.MX_GPIO_Init      gpio.o
    0x08003870   0x08003870   0x0000003c   Code   RO          281    i.MX_I2C1_Init      i2c.o
    0x080038ac   0x080038ac   0x000000c0   Code   RO          328    i.MX_TIM1_Init      tim.o
    0x0800396c   0x0800396c   0x00000078   Code   RO          329    i.MX_TIM2_Init      tim.o
    0x080039e4   0x080039e4   0x0000007c   Code   RO          330    i.MX_TIM3_Init      tim.o
    0x08003a60   0x08003a60   0x0000006c   Code   RO          331    i.MX_TIM4_Init      tim.o
    0x08003acc   0x08003acc   0x00000038   Code   RO          413    i.MX_USART1_UART_Init  usart.o
    0x08003b04   0x08003b04   0x00000004   Code   RO          456    i.MemManage_Handler  stm32f4xx_it.o
    0x08003b08   0x08003b08   0x00000004   Code   RO          457    i.NMI_Handler       stm32f4xx_it.o
    0x08003b0c   0x08003b0c   0x0000002a   Code   RO         4061    i.OLED_Clear        oled.o
    0x08003b36   0x08003b36   0x00000002   PAD
    0x08003b38   0x08003b38   0x00000058   Code   RO         4062    i.OLED_I2C_Init     oled.o
    0x08003b90   0x08003b90   0x00000074   Code   RO         4063    i.OLED_I2C_SendByte  oled.o
    0x08003c04   0x08003c04   0x0000004c   Code   RO         4064    i.OLED_I2C_Start    oled.o
    0x08003c50   0x08003c50   0x0000003c   Code   RO         4065    i.OLED_I2C_Stop     oled.o
    0x08003c8c   0x08003c8c   0x000000b6   Code   RO         4066    i.OLED_Init         oled.o
    0x08003d42   0x08003d42   0x00000014   Code   RO         4067    i.OLED_Pow          oled.o
    0x08003d56   0x08003d56   0x00000022   Code   RO         4068    i.OLED_SetCursor    oled.o
    0x08003d78   0x08003d78   0x00000074   Code   RO         4070    i.OLED_ShowChar     oled.o
    0x08003dec   0x08003dec   0x00000066   Code   RO         4073    i.OLED_ShowSignedNum  oled.o
    0x08003e52   0x08003e52   0x00000028   Code   RO         4074    i.OLED_ShowString   oled.o
    0x08003e7a   0x08003e7a   0x00000020   Code   RO         4075    i.OLED_WriteCommand  oled.o
    0x08003e9a   0x08003e9a   0x00000020   Code   RO         4076    i.OLED_WriteData    oled.o
    0x08003eba   0x08003eba   0x00000002   Code   RO          458    i.PendSV_Handler    stm32f4xx_it.o
    0x08003ebc   0x08003ebc   0x00000044   Code   RO           17    i.Read              main.o
    0x08003f00   0x08003f00   0x00000020   Code   RO         3668    i.ReadNbyte         bno08x.o
    0x08003f20   0x08003f20   0x00000010   Code   RO         4205    i.Read_Speed        encoter.o
    0x08003f30   0x08003f30   0x00000002   Code   RO          459    i.SVC_Handler       stm32f4xx_it.o
    0x08003f32   0x08003f32   0x00000002   PAD
    0x08003f34   0x08003f34   0x00000058   Code   RO         4368    i.SendDataToVOFA    vofa.o
    0x08003f8c   0x08003f8c   0x00000008   Code   RO          460    i.SysTick_Handler   stm32f4xx_it.o
    0x08003f94   0x08003f94   0x000000b8   Code   RO           18    i.SystemClock_Config  main.o
    0x0800404c   0x0800404c   0x00000014   Code   RO         3631    i.SystemInit        system_stm32f4xx.o
    0x08004060   0x08004060   0x00000010   Code   RO          461    i.TIM4_IRQHandler   stm32f4xx_it.o
    0x08004070   0x08004070   0x000000e8   Code   RO         2368    i.TIM_Base_SetConfig  stm32f4xx_hal_tim.o
    0x08004158   0x08004158   0x00000022   Code   RO         2369    i.TIM_CCxChannelCmd  stm32f4xx_hal_tim.o
    0x0800417a   0x0800417a   0x00000016   Code   RO         2379    i.TIM_ETR_SetConfig  stm32f4xx_hal_tim.o
    0x08004190   0x08004190   0x00000012   Code   RO         2380    i.TIM_ITRx_SetConfig  stm32f4xx_hal_tim.o
    0x080041a2   0x080041a2   0x00000002   PAD
    0x080041a4   0x080041a4   0x00000070   Code   RO         2381    i.TIM_OC1_SetConfig  stm32f4xx_hal_tim.o
    0x08004214   0x08004214   0x0000007c   Code   RO         2382    i.TIM_OC2_SetConfig  stm32f4xx_hal_tim.o
    0x08004290   0x08004290   0x00000078   Code   RO         2383    i.TIM_OC3_SetConfig  stm32f4xx_hal_tim.o
    0x08004308   0x08004308   0x00000054   Code   RO         2384    i.TIM_OC4_SetConfig  stm32f4xx_hal_tim.o
    0x0800435c   0x0800435c   0x00000026   Code   RO         2386    i.TIM_TI1_ConfigInputStage  stm32f4xx_hal_tim.o
    0x08004382   0x08004382   0x00000028   Code   RO         2388    i.TIM_TI2_ConfigInputStage  stm32f4xx_hal_tim.o
    0x080043aa   0x080043aa   0x00000002   PAD
    0x080043ac   0x080043ac   0x00000154   Code   RO         4260    i.Track_follow      track.o
    0x08004500   0x08004500   0x000000d8   Code   RO           19    i.Track_ring        main.o
    0x080045d8   0x080045d8   0x00000014   Code   RO         3300    i.UART_DMAAbortOnError  stm32f4xx_hal_uart.o
    0x080045ec   0x080045ec   0x0000006c   Code   RO         3310    i.UART_EndRxTransfer  stm32f4xx_hal_uart.o
    0x08004658   0x08004658   0x00000020   Code   RO         3311    i.UART_EndTransmit_IT  stm32f4xx_hal_uart.o
    0x08004678   0x08004678   0x000000fc   Code   RO         3313    i.UART_Receive_IT   stm32f4xx_hal_uart.o
    0x08004774   0x08004774   0x0000022c   Code   RO         3314    i.UART_SetConfig    stm32f4xx_hal_uart.o
    0x080049a0   0x080049a0   0x00000040   Code   RO         3316    i.UART_Start_Receive_IT  stm32f4xx_hal_uart.o
    0x080049e0   0x080049e0   0x00000060   Code   RO         3317    i.UART_Transmit_IT  stm32f4xx_hal_uart.o
    0x08004a40   0x08004a40   0x0000008c   Code   RO         3318    i.UART_WaitOnFlagUntilTimeout  stm32f4xx_hal_uart.o
    0x08004acc   0x08004acc   0x00000010   Code   RO          462    i.USART1_IRQHandler  stm32f4xx_it.o
    0x08004adc   0x08004adc   0x00000104   Code   RO         4370    i.USART_PID_Adjust  vofa.o
    0x08004be0   0x08004be0   0x00000004   Code   RO          463    i.UsageFault_Handler  stm32f4xx_it.o
    0x08004be4   0x08004be4   0x00000020   Code   RO         3669    i.WriteNbyte        bno08x.o
    0x08004c04   0x08004c04   0x00000020   Code   RO         4700    i.__0printf         mc_w.l(printfa.o)
    0x08004c24   0x08004c24   0x00000028   Code   RO         4702    i.__0sprintf        mc_w.l(printfa.o)
    0x08004c4c   0x08004c4c   0x00000030   Code   RO         4774    i.__ARM_fpclassify  m_wm.l(fpclassify.o)
    0x08004c7c   0x08004c7c   0x00000010   Code   RO         1865    i.__NVIC_GetPriorityGrouping  stm32f4xx_hal_cortex.o
    0x08004c8c   0x08004c8c   0x00000028   Code   RO         1866    i.__NVIC_SetPriority  stm32f4xx_hal_cortex.o
    0x08004cb4   0x08004cb4   0x00000004   PAD
    0x08004cb8   0x08004cb8   0x00000360   Code   RO         4418    i.__hardfp_asin     m_wm.l(asin.o)
    0x08005018   0x08005018   0x000002d8   Code   RO         4740    i.__hardfp_atan     m_wm.l(atan.o)
    0x080052f0   0x080052f0   0x000001f0   Code   RO         4432    i.__hardfp_atan2    m_wm.l(atan2.o)
    0x080054e0   0x080054e0   0x00000c50   Code   RO         4444    i.__hardfp_pow      m_wm.l(pow.o)
    0x08006130   0x08006130   0x000000f8   Code   RO         4776    i.__kernel_poly     m_wm.l(poly.o)
    0x08006228   0x08006228   0x00000030   Code   RO         4754    i.__mathlib_dbl_divzero  m_wm.l(dunder.o)
    0x08006258   0x08006258   0x00000014   Code   RO         4755    i.__mathlib_dbl_infnan  m_wm.l(dunder.o)
    0x0800626c   0x0800626c   0x00000014   Code   RO         4756    i.__mathlib_dbl_infnan2  m_wm.l(dunder.o)
    0x08006280   0x08006280   0x00000020   Code   RO         4757    i.__mathlib_dbl_invalid  m_wm.l(dunder.o)
    0x080062a0   0x080062a0   0x00000020   Code   RO         4758    i.__mathlib_dbl_overflow  m_wm.l(dunder.o)
    0x080062c0   0x080062c0   0x00000020   Code   RO         4760    i.__mathlib_dbl_underflow  m_wm.l(dunder.o)
    0x080062e0   0x080062e0   0x0000000e   Code   RO         4844    i.__scatterload_copy  mc_w.l(handlers.o)
    0x080062ee   0x080062ee   0x00000002   Code   RO         4845    i.__scatterload_null  mc_w.l(handlers.o)
    0x080062f0   0x080062f0   0x0000000e   Code   RO         4846    i.__scatterload_zeroinit  mc_w.l(handlers.o)
    0x080062fe   0x080062fe   0x00000002   PAD
    0x08006300   0x08006300   0x0000000c   Code   RO         4816    i.__set_errno       mc_w.l(errno.o)
    0x0800630c   0x0800630c   0x00000184   Code   RO         4707    i._fp_digits        mc_w.l(printfa.o)
    0x08006490   0x08006490   0x000006dc   Code   RO         4708    i._printf_core      mc_w.l(printfa.o)
    0x08006b6c   0x08006b6c   0x00000024   Code   RO         4709    i._printf_post_padding  mc_w.l(printfa.o)
    0x08006b90   0x08006b90   0x0000002e   Code   RO         4710    i._printf_pre_padding  mc_w.l(printfa.o)
    0x08006bbe   0x08006bbe   0x0000000a   Code   RO         4712    i._sputc            mc_w.l(printfa.o)
    0x08006bc8   0x08006bc8   0x00000010   Code   RO         4742    i.atan              m_wm.l(atan.o)
    0x08006bd8   0x08006bd8   0x0000000a   Code   RO         3671    i.calibrateAll      bno08x.o
    0x08006be2   0x08006be2   0x00000002   PAD
    0x08006be4   0x08006be4   0x00000030   Code   RO         3675    i.dataAvailable     bno08x.o
    0x08006c14   0x08006c14   0x00000060   Code   RO         4181    i.delay_us          delay.o
    0x08006c74   0x08006c74   0x00000010   Code   RO         3676    i.enableAccelerometer  bno08x.o
    0x08006c84   0x08006c84   0x00000010   Code   RO         3677    i.enableGameRotationVector  bno08x.o
    0x08006c94   0x08006c94   0x00000010   Code   RO         3678    i.enableGyro        bno08x.o
    0x08006ca4   0x08006ca4   0x00000010   Code   RO         3679    i.enableLinearAccelerometer  bno08x.o
    0x08006cb4   0x08006cb4   0x00000010   Code   RO         3680    i.enableMagnetometer  bno08x.o
    0x08006cc4   0x08006cc4   0x00000010   Code   RO         3681    i.enableRotationVector  bno08x.o
    0x08006cd4   0x08006cd4   0x00000010   Code   RO         3682    i.enableStabilityClassifier  bno08x.o
    0x08006ce4   0x08006ce4   0x00000010   Code   RO         3683    i.enableStepCounter  bno08x.o
    0x08006cf4   0x08006cf4   0x00000018   Code   RO         4770    i.fabs              m_wm.l(fabs.o)
    0x08006d0c   0x08006d0c   0x0000001c   Code   RO         2030    i.fputc             stm32f4xx_hal.o
    0x08006d28   0x08006d28   0x00000058   Code   RO         3691    i.getData           bno08x.o
    0x08006d80   0x08006d80   0x0000002c   Code   RO         3708    i.getQuatI          bno08x.o
    0x08006dac   0x08006dac   0x0000002c   Code   RO         3709    i.getQuatJ          bno08x.o
    0x08006dd8   0x08006dd8   0x0000002c   Code   RO         3710    i.getQuatK          bno08x.o
    0x08006e04   0x08006e04   0x0000002c   Code   RO         3712    i.getQuatReal       bno08x.o
    0x08006e30   0x08006e30   0x00000144   Code   RO           20    i.main              main.o
    0x08006f74   0x08006f74   0x000002a8   Code   RO         3717    i.parseInputReport  bno08x.o
    0x0800721c   0x0800721c   0x00000068   Code   RO         4290    i.pid1              pid.o
    0x08007284   0x08007284   0x00000040   Code   RO         4291    i.pwm_control       pid.o
    0x080072c4   0x080072c4   0x0000006c   Code   RO         3718    i.qToFloat          bno08x.o
    0x08007330   0x08007330   0x00000054   Code   RO         3721    i.receivePacket     bno08x.o
    0x08007384   0x08007384   0x00000064   Code   RO         3724    i.sendCalibrateCommand  bno08x.o
    0x080073e8   0x080073e8   0x00000030   Code   RO         3725    i.sendCommand       bno08x.o
    0x08007418   0x08007418   0x00000060   Code   RO         3726    i.sendPacket        bno08x.o
    0x08007478   0x08007478   0x0000005c   Code   RO         3727    i.setFeatureCommand  bno08x.o
    0x080074d4   0x080074d4   0x00000038   Code   RO         3728    i.softReset         bno08x.o
    0x0800750c   0x0800750c   0x0000006e   Code   RO         4781    i.sqrt              m_wm.l(sqrt.o)
    0x0800757a   0x0800757a   0x00000002   PAD
    0x0800757c   0x0800757c   0x000000ec   Code   RO           22    i.steering_ring     main.o
    0x08007668   0x08007668   0x00000044   Code   RO         4292    i.track_pid         pid.o
    0x080076ac   0x080076ac   0x00000018   Data   RO         3632    .constdata          system_stm32f4xx.o
    0x080076c4   0x080076c4   0x000005f0   Data   RO         4077    .constdata          oled.o
    0x08007cb4   0x08007cb4   0x00000004   PAD
    0x08007cb8   0x08007cb8   0x00000050   Data   RO         4421    .constdata          m_wm.l(asin.o)
    0x08007d08   0x08007d08   0x00000088   Data   RO         4447    .constdata          m_wm.l(pow.o)
    0x08007d90   0x08007d90   0x00000098   Data   RO         4743    .constdata          m_wm.l(atan.o)
    0x08007e28   0x08007e28   0x00000008   Data   RO         4778    .constdata          m_wm.l(qnan.o)
    0x08007e30   0x08007e30   0x00000020   Data   RO         4842    Region$$Table       anon$$obj.o


    Execution Region RW_IRAM1 (Exec base: 0x20000000, Load base: 0x08007e50, Size: 0x000008d0, Max: 0x0001c000, ABSOLUTE)

    Exec Addr    Load Addr    Size         Type   Attr      Idx    E Section Name        Object

    0x20000000   0x08007e50   0x0000005c   Data   RW           24    .data               main.o
    0x2000005c   0x08007eac   0x00000009   Data   RW         2031    .data               stm32f4xx_hal.o
    0x20000065   0x08007eb5   0x00000003   PAD
    0x20000068   0x08007eb8   0x00000004   Data   RW         3633    .data               system_stm32f4xx.o
    0x2000006c   0x08007ebc   0x00000084   Data   RW         3730    .data               bno08x.o
    0x200000f0   0x08007f40   0x00000013   Data   RW         4261    .data               track.o
    0x20000103   0x08007f53   0x00000001   PAD
    0x20000104   0x08007f54   0x00000005   Data   RW         4294    .data               pid.o
    0x20000109   0x08007f59   0x00000003   PAD
    0x2000010c   0x08007f5c   0x00000004   Data   RW         4805    .data               mc_w.l(stdout.o)
    0x20000110   0x08007f60   0x00000004   Data   RW         4817    .data               mc_w.l(errno.o)
    0x20000114        -       0x00000070   Zero   RW           23    .bss                main.o
    0x20000184        -       0x00000054   Zero   RW          282    .bss                i2c.o
    0x200001d8        -       0x00000120   Zero   RW          332    .bss                tim.o
    0x200002f8        -       0x00000048   Zero   RW          414    .bss                usart.o
    0x20000340        -       0x000000c4   Zero   RW         3729    .bss                bno08x.o
    0x20000404        -       0x000000c8   Zero   RW         4371    .bss                vofa.o
    0x200004cc   0x08007f64   0x00000004   PAD
    0x200004d0        -       0x00000400   Zero   RW            1    STACK               startup_stm32f407xx.o


    Execution Region RW_IRAM2 (Exec base: 0x2001c000, Load base: 0x08007f64, Size: 0x00000000, Max: 0x00004000, ABSOLUTE)

    **** No section assigned to this execution region ****


==============================================================================

Image component sizes


      Code (inc. data)   RO Data    RW Data    ZI Data      Debug   Object Name

      1778        240          0        132        196      17437   bno08x.o
        96          6          0          0          0        899   delay.o
        16          0          0          0          0        793   encoter.o
       416         24          0          0          0       1191   gpio.o
       196         26          0          0         84       1681   i2c.o
      2006        316          0         92        112     707438   main.o
       140          8          0          0          0        599   motor.o
       940         30       1520          0          0       8495   oled.o
       236         18          0          5          0       2544   pid.o
        36          8        392          0       1024        840   startup_stm32f407xx.o
       240         42          0          9          0      10154   stm32f4xx_hal.o
       312         22          0          0          0      34371   stm32f4xx_hal_cortex.o
       212          0          0          0          0       1967   stm32f4xx_hal_dma.o
       528         46          0          0          0       2807   stm32f4xx_hal_gpio.o
      2960         50          0          0          0      11690   stm32f4xx_hal_i2c.o
        72          4          0          0          0        870   stm32f4xx_hal_msp.o
      1820         84          0          0          0       5648   stm32f4xx_hal_rcc.o
      2768        142          0          0          0      18189   stm32f4xx_hal_tim.o
       300         30          0          0          0       3381   stm32f4xx_hal_tim_ex.o
      2370         14          0          0          0      12592   stm32f4xx_hal_uart.o
        66         12          0          0          0       5272   stm32f4xx_it.o
        20          6         24          4          0       1147   system_stm32f4xx.o
      1068         82          0          0        288       5939   tim.o
       340         30          0         19          0       1290   track.o
       208         22          0          0         72       1726   usart.o
       732         54          0          0        200       3526   vofa.o

    ----------------------------------------------------------------------
     19904       1320       1972        268       1980     862486   Object Totals
         0          0         32          0          0          0   (incl. Generated)
        28          4          4          7          4          0   (incl. Padding)

    ----------------------------------------------------------------------

      Code (inc. data)   RO Data    RW Data    ZI Data      Debug   Library Member Name

       864         94         80          0          0        280   asin.o
       744        106        152          0          0        352   atan.o
       496         64          0          0          0        192   atan2.o
       184         44          0          0          0        744   dunder.o
        24          0          0          0          0        124   fabs.o
        48          0          0          0          0        124   fpclassify.o
       248          0          0          0          0        152   poly.o
      3152        296        136          0          0        352   pow.o
         0          0          8          0          0          0   qnan.o
       110          0          0          0          0        148   sqrt.o
         0          0          0          0          0          0   entry.o
         0          0          0          0          0          0   entry10a.o
         0          0          0          0          0          0   entry11a.o
         8          4          0          0          0          0   entry2.o
         4          0          0          0          0          0   entry5.o
         0          0          0          0          0          0   entry7b.o
         0          0          0          0          0          0   entry8b.o
         8          4          0          0          0          0   entry9a.o
        12          6          0          4          0         68   errno.o
        30          0          0          0          0          0   handlers.o
        36          8          0          0          0         68   init.o
         0          0          0          0          0          0   iusefp.o
        30          0          0          0          0         68   llshl.o
        36          0          0          0          0         68   llsshr.o
        32          0          0          0          0         68   llushr.o
        36          0          0          0          0        108   memseta.o
      2308         96          0          0          0        604   printfa.o
         0          0          0          4          0          0   stdout.o
        14          0          0          0          0         68   strlen.o
        44          0          0          0          0         80   uidiv.o
        98          0          0          0          0         92   uldiv.o
        48          0          0          0          0         68   cdrcmple.o
        56          0          0          0          0         88   d2f.o
       334          0          0          0          0        148   dadd.o
       222          0          0          0          0        100   ddiv.o
       186          0          0          0          0        176   depilogue.o
        48          0          0          0          0         68   dfixul.o
        34          0          0          0          0         76   dflti.o
       228          0          0          0          0         96   dmul.o
        46          0          0          0          0         80   dscalb.o
       162          0          0          0          0        100   dsqrt.o
        38          0          0          0          0         68   f2d.o
       110          0          0          0          0        168   fepilogue.o

    ----------------------------------------------------------------------
     10084        722        376          8          0       4996   Library Totals
         6          0          0          0          0          0   (incl. Padding)

    ----------------------------------------------------------------------

      Code (inc. data)   RO Data    RW Data    ZI Data      Debug   Library Name

      5870        604        376          0          0       2468   m_wm.l
      2696        118          0          8          0       1292   mc_w.l
      1512          0          0          0          0       1236   mf_w.l

    ----------------------------------------------------------------------
     10084        722        376          8          0       4996   Library Totals

    ----------------------------------------------------------------------

==============================================================================


      Code (inc. data)   RO Data    RW Data    ZI Data      Debug   

     29988       2042       2348        276       1980     850186   Grand Totals
     29988       2042       2348        276       1980     850186   ELF Image Totals
     29988       2042       2348        276          0          0   ROM Totals

==============================================================================

    Total RO  Size (Code + RO Data)                32336 (  31.58kB)
    Total RW  Size (RW Data + ZI Data)              2256 (   2.20kB)
    Total ROM Size (Code + RO Data + RW Data)      32612 (  31.85kB)

==============================================================================

