<!doctype html public "-//w3c//dtd html 4.0 transitional//en">
<html><head>
<title>Static Call Graph - [.\Objects\ncontroller.axf]</title></head>
<body><HR>
<H1>Static Call Graph for image .\Objects\ncontroller.axf</H1><HR>
<BR><P>#&#060CALLGRAPH&#062# ARM Linker, 6180002: Last Updated: Sat Apr 12 09:41:33 2025
<BR><P>
<H3>Maximum Stack Usage =        416 bytes + Unknown(Cycles, Untraceable Function Pointers)</H3><H3>
Call chain for Maximum Stack Depth:</H3>
main &rArr; trackless_params_init &rArr; ReadFlashParameterThree &rArr; W25QXX_Read_f &rArr; W25Q64_read &rArr; spi_read_write_byte &rArr; DL_SPI_transmitData8
<P>
<H3>
Mutually Recursive functions
</H3> <LI><a href="#[1]">NMI_Handler</a>&nbsp;&nbsp;&nbsp;&rArr;&nbsp;&nbsp;&nbsp;<a href="#[1]">NMI_Handler</a><BR>
 <LI><a href="#[2]">HardFault_Handler</a>&nbsp;&nbsp;&nbsp;&rArr;&nbsp;&nbsp;&nbsp;<a href="#[2]">HardFault_Handler</a><BR>
 <LI><a href="#[3]">SVC_Handler</a>&nbsp;&nbsp;&nbsp;&rArr;&nbsp;&nbsp;&nbsp;<a href="#[3]">SVC_Handler</a><BR>
 <LI><a href="#[4]">PendSV_Handler</a>&nbsp;&nbsp;&nbsp;&rArr;&nbsp;&nbsp;&nbsp;<a href="#[4]">PendSV_Handler</a><BR>
</UL>
<P>
<H3>
Function Pointers
</H3><UL>
 <LI><a href="#[a]">ADC0_IRQHandler</a> from nadc.o(.text.ADC0_IRQHandler) referenced from startup_mspm0g350x_uvision.o(RESET)
 <LI><a href="#[b]">ADC1_IRQHandler</a> from startup_mspm0g350x_uvision.o(.text) referenced from startup_mspm0g350x_uvision.o(RESET)
 <LI><a href="#[1b]">AES_IRQHandler</a> from startup_mspm0g350x_uvision.o(.text) referenced from startup_mspm0g350x_uvision.o(RESET)
 <LI><a href="#[c]">CANFD0_IRQHandler</a> from startup_mspm0g350x_uvision.o(.text) referenced from startup_mspm0g350x_uvision.o(RESET)
 <LI><a href="#[d]">DAC0_IRQHandler</a> from startup_mspm0g350x_uvision.o(.text) referenced from startup_mspm0g350x_uvision.o(RESET)
 <LI><a href="#[1d]">DMA_IRQHandler</a> from startup_mspm0g350x_uvision.o(.text) referenced from startup_mspm0g350x_uvision.o(RESET)
 <LI><a href="#[6]">GROUP0_IRQHandler</a> from startup_mspm0g350x_uvision.o(.text) referenced from startup_mspm0g350x_uvision.o(RESET)
 <LI><a href="#[7]">GROUP1_IRQHandler</a> from nppm.o(.text.GROUP1_IRQHandler) referenced from startup_mspm0g350x_uvision.o(RESET)
 <LI><a href="#[2]">HardFault_Handler</a> from startup_mspm0g350x_uvision.o(.text) referenced from startup_mspm0g350x_uvision.o(RESET)
 <LI><a href="#[19]">I2C0_IRQHandler</a> from startup_mspm0g350x_uvision.o(.text) referenced from startup_mspm0g350x_uvision.o(RESET)
 <LI><a href="#[1a]">I2C1_IRQHandler</a> from bsp_mpu6050.o(.text.I2C1_IRQHandler) referenced from startup_mspm0g350x_uvision.o(RESET)
 <LI><a href="#[1]">NMI_Handler</a> from startup_mspm0g350x_uvision.o(.text) referenced from startup_mspm0g350x_uvision.o(RESET)
 <LI><a href="#[4]">PendSV_Handler</a> from startup_mspm0g350x_uvision.o(.text) referenced from startup_mspm0g350x_uvision.o(RESET)
 <LI><a href="#[1c]">RTC_IRQHandler</a> from startup_mspm0g350x_uvision.o(.text) referenced from startup_mspm0g350x_uvision.o(RESET)
 <LI><a href="#[0]">Reset_Handler</a> from startup_mspm0g350x_uvision.o(.text) referenced from startup_mspm0g350x_uvision.o(RESET)
 <LI><a href="#[e]">SPI0_IRQHandler</a> from startup_mspm0g350x_uvision.o(.text) referenced from startup_mspm0g350x_uvision.o(RESET)
 <LI><a href="#[f]">SPI1_IRQHandler</a> from startup_mspm0g350x_uvision.o(.text) referenced from startup_mspm0g350x_uvision.o(RESET)
 <LI><a href="#[3]">SVC_Handler</a> from startup_mspm0g350x_uvision.o(.text) referenced from startup_mspm0g350x_uvision.o(RESET)
 <LI><a href="#[5]">SysTick_Handler</a> from system.o(.text.SysTick_Handler) referenced from startup_mspm0g350x_uvision.o(RESET)
 <LI><a href="#[15]">TIMA0_IRQHandler</a> from startup_mspm0g350x_uvision.o(.text) referenced from startup_mspm0g350x_uvision.o(RESET)
 <LI><a href="#[16]">TIMA1_IRQHandler</a> from startup_mspm0g350x_uvision.o(.text) referenced from startup_mspm0g350x_uvision.o(RESET)
 <LI><a href="#[13]">TIMG0_IRQHandler</a> from ntimer.o(.text.TIMG0_IRQHandler) referenced from startup_mspm0g350x_uvision.o(RESET)
 <LI><a href="#[18]">TIMG12_IRQHandler</a> from ntimer.o(.text.TIMG12_IRQHandler) referenced from startup_mspm0g350x_uvision.o(RESET)
 <LI><a href="#[14]">TIMG6_IRQHandler</a> from ntimer.o(.text.TIMG6_IRQHandler) referenced from startup_mspm0g350x_uvision.o(RESET)
 <LI><a href="#[17]">TIMG7_IRQHandler</a> from startup_mspm0g350x_uvision.o(.text) referenced from startup_mspm0g350x_uvision.o(RESET)
 <LI><a href="#[8]">TIMG8_IRQHandler</a> from ntimer.o(.text.TIMG8_IRQHandler) referenced from startup_mspm0g350x_uvision.o(RESET)
 <LI><a href="#[12]">UART0_IRQHandler</a> from usart3.o(.text.UART0_IRQHandler) referenced from startup_mspm0g350x_uvision.o(RESET)
 <LI><a href="#[10]">UART1_IRQHandler</a> from nuart.o(.text.UART1_IRQHandler) referenced from startup_mspm0g350x_uvision.o(RESET)
 <LI><a href="#[11]">UART2_IRQHandler</a> from nuart.o(.text.UART2_IRQHandler) referenced from startup_mspm0g350x_uvision.o(RESET)
 <LI><a href="#[9]">UART3_IRQHandler</a> from nuart.o(.text.UART3_IRQHandler) referenced from startup_mspm0g350x_uvision.o(RESET)
 <LI><a href="#[1f]">__main</a> from entry.o(.ARM.Collect$$$$00000000) referenced from startup_mspm0g350x_uvision.o(.text)
 <LI><a href="#[20]">_sputc</a> from printfa.o(i._sputc) referenced from printfa.o(i.__0sprintf)
 <LI><a href="#[1e]">main</a> from main.o(.text.main) referenced from entry9a.o(.ARM.Collect$$$$0000000B)
</UL>
<P>
<H3>
Global Symbols
</H3>
<P><STRONG><a name="[1f]"></a>__main</STRONG> (Thumb, 0 bytes, Stack size unknown bytes, entry.o(.ARM.Collect$$$$00000000))
<BR>[Address Reference Count : 1]<UL><LI> startup_mspm0g350x_uvision.o(.text)
</UL>
<P><STRONG><a name="[12f]"></a>_main_stk</STRONG> (Thumb, 0 bytes, Stack size unknown bytes, entry2.o(.ARM.Collect$$$$00000001))

<P><STRONG><a name="[21]"></a>_main_scatterload</STRONG> (Thumb, 0 bytes, Stack size unknown bytes, entry5.o(.ARM.Collect$$$$00000004))
<BR><BR>[Calls]<UL><LI><a href="#[22]">&gt;&gt;</a>&nbsp;&nbsp;&nbsp;__scatterload
</UL>

<P><STRONG><a name="[3e]"></a>__main_after_scatterload</STRONG> (Thumb, 0 bytes, Stack size unknown bytes, entry5.o(.ARM.Collect$$$$00000004))
<BR><BR>[Called By]<UL><LI><a href="#[22]">&gt;&gt;</a>&nbsp;&nbsp;&nbsp;__scatterload
</UL>

<P><STRONG><a name="[130]"></a>_main_clock</STRONG> (Thumb, 0 bytes, Stack size unknown bytes, entry7b.o(.ARM.Collect$$$$00000008))

<P><STRONG><a name="[131]"></a>_main_cpp_init</STRONG> (Thumb, 0 bytes, Stack size unknown bytes, entry8b.o(.ARM.Collect$$$$0000000A))

<P><STRONG><a name="[132]"></a>_main_init</STRONG> (Thumb, 0 bytes, Stack size unknown bytes, entry9a.o(.ARM.Collect$$$$0000000B))

<P><STRONG><a name="[133]"></a>__rt_final_cpp</STRONG> (Thumb, 0 bytes, Stack size unknown bytes, entry10a.o(.ARM.Collect$$$$0000000D))

<P><STRONG><a name="[134]"></a>__rt_final_exit</STRONG> (Thumb, 0 bytes, Stack size unknown bytes, entry11a.o(.ARM.Collect$$$$0000000F))

<P><STRONG><a name="[0]"></a>Reset_Handler</STRONG> (Thumb, 4 bytes, Stack size 0 bytes, startup_mspm0g350x_uvision.o(.text))
<BR>[Address Reference Count : 1]<UL><LI> startup_mspm0g350x_uvision.o(RESET)
</UL>
<P><STRONG><a name="[1]"></a>NMI_Handler</STRONG> (Thumb, 2 bytes, Stack size 0 bytes, startup_mspm0g350x_uvision.o(.text))
<BR><BR>[Calls]<UL><LI><a href="#[1]">&gt;&gt;</a>&nbsp;&nbsp;&nbsp;NMI_Handler
</UL>
<BR>[Called By]<UL><LI><a href="#[1]">&gt;&gt;</a>&nbsp;&nbsp;&nbsp;NMI_Handler
</UL>
<BR>[Address Reference Count : 1]<UL><LI> startup_mspm0g350x_uvision.o(RESET)
</UL>
<P><STRONG><a name="[2]"></a>HardFault_Handler</STRONG> (Thumb, 2 bytes, Stack size 0 bytes, startup_mspm0g350x_uvision.o(.text))
<BR><BR>[Calls]<UL><LI><a href="#[2]">&gt;&gt;</a>&nbsp;&nbsp;&nbsp;HardFault_Handler
</UL>
<BR>[Called By]<UL><LI><a href="#[2]">&gt;&gt;</a>&nbsp;&nbsp;&nbsp;HardFault_Handler
</UL>
<BR>[Address Reference Count : 1]<UL><LI> startup_mspm0g350x_uvision.o(RESET)
</UL>
<P><STRONG><a name="[3]"></a>SVC_Handler</STRONG> (Thumb, 2 bytes, Stack size 0 bytes, startup_mspm0g350x_uvision.o(.text))
<BR><BR>[Calls]<UL><LI><a href="#[3]">&gt;&gt;</a>&nbsp;&nbsp;&nbsp;SVC_Handler
</UL>
<BR>[Called By]<UL><LI><a href="#[3]">&gt;&gt;</a>&nbsp;&nbsp;&nbsp;SVC_Handler
</UL>
<BR>[Address Reference Count : 1]<UL><LI> startup_mspm0g350x_uvision.o(RESET)
</UL>
<P><STRONG><a name="[4]"></a>PendSV_Handler</STRONG> (Thumb, 2 bytes, Stack size 0 bytes, startup_mspm0g350x_uvision.o(.text))
<BR><BR>[Calls]<UL><LI><a href="#[4]">&gt;&gt;</a>&nbsp;&nbsp;&nbsp;PendSV_Handler
</UL>
<BR>[Called By]<UL><LI><a href="#[4]">&gt;&gt;</a>&nbsp;&nbsp;&nbsp;PendSV_Handler
</UL>
<BR>[Address Reference Count : 1]<UL><LI> startup_mspm0g350x_uvision.o(RESET)
</UL>
<P><STRONG><a name="[b]"></a>ADC1_IRQHandler</STRONG> (Thumb, 0 bytes, Stack size 0 bytes, startup_mspm0g350x_uvision.o(.text))
<BR>[Address Reference Count : 1]<UL><LI> startup_mspm0g350x_uvision.o(RESET)
</UL>
<P><STRONG><a name="[1b]"></a>AES_IRQHandler</STRONG> (Thumb, 0 bytes, Stack size 0 bytes, startup_mspm0g350x_uvision.o(.text))
<BR>[Address Reference Count : 1]<UL><LI> startup_mspm0g350x_uvision.o(RESET)
</UL>
<P><STRONG><a name="[c]"></a>CANFD0_IRQHandler</STRONG> (Thumb, 0 bytes, Stack size 0 bytes, startup_mspm0g350x_uvision.o(.text))
<BR>[Address Reference Count : 1]<UL><LI> startup_mspm0g350x_uvision.o(RESET)
</UL>
<P><STRONG><a name="[d]"></a>DAC0_IRQHandler</STRONG> (Thumb, 0 bytes, Stack size 0 bytes, startup_mspm0g350x_uvision.o(.text))
<BR>[Address Reference Count : 1]<UL><LI> startup_mspm0g350x_uvision.o(RESET)
</UL>
<P><STRONG><a name="[1d]"></a>DMA_IRQHandler</STRONG> (Thumb, 0 bytes, Stack size 0 bytes, startup_mspm0g350x_uvision.o(.text))
<BR>[Address Reference Count : 1]<UL><LI> startup_mspm0g350x_uvision.o(RESET)
</UL>
<P><STRONG><a name="[23]"></a>Default_Handler</STRONG> (Thumb, 2 bytes, Stack size 0 bytes, startup_mspm0g350x_uvision.o(.text), UNUSED)
<BR><BR>[Calls]<UL><LI><a href="#[23]">&gt;&gt;</a>&nbsp;&nbsp;&nbsp;Default_Handler
</UL>
<BR>[Called By]<UL><LI><a href="#[23]">&gt;&gt;</a>&nbsp;&nbsp;&nbsp;Default_Handler
</UL>

<P><STRONG><a name="[6]"></a>GROUP0_IRQHandler</STRONG> (Thumb, 0 bytes, Stack size 0 bytes, startup_mspm0g350x_uvision.o(.text))
<BR>[Address Reference Count : 1]<UL><LI> startup_mspm0g350x_uvision.o(RESET)
</UL>
<P><STRONG><a name="[19]"></a>I2C0_IRQHandler</STRONG> (Thumb, 0 bytes, Stack size 0 bytes, startup_mspm0g350x_uvision.o(.text))
<BR>[Address Reference Count : 1]<UL><LI> startup_mspm0g350x_uvision.o(RESET)
</UL>
<P><STRONG><a name="[1c]"></a>RTC_IRQHandler</STRONG> (Thumb, 0 bytes, Stack size 0 bytes, startup_mspm0g350x_uvision.o(.text))
<BR>[Address Reference Count : 1]<UL><LI> startup_mspm0g350x_uvision.o(RESET)
</UL>
<P><STRONG><a name="[e]"></a>SPI0_IRQHandler</STRONG> (Thumb, 0 bytes, Stack size 0 bytes, startup_mspm0g350x_uvision.o(.text))
<BR>[Address Reference Count : 1]<UL><LI> startup_mspm0g350x_uvision.o(RESET)
</UL>
<P><STRONG><a name="[f]"></a>SPI1_IRQHandler</STRONG> (Thumb, 0 bytes, Stack size 0 bytes, startup_mspm0g350x_uvision.o(.text))
<BR>[Address Reference Count : 1]<UL><LI> startup_mspm0g350x_uvision.o(RESET)
</UL>
<P><STRONG><a name="[15]"></a>TIMA0_IRQHandler</STRONG> (Thumb, 0 bytes, Stack size 0 bytes, startup_mspm0g350x_uvision.o(.text))
<BR>[Address Reference Count : 1]<UL><LI> startup_mspm0g350x_uvision.o(RESET)
</UL>
<P><STRONG><a name="[16]"></a>TIMA1_IRQHandler</STRONG> (Thumb, 0 bytes, Stack size 0 bytes, startup_mspm0g350x_uvision.o(.text))
<BR>[Address Reference Count : 1]<UL><LI> startup_mspm0g350x_uvision.o(RESET)
</UL>
<P><STRONG><a name="[17]"></a>TIMG7_IRQHandler</STRONG> (Thumb, 0 bytes, Stack size 0 bytes, startup_mspm0g350x_uvision.o(.text))
<BR>[Address Reference Count : 1]<UL><LI> startup_mspm0g350x_uvision.o(RESET)
</UL>
<P><STRONG><a name="[135]"></a>__aeabi_memcpy</STRONG> (Thumb, 36 bytes, Stack size 0 bytes, memcpya.o(.text), UNUSED)

<P><STRONG><a name="[10a]"></a>__aeabi_memcpy4</STRONG> (Thumb, 0 bytes, Stack size 0 bytes, memcpya.o(.text))
<BR><BR>[Called By]<UL><LI><a href="#[108]">&gt;&gt;</a>&nbsp;&nbsp;&nbsp;ctrl_params_init
</UL>

<P><STRONG><a name="[136]"></a>__aeabi_memcpy8</STRONG> (Thumb, 0 bytes, Stack size 0 bytes, memcpya.o(.text), UNUSED)

<P><STRONG><a name="[25]"></a>__aeabi_memset</STRONG> (Thumb, 14 bytes, Stack size 0 bytes, memseta.o(.text))
<BR><BR>[Called By]<UL><LI><a href="#[26]">&gt;&gt;</a>&nbsp;&nbsp;&nbsp;_memset$wrapper
<LI><a href="#[24]">&gt;&gt;</a>&nbsp;&nbsp;&nbsp;__aeabi_memclr
</UL>

<P><STRONG><a name="[137]"></a>__aeabi_memset4</STRONG> (Thumb, 0 bytes, Stack size 0 bytes, memseta.o(.text), UNUSED)

<P><STRONG><a name="[138]"></a>__aeabi_memset8</STRONG> (Thumb, 0 bytes, Stack size 0 bytes, memseta.o(.text), UNUSED)

<P><STRONG><a name="[24]"></a>__aeabi_memclr</STRONG> (Thumb, 4 bytes, Stack size 0 bytes, memseta.o(.text))
<BR><BR>[Calls]<UL><LI><a href="#[25]">&gt;&gt;</a>&nbsp;&nbsp;&nbsp;__aeabi_memset
</UL>
<BR>[Called By]<UL><LI><a href="#[10]">&gt;&gt;</a>&nbsp;&nbsp;&nbsp;UART1_IRQHandler
</UL>

<P><STRONG><a name="[139]"></a>__aeabi_memclr4</STRONG> (Thumb, 0 bytes, Stack size 0 bytes, memseta.o(.text), UNUSED)

<P><STRONG><a name="[13a]"></a>__aeabi_memclr8</STRONG> (Thumb, 0 bytes, Stack size 0 bytes, memseta.o(.text), UNUSED)

<P><STRONG><a name="[26]"></a>_memset$wrapper</STRONG> (Thumb, 18 bytes, Stack size 8 bytes, memseta.o(.text), UNUSED)
<BR><BR>[Calls]<UL><LI><a href="#[25]">&gt;&gt;</a>&nbsp;&nbsp;&nbsp;__aeabi_memset
</UL>

<P><STRONG><a name="[f0]"></a>strlen</STRONG> (Thumb, 14 bytes, Stack size 0 bytes, strlen.o(.text))
<BR><BR>[Called By]<UL><LI><a href="#[ed]">&gt;&gt;</a>&nbsp;&nbsp;&nbsp;SendDataToVOFA
</UL>

<P><STRONG><a name="[27]"></a>__aeabi_fadd</STRONG> (Thumb, 162 bytes, Stack size 24 bytes, fadd.o(.text))
<BR><BR>[Stack]<UL><LI>Max Depth = 36<LI>Call Chain = __aeabi_fadd &rArr; _float_epilogue
</UL>
<BR>[Calls]<UL><LI><a href="#[29]">&gt;&gt;</a>&nbsp;&nbsp;&nbsp;_float_round
<LI><a href="#[28]">&gt;&gt;</a>&nbsp;&nbsp;&nbsp;_float_epilogue
</UL>
<BR>[Called By]<UL><LI><a href="#[2a]">&gt;&gt;</a>&nbsp;&nbsp;&nbsp;__aeabi_fsub
<LI><a href="#[f2]">&gt;&gt;</a>&nbsp;&nbsp;&nbsp;get_systime
<LI><a href="#[86]">&gt;&gt;</a>&nbsp;&nbsp;&nbsp;Get_Data
<LI><a href="#[2b]">&gt;&gt;</a>&nbsp;&nbsp;&nbsp;__aeabi_frsub
</UL>

<P><STRONG><a name="[2a]"></a>__aeabi_fsub</STRONG> (Thumb, 8 bytes, Stack size 0 bytes, fadd.o(.text))
<BR><BR>[Stack]<UL><LI>Max Depth = 36<LI>Call Chain = __aeabi_fsub &rArr; __aeabi_fadd &rArr; _float_epilogue
</UL>
<BR>[Calls]<UL><LI><a href="#[27]">&gt;&gt;</a>&nbsp;&nbsp;&nbsp;__aeabi_fadd
</UL>
<BR>[Called By]<UL><LI><a href="#[10f]">&gt;&gt;</a>&nbsp;&nbsp;&nbsp;write_6_8_number
<LI><a href="#[f2]">&gt;&gt;</a>&nbsp;&nbsp;&nbsp;get_systime
</UL>

<P><STRONG><a name="[2b]"></a>__aeabi_frsub</STRONG> (Thumb, 8 bytes, Stack size 0 bytes, fadd.o(.text), UNUSED)
<BR><BR>[Calls]<UL><LI><a href="#[27]">&gt;&gt;</a>&nbsp;&nbsp;&nbsp;__aeabi_fadd
</UL>

<P><STRONG><a name="[87]"></a>__aeabi_fmul</STRONG> (Thumb, 122 bytes, Stack size 16 bytes, fmul.o(.text))
<BR><BR>[Stack]<UL><LI>Max Depth = 16<LI>Call Chain = __aeabi_fmul
</UL>
<BR>[Called By]<UL><LI><a href="#[10f]">&gt;&gt;</a>&nbsp;&nbsp;&nbsp;write_6_8_number
<LI><a href="#[f9]">&gt;&gt;</a>&nbsp;&nbsp;&nbsp;jy61p_ReceiveData
<LI><a href="#[86]">&gt;&gt;</a>&nbsp;&nbsp;&nbsp;Get_Data
</UL>

<P><STRONG><a name="[2c]"></a>__aeabi_fdiv</STRONG> (Thumb, 124 bytes, Stack size 16 bytes, fdiv.o(.text))
<BR><BR>[Stack]<UL><LI>Max Depth = 16<LI>Call Chain = __aeabi_fdiv
</UL>
<BR>[Calls]<UL><LI><a href="#[29]">&gt;&gt;</a>&nbsp;&nbsp;&nbsp;_float_round
</UL>
<BR>[Called By]<UL><LI><a href="#[f2]">&gt;&gt;</a>&nbsp;&nbsp;&nbsp;get_systime
<LI><a href="#[f9]">&gt;&gt;</a>&nbsp;&nbsp;&nbsp;jy61p_ReceiveData
</UL>

<P><STRONG><a name="[2d]"></a>__aeabi_dadd</STRONG> (Thumb, 328 bytes, Stack size 48 bytes, dadd.o(.text), UNUSED)
<BR><BR>[Calls]<UL><LI><a href="#[2f]">&gt;&gt;</a>&nbsp;&nbsp;&nbsp;__aeabi_lasr
<LI><a href="#[2e]">&gt;&gt;</a>&nbsp;&nbsp;&nbsp;__aeabi_llsl
<LI><a href="#[31]">&gt;&gt;</a>&nbsp;&nbsp;&nbsp;_double_round
<LI><a href="#[30]">&gt;&gt;</a>&nbsp;&nbsp;&nbsp;_double_epilogue
</UL>
<BR>[Called By]<UL><LI><a href="#[32]">&gt;&gt;</a>&nbsp;&nbsp;&nbsp;__aeabi_dsub
<LI><a href="#[12b]">&gt;&gt;</a>&nbsp;&nbsp;&nbsp;_fp_digits
<LI><a href="#[33]">&gt;&gt;</a>&nbsp;&nbsp;&nbsp;__aeabi_drsub
</UL>

<P><STRONG><a name="[32]"></a>__aeabi_dsub</STRONG> (Thumb, 12 bytes, Stack size 8 bytes, dadd.o(.text), UNUSED)
<BR><BR>[Calls]<UL><LI><a href="#[2d]">&gt;&gt;</a>&nbsp;&nbsp;&nbsp;__aeabi_dadd
</UL>

<P><STRONG><a name="[33]"></a>__aeabi_drsub</STRONG> (Thumb, 12 bytes, Stack size 8 bytes, dadd.o(.text), UNUSED)
<BR><BR>[Calls]<UL><LI><a href="#[2d]">&gt;&gt;</a>&nbsp;&nbsp;&nbsp;__aeabi_dadd
</UL>

<P><STRONG><a name="[34]"></a>__aeabi_dmul</STRONG> (Thumb, 202 bytes, Stack size 72 bytes, dmul.o(.text), UNUSED)
<BR><BR>[Calls]<UL><LI><a href="#[30]">&gt;&gt;</a>&nbsp;&nbsp;&nbsp;_double_epilogue
</UL>
<BR>[Called By]<UL><LI><a href="#[12b]">&gt;&gt;</a>&nbsp;&nbsp;&nbsp;_fp_digits
</UL>

<P><STRONG><a name="[35]"></a>__aeabi_ddiv</STRONG> (Thumb, 234 bytes, Stack size 40 bytes, ddiv.o(.text), UNUSED)
<BR><BR>[Calls]<UL><LI><a href="#[31]">&gt;&gt;</a>&nbsp;&nbsp;&nbsp;_double_round
</UL>
<BR>[Called By]<UL><LI><a href="#[12b]">&gt;&gt;</a>&nbsp;&nbsp;&nbsp;_fp_digits
</UL>

<P><STRONG><a name="[128]"></a>__aeabi_fcmplt</STRONG> (Thumb, 28 bytes, Stack size 0 bytes, fcmplt.o(.text))
<BR><BR>[Called By]<UL><LI><a href="#[10f]">&gt;&gt;</a>&nbsp;&nbsp;&nbsp;write_6_8_number
</UL>

<P><STRONG><a name="[126]"></a>__aeabi_fcmpge</STRONG> (Thumb, 28 bytes, Stack size 0 bytes, fcmpge.o(.text))
<BR><BR>[Called By]<UL><LI><a href="#[10f]">&gt;&gt;</a>&nbsp;&nbsp;&nbsp;write_6_8_number
</UL>

<P><STRONG><a name="[36]"></a>__aeabi_i2f</STRONG> (Thumb, 22 bytes, Stack size 8 bytes, fflti.o(.text))
<BR><BR>[Stack]<UL><LI>Max Depth = 20<LI>Call Chain = __aeabi_i2f &rArr; _float_epilogue
</UL>
<BR>[Calls]<UL><LI><a href="#[28]">&gt;&gt;</a>&nbsp;&nbsp;&nbsp;_float_epilogue
</UL>
<BR>[Called By]<UL><LI><a href="#[10f]">&gt;&gt;</a>&nbsp;&nbsp;&nbsp;write_6_8_number
<LI><a href="#[110]">&gt;&gt;</a>&nbsp;&nbsp;&nbsp;get_left_motor_speed
<LI><a href="#[111]">&gt;&gt;</a>&nbsp;&nbsp;&nbsp;get_right_motor_speed
<LI><a href="#[1e]">&gt;&gt;</a>&nbsp;&nbsp;&nbsp;main
<LI><a href="#[85]">&gt;&gt;</a>&nbsp;&nbsp;&nbsp;QEI0_IRQHandler
<LI><a href="#[f9]">&gt;&gt;</a>&nbsp;&nbsp;&nbsp;jy61p_ReceiveData
<LI><a href="#[86]">&gt;&gt;</a>&nbsp;&nbsp;&nbsp;Get_Data
</UL>

<P><STRONG><a name="[37]"></a>__aeabi_ui2f</STRONG> (Thumb, 14 bytes, Stack size 8 bytes, ffltui.o(.text))
<BR><BR>[Stack]<UL><LI>Max Depth = 20<LI>Call Chain = __aeabi_ui2f &rArr; _float_epilogue
</UL>
<BR>[Calls]<UL><LI><a href="#[28]">&gt;&gt;</a>&nbsp;&nbsp;&nbsp;_float_epilogue
</UL>
<BR>[Called By]<UL><LI><a href="#[f2]">&gt;&gt;</a>&nbsp;&nbsp;&nbsp;get_systime
</UL>

<P><STRONG><a name="[100]"></a>__aeabi_f2iz</STRONG> (Thumb, 50 bytes, Stack size 0 bytes, ffixi.o(.text))
<BR><BR>[Called By]<UL><LI><a href="#[10f]">&gt;&gt;</a>&nbsp;&nbsp;&nbsp;write_6_8_number
<LI><a href="#[f2]">&gt;&gt;</a>&nbsp;&nbsp;&nbsp;get_systime
<LI><a href="#[113]">&gt;&gt;</a>&nbsp;&nbsp;&nbsp;trackless_params_init
<LI><a href="#[1e]">&gt;&gt;</a>&nbsp;&nbsp;&nbsp;main
<LI><a href="#[fe]">&gt;&gt;</a>&nbsp;&nbsp;&nbsp;bluetooth_app_prase
<LI><a href="#[fc]">&gt;&gt;</a>&nbsp;&nbsp;&nbsp;USART_PID_Adjust
</UL>

<P><STRONG><a name="[ee]"></a>__aeabi_f2d</STRONG> (Thumb, 40 bytes, Stack size 0 bytes, f2d.o(.text))
<BR><BR>[Called By]<UL><LI><a href="#[ed]">&gt;&gt;</a>&nbsp;&nbsp;&nbsp;SendDataToVOFA
</UL>

<P><STRONG><a name="[106]"></a>__aeabi_uidiv</STRONG> (Thumb, 0 bytes, Stack size 16 bytes, uidiv_div0.o(.text))
<BR><BR>[Stack]<UL><LI>Max Depth = 16<LI>Call Chain = __aeabi_uidiv
</UL>
<BR>[Called By]<UL><LI><a href="#[10d]">&gt;&gt;</a>&nbsp;&nbsp;&nbsp;micros
<LI><a href="#[105]">&gt;&gt;</a>&nbsp;&nbsp;&nbsp;bling_set
</UL>

<P><STRONG><a name="[39]"></a>__aeabi_uidivmod</STRONG> (Thumb, 62 bytes, Stack size 16 bytes, uidiv_div0.o(.text))
<BR><BR>[Stack]<UL><LI>Max Depth = 16<LI>Call Chain = __aeabi_uidivmod
</UL>
<BR>[Called By]<UL><LI><a href="#[38]">&gt;&gt;</a>&nbsp;&nbsp;&nbsp;__aeabi_idivmod
<LI><a href="#[12a]">&gt;&gt;</a>&nbsp;&nbsp;&nbsp;_printf_core
</UL>

<P><STRONG><a name="[127]"></a>__aeabi_idiv</STRONG> (Thumb, 0 bytes, Stack size 16 bytes, idiv_div0.o(.text))
<BR><BR>[Stack]<UL><LI>Max Depth = 16<LI>Call Chain = __aeabi_idiv
</UL>
<BR>[Called By]<UL><LI><a href="#[10f]">&gt;&gt;</a>&nbsp;&nbsp;&nbsp;write_6_8_number
</UL>

<P><STRONG><a name="[38]"></a>__aeabi_idivmod</STRONG> (Thumb, 74 bytes, Stack size 16 bytes, idiv_div0.o(.text))
<BR><BR>[Stack]<UL><LI>Max Depth = 32<LI>Call Chain = __aeabi_idivmod &rArr; __aeabi_uidivmod
</UL>
<BR>[Calls]<UL><LI><a href="#[39]">&gt;&gt;</a>&nbsp;&nbsp;&nbsp;__aeabi_uidivmod
</UL>
<BR>[Called By]<UL><LI><a href="#[10f]">&gt;&gt;</a>&nbsp;&nbsp;&nbsp;write_6_8_number
</UL>

<P><STRONG><a name="[3a]"></a>__aeabi_uldivmod</STRONG> (Thumb, 96 bytes, Stack size 48 bytes, uldiv.o(.text), UNUSED)
<BR><BR>[Calls]<UL><LI><a href="#[3b]">&gt;&gt;</a>&nbsp;&nbsp;&nbsp;__aeabi_llsr
<LI><a href="#[2e]">&gt;&gt;</a>&nbsp;&nbsp;&nbsp;__aeabi_llsl
</UL>
<BR>[Called By]<UL><LI><a href="#[12a]">&gt;&gt;</a>&nbsp;&nbsp;&nbsp;_printf_core
<LI><a href="#[12b]">&gt;&gt;</a>&nbsp;&nbsp;&nbsp;_fp_digits
</UL>

<P><STRONG><a name="[2e]"></a>__aeabi_llsl</STRONG> (Thumb, 32 bytes, Stack size 8 bytes, llshl.o(.text), UNUSED)
<BR><BR>[Called By]<UL><LI><a href="#[2d]">&gt;&gt;</a>&nbsp;&nbsp;&nbsp;__aeabi_dadd
<LI><a href="#[3a]">&gt;&gt;</a>&nbsp;&nbsp;&nbsp;__aeabi_uldivmod
<LI><a href="#[30]">&gt;&gt;</a>&nbsp;&nbsp;&nbsp;_double_epilogue
<LI><a href="#[3d]">&gt;&gt;</a>&nbsp;&nbsp;&nbsp;__aeabi_d2ulz
</UL>

<P><STRONG><a name="[13b]"></a>_ll_shift_l</STRONG> (Thumb, 0 bytes, Stack size 8 bytes, llshl.o(.text), UNUSED)

<P><STRONG><a name="[2f]"></a>__aeabi_lasr</STRONG> (Thumb, 38 bytes, Stack size 8 bytes, llsshr.o(.text), UNUSED)
<BR><BR>[Called By]<UL><LI><a href="#[2d]">&gt;&gt;</a>&nbsp;&nbsp;&nbsp;__aeabi_dadd
</UL>

<P><STRONG><a name="[13c]"></a>_ll_sshift_r</STRONG> (Thumb, 0 bytes, Stack size 8 bytes, llsshr.o(.text), UNUSED)

<P><STRONG><a name="[13d]"></a>__I$use$fp</STRONG> (Thumb, 0 bytes, Stack size 0 bytes, iusefp.o(.text), UNUSED)

<P><STRONG><a name="[29]"></a>_float_round</STRONG> (Thumb, 16 bytes, Stack size 0 bytes, fepilogue.o(.text))
<BR><BR>[Called By]<UL><LI><a href="#[27]">&gt;&gt;</a>&nbsp;&nbsp;&nbsp;__aeabi_fadd
<LI><a href="#[2c]">&gt;&gt;</a>&nbsp;&nbsp;&nbsp;__aeabi_fdiv
</UL>

<P><STRONG><a name="[28]"></a>_float_epilogue</STRONG> (Thumb, 114 bytes, Stack size 12 bytes, fepilogue.o(.text))
<BR><BR>[Stack]<UL><LI>Max Depth = 12<LI>Call Chain = _float_epilogue
</UL>
<BR>[Called By]<UL><LI><a href="#[27]">&gt;&gt;</a>&nbsp;&nbsp;&nbsp;__aeabi_fadd
<LI><a href="#[37]">&gt;&gt;</a>&nbsp;&nbsp;&nbsp;__aeabi_ui2f
<LI><a href="#[36]">&gt;&gt;</a>&nbsp;&nbsp;&nbsp;__aeabi_i2f
</UL>

<P><STRONG><a name="[31]"></a>_double_round</STRONG> (Thumb, 26 bytes, Stack size 8 bytes, depilogue.o(.text), UNUSED)
<BR><BR>[Called By]<UL><LI><a href="#[35]">&gt;&gt;</a>&nbsp;&nbsp;&nbsp;__aeabi_ddiv
<LI><a href="#[2d]">&gt;&gt;</a>&nbsp;&nbsp;&nbsp;__aeabi_dadd
<LI><a href="#[30]">&gt;&gt;</a>&nbsp;&nbsp;&nbsp;_double_epilogue
</UL>

<P><STRONG><a name="[30]"></a>_double_epilogue</STRONG> (Thumb, 164 bytes, Stack size 48 bytes, depilogue.o(.text), UNUSED)
<BR><BR>[Calls]<UL><LI><a href="#[3b]">&gt;&gt;</a>&nbsp;&nbsp;&nbsp;__aeabi_llsr
<LI><a href="#[3c]">&gt;&gt;</a>&nbsp;&nbsp;&nbsp;__ARM_clz
<LI><a href="#[2e]">&gt;&gt;</a>&nbsp;&nbsp;&nbsp;__aeabi_llsl
<LI><a href="#[31]">&gt;&gt;</a>&nbsp;&nbsp;&nbsp;_double_round
</UL>
<BR>[Called By]<UL><LI><a href="#[34]">&gt;&gt;</a>&nbsp;&nbsp;&nbsp;__aeabi_dmul
<LI><a href="#[2d]">&gt;&gt;</a>&nbsp;&nbsp;&nbsp;__aeabi_dadd
</UL>

<P><STRONG><a name="[3d]"></a>__aeabi_d2ulz</STRONG> (Thumb, 54 bytes, Stack size 8 bytes, dfixul.o(.text), UNUSED)
<BR><BR>[Calls]<UL><LI><a href="#[3b]">&gt;&gt;</a>&nbsp;&nbsp;&nbsp;__aeabi_llsr
<LI><a href="#[2e]">&gt;&gt;</a>&nbsp;&nbsp;&nbsp;__aeabi_llsl
</UL>
<BR>[Called By]<UL><LI><a href="#[12b]">&gt;&gt;</a>&nbsp;&nbsp;&nbsp;_fp_digits
</UL>

<P><STRONG><a name="[12c]"></a>__aeabi_cdrcmple</STRONG> (Thumb, 38 bytes, Stack size 0 bytes, cdrcmple.o(.text), UNUSED)
<BR><BR>[Called By]<UL><LI><a href="#[12b]">&gt;&gt;</a>&nbsp;&nbsp;&nbsp;_fp_digits
</UL>

<P><STRONG><a name="[22]"></a>__scatterload</STRONG> (Thumb, 28 bytes, Stack size 0 bytes, init.o(.text))
<BR><BR>[Calls]<UL><LI><a href="#[3e]">&gt;&gt;</a>&nbsp;&nbsp;&nbsp;__main_after_scatterload
</UL>
<BR>[Called By]<UL><LI><a href="#[21]">&gt;&gt;</a>&nbsp;&nbsp;&nbsp;_main_scatterload
</UL>

<P><STRONG><a name="[13e]"></a>__scatterload_rt2</STRONG> (Thumb, 0 bytes, Stack size 0 bytes, init.o(.text), UNUSED)

<P><STRONG><a name="[3b]"></a>__aeabi_llsr</STRONG> (Thumb, 34 bytes, Stack size 8 bytes, llushr.o(.text), UNUSED)
<BR><BR>[Called By]<UL><LI><a href="#[3a]">&gt;&gt;</a>&nbsp;&nbsp;&nbsp;__aeabi_uldivmod
<LI><a href="#[30]">&gt;&gt;</a>&nbsp;&nbsp;&nbsp;_double_epilogue
<LI><a href="#[3d]">&gt;&gt;</a>&nbsp;&nbsp;&nbsp;__aeabi_d2ulz
</UL>

<P><STRONG><a name="[13f]"></a>_ll_ushift_r</STRONG> (Thumb, 0 bytes, Stack size 8 bytes, llushr.o(.text), UNUSED)

<P><STRONG><a name="[140]"></a>__decompress</STRONG> (Thumb, 0 bytes, Stack size unknown bytes, __dczerorl.o(.text), UNUSED)

<P><STRONG><a name="[141]"></a>__decompress0</STRONG> (Thumb, 58 bytes, Stack size unknown bytes, __dczerorl.o(.text), UNUSED)

<P><STRONG><a name="[a]"></a>ADC0_IRQHandler</STRONG> (Thumb, 28 bytes, Stack size 8 bytes, nadc.o(.text.ADC0_IRQHandler))
<BR><BR>[Stack]<UL><LI>Max Depth = 12<LI>Call Chain = ADC0_IRQHandler &rArr; DL_ADC12_getPendingInterrupt
</UL>
<BR>[Calls]<UL><LI><a href="#[3f]">&gt;&gt;</a>&nbsp;&nbsp;&nbsp;DL_ADC12_getPendingInterrupt
</UL>
<BR>[Address Reference Count : 1]<UL><LI> startup_mspm0g350x_uvision.o(RESET)
</UL>
<P><STRONG><a name="[117]"></a>Button_Init</STRONG> (Thumb, 120 bytes, Stack size 8 bytes, nbutton.o(.text.Button_Init))
<BR><BR>[Stack]<UL><LI>Max Depth = 8<LI>Call Chain = Button_Init
</UL>
<BR>[Called By]<UL><LI><a href="#[1e]">&gt;&gt;</a>&nbsp;&nbsp;&nbsp;main
</UL>

<P><STRONG><a name="[107]"></a>Byte2Float</STRONG> (Thumb, 68 bytes, Stack size 16 bytes, nclink.o(.text.Byte2Float))
<BR><BR>[Stack]<UL><LI>Max Depth = 16<LI>Call Chain = Byte2Float
</UL>
<BR>[Called By]<UL><LI><a href="#[fe]">&gt;&gt;</a>&nbsp;&nbsp;&nbsp;bluetooth_app_prase
</UL>

<P><STRONG><a name="[40]"></a>DL_ADC12_setClockConfig</STRONG> (Thumb, 64 bytes, Stack size 16 bytes, dl_adc12.o(.text.DL_ADC12_setClockConfig))
<BR><BR>[Stack]<UL><LI>Max Depth = 32<LI>Call Chain = DL_ADC12_setClockConfig &rArr; DL_Common_updateReg
</UL>
<BR>[Calls]<UL><LI><a href="#[41]">&gt;&gt;</a>&nbsp;&nbsp;&nbsp;DL_Common_updateReg
</UL>
<BR>[Called By]<UL><LI><a href="#[9e]">&gt;&gt;</a>&nbsp;&nbsp;&nbsp;SYSCFG_DL_ADC12_0_init
</UL>

<P><STRONG><a name="[ec]"></a>DL_Common_delayCycles</STRONG> (Thumb, 20 bytes, Stack size 8 bytes, dl_common.o(.text.DL_Common_delayCycles))
<BR><BR>[Stack]<UL><LI>Max Depth = 8<LI>Call Chain = DL_Common_delayCycles
</UL>
<BR>[Called By]<UL><LI><a href="#[df]">&gt;&gt;</a>&nbsp;&nbsp;&nbsp;SYSCFG_DL_initPower
</UL>

<P><STRONG><a name="[44]"></a>DL_DMA_initChannel</STRONG> (Thumb, 70 bytes, Stack size 56 bytes, dl_dma.o(.text.DL_DMA_initChannel))
<BR><BR>[Stack]<UL><LI>Max Depth = 104<LI>Call Chain = DL_DMA_initChannel &rArr; DL_DMA_setTrigger &rArr; DL_Common_updateReg
</UL>
<BR>[Calls]<UL><LI><a href="#[46]">&gt;&gt;</a>&nbsp;&nbsp;&nbsp;DL_DMA_setTrigger
<LI><a href="#[45]">&gt;&gt;</a>&nbsp;&nbsp;&nbsp;DL_DMA_configTransfer
</UL>
<BR>[Called By]<UL><LI><a href="#[a5]">&gt;&gt;</a>&nbsp;&nbsp;&nbsp;SYSCFG_DL_DMA_CH0_init
</UL>

<P><STRONG><a name="[48]"></a>DL_I2C_fillControllerTXFIFO</STRONG> (Thumb, 84 bytes, Stack size 24 bytes, dl_i2c.o(.text.DL_I2C_fillControllerTXFIFO))
<BR><BR>[Stack]<UL><LI>Max Depth = 32<LI>Call Chain = DL_I2C_fillControllerTXFIFO &rArr; DL_I2C_transmitControllerData
</UL>
<BR>[Calls]<UL><LI><a href="#[4a]">&gt;&gt;</a>&nbsp;&nbsp;&nbsp;DL_I2C_transmitControllerData
<LI><a href="#[49]">&gt;&gt;</a>&nbsp;&nbsp;&nbsp;DL_I2C_isControllerTXFIFOFull
</UL>
<BR>[Called By]<UL><LI><a href="#[1a]">&gt;&gt;</a>&nbsp;&nbsp;&nbsp;I2C1_IRQHandler
</UL>

<P><STRONG><a name="[4c]"></a>DL_I2C_setClockConfig</STRONG> (Thumb, 48 bytes, Stack size 16 bytes, dl_i2c.o(.text.DL_I2C_setClockConfig))
<BR><BR>[Stack]<UL><LI>Max Depth = 32<LI>Call Chain = DL_I2C_setClockConfig &rArr; DL_Common_updateReg
</UL>
<BR>[Calls]<UL><LI><a href="#[4d]">&gt;&gt;</a>&nbsp;&nbsp;&nbsp;DL_Common_updateReg
</UL>
<BR>[Called By]<UL><LI><a href="#[b7]">&gt;&gt;</a>&nbsp;&nbsp;&nbsp;SYSCFG_DL_I2C_0_init
</UL>

<P><STRONG><a name="[50]"></a>DL_SPI_init</STRONG> (Thumb, 64 bytes, Stack size 16 bytes, dl_spi.o(.text.DL_SPI_init))
<BR><BR>[Stack]<UL><LI>Max Depth = 32<LI>Call Chain = DL_SPI_init &rArr; DL_Common_updateReg
</UL>
<BR>[Calls]<UL><LI><a href="#[51]">&gt;&gt;</a>&nbsp;&nbsp;&nbsp;DL_Common_updateReg
</UL>
<BR>[Called By]<UL><LI><a href="#[c3]">&gt;&gt;</a>&nbsp;&nbsp;&nbsp;SYSCFG_DL_SPI_0_init
</UL>

<P><STRONG><a name="[c4]"></a>DL_SPI_setClockConfig</STRONG> (Thumb, 32 bytes, Stack size 8 bytes, dl_spi.o(.text.DL_SPI_setClockConfig))
<BR><BR>[Stack]<UL><LI>Max Depth = 8<LI>Call Chain = DL_SPI_setClockConfig
</UL>
<BR>[Called By]<UL><LI><a href="#[c3]">&gt;&gt;</a>&nbsp;&nbsp;&nbsp;SYSCFG_DL_SPI_0_init
</UL>

<P><STRONG><a name="[54]"></a>DL_SYSCTL_configSYSPLL</STRONG> (Thumb, 208 bytes, Stack size 32 bytes, dl_sysctl_mspm0g1x0x_g3x0x.o(.text.DL_SYSCTL_configSYSPLL))
<BR><BR>[Stack]<UL><LI>Max Depth = 48<LI>Call Chain = DL_SYSCTL_configSYSPLL &rArr; DL_Common_updateReg
</UL>
<BR>[Calls]<UL><LI><a href="#[59]">&gt;&gt;</a>&nbsp;&nbsp;&nbsp;DL_CORE_configInstruction
<LI><a href="#[58]">&gt;&gt;</a>&nbsp;&nbsp;&nbsp;DL_CORE_getInstructionConfig
<LI><a href="#[57]">&gt;&gt;</a>&nbsp;&nbsp;&nbsp;DL_Common_updateReg
<LI><a href="#[56]">&gt;&gt;</a>&nbsp;&nbsp;&nbsp;DL_SYSCTL_getClockStatus
<LI><a href="#[55]">&gt;&gt;</a>&nbsp;&nbsp;&nbsp;DL_SYSCTL_disableSYSPLL
</UL>
<BR>[Called By]<UL><LI><a href="#[c8]">&gt;&gt;</a>&nbsp;&nbsp;&nbsp;SYSCFG_DL_SYSCTL_init
</UL>

<P><STRONG><a name="[5c]"></a>DL_SYSCTL_setHFCLKSourceHFXTParams</STRONG> (Thumb, 96 bytes, Stack size 32 bytes, dl_sysctl_mspm0g1x0x_g3x0x.o(.text.DL_SYSCTL_setHFCLKSourceHFXTParams))
<BR><BR>[Stack]<UL><LI>Max Depth = 64<LI>Call Chain = DL_SYSCTL_setHFCLKSourceHFXTParams &rArr; DL_SYSCTL_setHFXTStartupTime &rArr; DL_Common_updateReg
</UL>
<BR>[Calls]<UL><LI><a href="#[61]">&gt;&gt;</a>&nbsp;&nbsp;&nbsp;DL_SYSCTL_disableHFCLKStartupMonitor
<LI><a href="#[60]">&gt;&gt;</a>&nbsp;&nbsp;&nbsp;DL_SYSCTL_enableHFCLKStartupMonitor
<LI><a href="#[5f]">&gt;&gt;</a>&nbsp;&nbsp;&nbsp;DL_SYSCTL_setHFXTStartupTime
<LI><a href="#[5e]">&gt;&gt;</a>&nbsp;&nbsp;&nbsp;DL_SYSCTL_setHFXTFrequencyRange
<LI><a href="#[5d]">&gt;&gt;</a>&nbsp;&nbsp;&nbsp;DL_SYSCTL_disableHFXT
<LI><a href="#[56]">&gt;&gt;</a>&nbsp;&nbsp;&nbsp;DL_SYSCTL_getClockStatus
</UL>
<BR>[Called By]<UL><LI><a href="#[c8]">&gt;&gt;</a>&nbsp;&nbsp;&nbsp;SYSCFG_DL_SYSCTL_init
</UL>

<P><STRONG><a name="[65]"></a>DL_SYSCTL_switchMCLKfromSYSOSCtoHSCLK</STRONG> (Thumb, 72 bytes, Stack size 16 bytes, dl_sysctl_mspm0g1x0x_g3x0x.o(.text.DL_SYSCTL_switchMCLKfromSYSOSCtoHSCLK))
<BR><BR>[Stack]<UL><LI>Max Depth = 20<LI>Call Chain = DL_SYSCTL_switchMCLKfromSYSOSCtoHSCLK &rArr; DL_SYSCTL_setHSCLKSource
</UL>
<BR>[Calls]<UL><LI><a href="#[66]">&gt;&gt;</a>&nbsp;&nbsp;&nbsp;DL_SYSCTL_setHSCLKSource
<LI><a href="#[56]">&gt;&gt;</a>&nbsp;&nbsp;&nbsp;DL_SYSCTL_getClockStatus
</UL>
<BR>[Called By]<UL><LI><a href="#[c8]">&gt;&gt;</a>&nbsp;&nbsp;&nbsp;SYSCFG_DL_SYSCTL_init
</UL>

<P><STRONG><a name="[67]"></a>DL_Serial_SendArray</STRONG> (Thumb, 50 bytes, Stack size 24 bytes, vofa.o(.text.DL_Serial_SendArray))
<BR><BR>[Stack]<UL><LI>Max Depth = 48<LI>Call Chain = DL_Serial_SendArray &rArr; DL_UART_transmitDataBlocking &rArr; DL_UART_transmitData
</UL>
<BR>[Calls]<UL><LI><a href="#[68]">&gt;&gt;</a>&nbsp;&nbsp;&nbsp;DL_UART_transmitDataBlocking
</UL>
<BR>[Called By]<UL><LI><a href="#[ed]">&gt;&gt;</a>&nbsp;&nbsp;&nbsp;SendDataToVOFA
</UL>

<P><STRONG><a name="[69]"></a>DL_TimerA_initPWMMode</STRONG> (Thumb, 234 bytes, Stack size 56 bytes, dl_timer.o(.text.DL_TimerA_initPWMMode))
<BR><BR>[Stack]<UL><LI>Max Depth = 152<LI>Call Chain = DL_TimerA_initPWMMode &rArr; DL_Timer_initPWMMode &rArr; DL_Timer_setCaptureCompareInput &rArr; DL_Common_updateReg
</UL>
<BR>[Calls]<UL><LI><a href="#[6c]">&gt;&gt;</a>&nbsp;&nbsp;&nbsp;DL_Timer_setCaptureCompareOutCtl
<LI><a href="#[6a]">&gt;&gt;</a>&nbsp;&nbsp;&nbsp;DL_Timer_setCaptureCompareAction
<LI><a href="#[6e]">&gt;&gt;</a>&nbsp;&nbsp;&nbsp;DL_Timer_initPWMMode
<LI><a href="#[6d]">&gt;&gt;</a>&nbsp;&nbsp;&nbsp;DL_Timer_setCaptureCompareInput
<LI><a href="#[6b]">&gt;&gt;</a>&nbsp;&nbsp;&nbsp;DL_Timer_setCaptureCompareCtl
</UL>
<BR>[Called By]<UL><LI><a href="#[c1]">&gt;&gt;</a>&nbsp;&nbsp;&nbsp;SYSCFG_DL_PWM_1_init
<LI><a href="#[bd]">&gt;&gt;</a>&nbsp;&nbsp;&nbsp;SYSCFG_DL_PWM_0_init
</UL>

<P><STRONG><a name="[6e]"></a>DL_Timer_initPWMMode</STRONG> (Thumb, 260 bytes, Stack size 48 bytes, dl_timer.o(.text.DL_Timer_initPWMMode))
<BR><BR>[Stack]<UL><LI>Max Depth = 96<LI>Call Chain = DL_Timer_initPWMMode &rArr; DL_Timer_setCaptureCompareInput &rArr; DL_Common_updateReg
</UL>
<BR>[Calls]<UL><LI><a href="#[6c]">&gt;&gt;</a>&nbsp;&nbsp;&nbsp;DL_Timer_setCaptureCompareOutCtl
<LI><a href="#[6a]">&gt;&gt;</a>&nbsp;&nbsp;&nbsp;DL_Timer_setCaptureCompareAction
<LI><a href="#[6d]">&gt;&gt;</a>&nbsp;&nbsp;&nbsp;DL_Timer_setCaptureCompareInput
<LI><a href="#[6b]">&gt;&gt;</a>&nbsp;&nbsp;&nbsp;DL_Timer_setCaptureCompareCtl
<LI><a href="#[71]">&gt;&gt;</a>&nbsp;&nbsp;&nbsp;DL_Common_updateReg
<LI><a href="#[70]">&gt;&gt;</a>&nbsp;&nbsp;&nbsp;DL_Timer_setCounterValueAfterEnable
<LI><a href="#[6f]">&gt;&gt;</a>&nbsp;&nbsp;&nbsp;DL_Timer_setLoadValue
</UL>
<BR>[Called By]<UL><LI><a href="#[69]">&gt;&gt;</a>&nbsp;&nbsp;&nbsp;DL_TimerA_initPWMMode
<LI><a href="#[c2]">&gt;&gt;</a>&nbsp;&nbsp;&nbsp;SYSCFG_DL_PWM_2_init
</UL>

<P><STRONG><a name="[72]"></a>DL_Timer_initTimerMode</STRONG> (Thumb, 252 bytes, Stack size 24 bytes, dl_timer.o(.text.DL_Timer_initTimerMode))
<BR><BR>[Stack]<UL><LI>Max Depth = 72<LI>Call Chain = DL_Timer_initTimerMode &rArr; DL_Timer_setCaptureCompareCtl &rArr; DL_Common_updateReg
</UL>
<BR>[Calls]<UL><LI><a href="#[6b]">&gt;&gt;</a>&nbsp;&nbsp;&nbsp;DL_Timer_setCaptureCompareCtl
<LI><a href="#[73]">&gt;&gt;</a>&nbsp;&nbsp;&nbsp;DL_Timer_setCaptureCompareValue
<LI><a href="#[70]">&gt;&gt;</a>&nbsp;&nbsp;&nbsp;DL_Timer_setCounterValueAfterEnable
<LI><a href="#[6f]">&gt;&gt;</a>&nbsp;&nbsp;&nbsp;DL_Timer_setLoadValue
</UL>
<BR>[Called By]<UL><LI><a href="#[d3]">&gt;&gt;</a>&nbsp;&nbsp;&nbsp;SYSCFG_DL_TIMER_G12_init
<LI><a href="#[d4]">&gt;&gt;</a>&nbsp;&nbsp;&nbsp;SYSCFG_DL_TIMER_G8_init
<LI><a href="#[d2]">&gt;&gt;</a>&nbsp;&nbsp;&nbsp;SYSCFG_DL_TIMER_2_init
<LI><a href="#[d0]">&gt;&gt;</a>&nbsp;&nbsp;&nbsp;SYSCFG_DL_TIMER_1_init
</UL>

<P><STRONG><a name="[74]"></a>DL_Timer_setCaptCompUpdateMethod</STRONG> (Thumb, 48 bytes, Stack size 24 bytes, dl_timer.o(.text.DL_Timer_setCaptCompUpdateMethod))
<BR><BR>[Stack]<UL><LI>Max Depth = 40<LI>Call Chain = DL_Timer_setCaptCompUpdateMethod &rArr; DL_Common_updateReg
</UL>
<BR>[Calls]<UL><LI><a href="#[71]">&gt;&gt;</a>&nbsp;&nbsp;&nbsp;DL_Common_updateReg
</UL>
<BR>[Called By]<UL><LI><a href="#[c2]">&gt;&gt;</a>&nbsp;&nbsp;&nbsp;SYSCFG_DL_PWM_2_init
<LI><a href="#[c1]">&gt;&gt;</a>&nbsp;&nbsp;&nbsp;SYSCFG_DL_PWM_1_init
<LI><a href="#[bd]">&gt;&gt;</a>&nbsp;&nbsp;&nbsp;SYSCFG_DL_PWM_0_init
</UL>

<P><STRONG><a name="[6a]"></a>DL_Timer_setCaptureCompareAction</STRONG> (Thumb, 44 bytes, Stack size 24 bytes, dl_timer.o(.text.DL_Timer_setCaptureCompareAction))
<BR><BR>[Stack]<UL><LI>Max Depth = 40<LI>Call Chain = DL_Timer_setCaptureCompareAction &rArr; DL_Common_updateReg
</UL>
<BR>[Calls]<UL><LI><a href="#[71]">&gt;&gt;</a>&nbsp;&nbsp;&nbsp;DL_Common_updateReg
</UL>
<BR>[Called By]<UL><LI><a href="#[69]">&gt;&gt;</a>&nbsp;&nbsp;&nbsp;DL_TimerA_initPWMMode
<LI><a href="#[6e]">&gt;&gt;</a>&nbsp;&nbsp;&nbsp;DL_Timer_initPWMMode
</UL>

<P><STRONG><a name="[6b]"></a>DL_Timer_setCaptureCompareCtl</STRONG> (Thumb, 52 bytes, Stack size 32 bytes, dl_timer.o(.text.DL_Timer_setCaptureCompareCtl))
<BR><BR>[Stack]<UL><LI>Max Depth = 48<LI>Call Chain = DL_Timer_setCaptureCompareCtl &rArr; DL_Common_updateReg
</UL>
<BR>[Calls]<UL><LI><a href="#[71]">&gt;&gt;</a>&nbsp;&nbsp;&nbsp;DL_Common_updateReg
</UL>
<BR>[Called By]<UL><LI><a href="#[69]">&gt;&gt;</a>&nbsp;&nbsp;&nbsp;DL_TimerA_initPWMMode
<LI><a href="#[6e]">&gt;&gt;</a>&nbsp;&nbsp;&nbsp;DL_Timer_initPWMMode
<LI><a href="#[72]">&gt;&gt;</a>&nbsp;&nbsp;&nbsp;DL_Timer_initTimerMode
</UL>

<P><STRONG><a name="[6d]"></a>DL_Timer_setCaptureCompareInput</STRONG> (Thumb, 52 bytes, Stack size 32 bytes, dl_timer.o(.text.DL_Timer_setCaptureCompareInput))
<BR><BR>[Stack]<UL><LI>Max Depth = 48<LI>Call Chain = DL_Timer_setCaptureCompareInput &rArr; DL_Common_updateReg
</UL>
<BR>[Calls]<UL><LI><a href="#[71]">&gt;&gt;</a>&nbsp;&nbsp;&nbsp;DL_Common_updateReg
</UL>
<BR>[Called By]<UL><LI><a href="#[69]">&gt;&gt;</a>&nbsp;&nbsp;&nbsp;DL_TimerA_initPWMMode
<LI><a href="#[6e]">&gt;&gt;</a>&nbsp;&nbsp;&nbsp;DL_Timer_initPWMMode
</UL>

<P><STRONG><a name="[6c]"></a>DL_Timer_setCaptureCompareOutCtl</STRONG> (Thumb, 60 bytes, Stack size 36 bytes, dl_timer.o(.text.DL_Timer_setCaptureCompareOutCtl))
<BR><BR>[Stack]<UL><LI>Max Depth = 36<LI>Call Chain = DL_Timer_setCaptureCompareOutCtl
</UL>
<BR>[Called By]<UL><LI><a href="#[69]">&gt;&gt;</a>&nbsp;&nbsp;&nbsp;DL_TimerA_initPWMMode
<LI><a href="#[6e]">&gt;&gt;</a>&nbsp;&nbsp;&nbsp;DL_Timer_initPWMMode
<LI><a href="#[c2]">&gt;&gt;</a>&nbsp;&nbsp;&nbsp;SYSCFG_DL_PWM_2_init
<LI><a href="#[c1]">&gt;&gt;</a>&nbsp;&nbsp;&nbsp;SYSCFG_DL_PWM_1_init
<LI><a href="#[bd]">&gt;&gt;</a>&nbsp;&nbsp;&nbsp;SYSCFG_DL_PWM_0_init
</UL>

<P><STRONG><a name="[73]"></a>DL_Timer_setCaptureCompareValue</STRONG> (Thumb, 40 bytes, Stack size 16 bytes, dl_timer.o(.text.DL_Timer_setCaptureCompareValue))
<BR><BR>[Stack]<UL><LI>Max Depth = 16<LI>Call Chain = DL_Timer_setCaptureCompareValue
</UL>
<BR>[Called By]<UL><LI><a href="#[72]">&gt;&gt;</a>&nbsp;&nbsp;&nbsp;DL_Timer_initTimerMode
<LI><a href="#[c2]">&gt;&gt;</a>&nbsp;&nbsp;&nbsp;SYSCFG_DL_PWM_2_init
<LI><a href="#[c1]">&gt;&gt;</a>&nbsp;&nbsp;&nbsp;SYSCFG_DL_PWM_1_init
<LI><a href="#[bd]">&gt;&gt;</a>&nbsp;&nbsp;&nbsp;SYSCFG_DL_PWM_0_init
<LI><a href="#[96]">&gt;&gt;</a>&nbsp;&nbsp;&nbsp;PWM_Output
</UL>

<P><STRONG><a name="[be]"></a>DL_Timer_setClockConfig</STRONG> (Thumb, 44 bytes, Stack size 8 bytes, dl_timer.o(.text.DL_Timer_setClockConfig))
<BR><BR>[Stack]<UL><LI>Max Depth = 8<LI>Call Chain = DL_Timer_setClockConfig
</UL>
<BR>[Called By]<UL><LI><a href="#[d3]">&gt;&gt;</a>&nbsp;&nbsp;&nbsp;SYSCFG_DL_TIMER_G12_init
<LI><a href="#[d4]">&gt;&gt;</a>&nbsp;&nbsp;&nbsp;SYSCFG_DL_TIMER_G8_init
<LI><a href="#[d2]">&gt;&gt;</a>&nbsp;&nbsp;&nbsp;SYSCFG_DL_TIMER_2_init
<LI><a href="#[d0]">&gt;&gt;</a>&nbsp;&nbsp;&nbsp;SYSCFG_DL_TIMER_1_init
<LI><a href="#[c2]">&gt;&gt;</a>&nbsp;&nbsp;&nbsp;SYSCFG_DL_PWM_2_init
<LI><a href="#[c1]">&gt;&gt;</a>&nbsp;&nbsp;&nbsp;SYSCFG_DL_PWM_1_init
<LI><a href="#[bd]">&gt;&gt;</a>&nbsp;&nbsp;&nbsp;SYSCFG_DL_PWM_0_init
</UL>

<P><STRONG><a name="[76]"></a>DL_UART_init</STRONG> (Thumb, 68 bytes, Stack size 16 bytes, dl_uart.o(.text.DL_UART_init))
<BR><BR>[Stack]<UL><LI>Max Depth = 32<LI>Call Chain = DL_UART_init &rArr; DL_Common_updateReg
</UL>
<BR>[Calls]<UL><LI><a href="#[78]">&gt;&gt;</a>&nbsp;&nbsp;&nbsp;DL_Common_updateReg
<LI><a href="#[77]">&gt;&gt;</a>&nbsp;&nbsp;&nbsp;DL_UART_disable
</UL>
<BR>[Called By]<UL><LI><a href="#[dd]">&gt;&gt;</a>&nbsp;&nbsp;&nbsp;SYSCFG_DL_UART_3_init
<LI><a href="#[da]">&gt;&gt;</a>&nbsp;&nbsp;&nbsp;SYSCFG_DL_UART_2_init
<LI><a href="#[d9]">&gt;&gt;</a>&nbsp;&nbsp;&nbsp;SYSCFG_DL_UART_1_init
<LI><a href="#[d5]">&gt;&gt;</a>&nbsp;&nbsp;&nbsp;SYSCFG_DL_UART_0_init
</UL>

<P><STRONG><a name="[d6]"></a>DL_UART_setClockConfig</STRONG> (Thumb, 32 bytes, Stack size 8 bytes, dl_uart.o(.text.DL_UART_setClockConfig))
<BR><BR>[Stack]<UL><LI>Max Depth = 8<LI>Call Chain = DL_UART_setClockConfig
</UL>
<BR>[Called By]<UL><LI><a href="#[dd]">&gt;&gt;</a>&nbsp;&nbsp;&nbsp;SYSCFG_DL_UART_3_init
<LI><a href="#[da]">&gt;&gt;</a>&nbsp;&nbsp;&nbsp;SYSCFG_DL_UART_2_init
<LI><a href="#[d9]">&gt;&gt;</a>&nbsp;&nbsp;&nbsp;SYSCFG_DL_UART_1_init
<LI><a href="#[d5]">&gt;&gt;</a>&nbsp;&nbsp;&nbsp;SYSCFG_DL_UART_0_init
</UL>

<P><STRONG><a name="[68]"></a>DL_UART_transmitDataBlocking</STRONG> (Thumb, 40 bytes, Stack size 16 bytes, dl_uart.o(.text.DL_UART_transmitDataBlocking))
<BR><BR>[Stack]<UL><LI>Max Depth = 24<LI>Call Chain = DL_UART_transmitDataBlocking &rArr; DL_UART_transmitData
</UL>
<BR>[Calls]<UL><LI><a href="#[7e]">&gt;&gt;</a>&nbsp;&nbsp;&nbsp;DL_UART_transmitData
<LI><a href="#[7d]">&gt;&gt;</a>&nbsp;&nbsp;&nbsp;DL_UART_isTXFIFOFull
</UL>
<BR>[Called By]<UL><LI><a href="#[67]">&gt;&gt;</a>&nbsp;&nbsp;&nbsp;DL_Serial_SendArray
</UL>

<P><STRONG><a name="[7f]"></a>Delay_Ms</STRONG> (Thumb, 16 bytes, Stack size 16 bytes, system.o(.text.Delay_Ms))
<BR><BR>[Stack]<UL><LI>Max Depth = 96<LI>Call Chain = Delay_Ms &rArr; delay_ms &rArr; delay &rArr; delayMicroseconds &rArr; micros &rArr; __aeabi_uidiv
</UL>
<BR>[Calls]<UL><LI><a href="#[80]">&gt;&gt;</a>&nbsp;&nbsp;&nbsp;delay_ms
</UL>
<BR>[Called By]<UL><LI><a href="#[81]">&gt;&gt;</a>&nbsp;&nbsp;&nbsp;Draw_Logo
</UL>

<P><STRONG><a name="[81]"></a>Draw_Logo</STRONG> (Thumb, 112 bytes, Stack size 24 bytes, oled.o(.text.Draw_Logo))
<BR><BR>[Stack]<UL><LI>Max Depth = 120<LI>Call Chain = Draw_Logo &rArr; Delay_Ms &rArr; delay_ms &rArr; delay &rArr; delayMicroseconds &rArr; micros &rArr; __aeabi_uidiv
</UL>
<BR>[Calls]<UL><LI><a href="#[84]">&gt;&gt;</a>&nbsp;&nbsp;&nbsp;LCD_CLS
<LI><a href="#[82]">&gt;&gt;</a>&nbsp;&nbsp;&nbsp;OLED_Set_Pos
<LI><a href="#[83]">&gt;&gt;</a>&nbsp;&nbsp;&nbsp;OLED_WrDat
<LI><a href="#[7f]">&gt;&gt;</a>&nbsp;&nbsp;&nbsp;Delay_Ms
</UL>
<BR>[Called By]<UL><LI><a href="#[8f]">&gt;&gt;</a>&nbsp;&nbsp;&nbsp;OLED_Init
</UL>

<P><STRONG><a name="[116]"></a>Encoder_Init</STRONG> (Thumb, 2 bytes, Stack size 0 bytes, nqei.o(.text.Encoder_Init))
<BR><BR>[Called By]<UL><LI><a href="#[1e]">&gt;&gt;</a>&nbsp;&nbsp;&nbsp;main
</UL>

<P><STRONG><a name="[7]"></a>GROUP1_IRQHandler</STRONG> (Thumb, 8 bytes, Stack size 8 bytes, nppm.o(.text.GROUP1_IRQHandler))
<BR><BR>[Stack]<UL><LI>Max Depth = 36<LI>Call Chain = GROUP1_IRQHandler &rArr; QEI0_IRQHandler &rArr; __aeabi_i2f &rArr; _float_epilogue
</UL>
<BR>[Calls]<UL><LI><a href="#[85]">&gt;&gt;</a>&nbsp;&nbsp;&nbsp;QEI0_IRQHandler
</UL>
<BR>[Address Reference Count : 1]<UL><LI> startup_mspm0g350x_uvision.o(RESET)
</UL>
<P><STRONG><a name="[86]"></a>Get_Data</STRONG> (Thumb, 456 bytes, Stack size 72 bytes, vofa.o(.text.Get_Data))
<BR><BR>[Stack]<UL><LI>Max Depth = 108<LI>Call Chain = Get_Data &rArr; __aeabi_fadd &rArr; _float_epilogue
</UL>
<BR>[Calls]<UL><LI><a href="#[87]">&gt;&gt;</a>&nbsp;&nbsp;&nbsp;__aeabi_fmul
<LI><a href="#[27]">&gt;&gt;</a>&nbsp;&nbsp;&nbsp;__aeabi_fadd
<LI><a href="#[36]">&gt;&gt;</a>&nbsp;&nbsp;&nbsp;__aeabi_i2f
</UL>
<BR>[Called By]<UL><LI><a href="#[fc]">&gt;&gt;</a>&nbsp;&nbsp;&nbsp;USART_PID_Adjust
</UL>

<P><STRONG><a name="[1a]"></a>I2C1_IRQHandler</STRONG> (Thumb, 268 bytes, Stack size 16 bytes, bsp_mpu6050.o(.text.I2C1_IRQHandler))
<BR><BR>[Stack]<UL><LI>Max Depth = 48<LI>Call Chain = I2C1_IRQHandler &rArr; DL_I2C_fillControllerTXFIFO &rArr; DL_I2C_transmitControllerData
</UL>
<BR>[Calls]<UL><LI><a href="#[48]">&gt;&gt;</a>&nbsp;&nbsp;&nbsp;DL_I2C_fillControllerTXFIFO
<LI><a href="#[8b]">&gt;&gt;</a>&nbsp;&nbsp;&nbsp;DL_I2C_receiveControllerData
<LI><a href="#[8a]">&gt;&gt;</a>&nbsp;&nbsp;&nbsp;DL_I2C_isControllerRXFIFOEmpty
<LI><a href="#[88]">&gt;&gt;</a>&nbsp;&nbsp;&nbsp;DL_I2C_getPendingInterrupt
<LI><a href="#[89]">&gt;&gt;</a>&nbsp;&nbsp;&nbsp;DL_I2C_disableInterrupt
</UL>
<BR>[Address Reference Count : 1]<UL><LI> startup_mspm0g350x_uvision.o(RESET)
</UL>
<P><STRONG><a name="[84]"></a>LCD_CLS</STRONG> (Thumb, 96 bytes, Stack size 16 bytes, oled.o(.text.LCD_CLS))
<BR><BR>[Stack]<UL><LI>Max Depth = 24<LI>Call Chain = LCD_CLS &rArr; OLED_WrCmd
</UL>
<BR>[Calls]<UL><LI><a href="#[8c]">&gt;&gt;</a>&nbsp;&nbsp;&nbsp;OLED_WrCmd
<LI><a href="#[83]">&gt;&gt;</a>&nbsp;&nbsp;&nbsp;OLED_WrDat
</UL>
<BR>[Called By]<UL><LI><a href="#[81]">&gt;&gt;</a>&nbsp;&nbsp;&nbsp;Draw_Logo
<LI><a href="#[8f]">&gt;&gt;</a>&nbsp;&nbsp;&nbsp;OLED_Init
</UL>

<P><STRONG><a name="[8d]"></a>LCD_P6x8Char</STRONG> (Thumb, 120 bytes, Stack size 32 bytes, oled.o(.text.LCD_P6x8Char))
<BR><BR>[Stack]<UL><LI>Max Depth = 64<LI>Call Chain = LCD_P6x8Char &rArr; OLED_Set_Pos &rArr; OLED_WrCmd
</UL>
<BR>[Calls]<UL><LI><a href="#[82]">&gt;&gt;</a>&nbsp;&nbsp;&nbsp;OLED_Set_Pos
<LI><a href="#[83]">&gt;&gt;</a>&nbsp;&nbsp;&nbsp;OLED_WrDat
</UL>
<BR>[Called By]<UL><LI><a href="#[10f]">&gt;&gt;</a>&nbsp;&nbsp;&nbsp;write_6_8_number
</UL>

<P><STRONG><a name="[8e]"></a>LCD_P6x8Str</STRONG> (Thumb, 172 bytes, Stack size 32 bytes, oled.o(.text.LCD_P6x8Str))
<BR><BR>[Stack]<UL><LI>Max Depth = 64<LI>Call Chain = LCD_P6x8Str &rArr; OLED_Set_Pos &rArr; OLED_WrCmd
</UL>
<BR>[Calls]<UL><LI><a href="#[82]">&gt;&gt;</a>&nbsp;&nbsp;&nbsp;OLED_Set_Pos
<LI><a href="#[83]">&gt;&gt;</a>&nbsp;&nbsp;&nbsp;OLED_WrDat
</UL>
<BR>[Called By]<UL><LI><a href="#[10f]">&gt;&gt;</a>&nbsp;&nbsp;&nbsp;write_6_8_number
</UL>

<P><STRONG><a name="[8f]"></a>OLED_Init</STRONG> (Thumb, 64 bytes, Stack size 24 bytes, oled.o(.text.OLED_Init))
<BR><BR>[Stack]<UL><LI>Max Depth = 144<LI>Call Chain = OLED_Init &rArr; Draw_Logo &rArr; Delay_Ms &rArr; delay_ms &rArr; delay &rArr; delayMicroseconds &rArr; micros &rArr; __aeabi_uidiv
</UL>
<BR>[Calls]<UL><LI><a href="#[92]">&gt;&gt;</a>&nbsp;&nbsp;&nbsp;ssd1306_begin
<LI><a href="#[81]">&gt;&gt;</a>&nbsp;&nbsp;&nbsp;Draw_Logo
<LI><a href="#[84]">&gt;&gt;</a>&nbsp;&nbsp;&nbsp;LCD_CLS
<LI><a href="#[91]">&gt;&gt;</a>&nbsp;&nbsp;&nbsp;DL_GPIO_setPins
<LI><a href="#[90]">&gt;&gt;</a>&nbsp;&nbsp;&nbsp;DL_GPIO_clearPins
<LI><a href="#[80]">&gt;&gt;</a>&nbsp;&nbsp;&nbsp;delay_ms
</UL>
<BR>[Called By]<UL><LI><a href="#[1e]">&gt;&gt;</a>&nbsp;&nbsp;&nbsp;main
</UL>

<P><STRONG><a name="[82]"></a>OLED_Set_Pos</STRONG> (Thumb, 54 bytes, Stack size 24 bytes, oled.o(.text.OLED_Set_Pos))
<BR><BR>[Stack]<UL><LI>Max Depth = 32<LI>Call Chain = OLED_Set_Pos &rArr; OLED_WrCmd
</UL>
<BR>[Calls]<UL><LI><a href="#[8c]">&gt;&gt;</a>&nbsp;&nbsp;&nbsp;OLED_WrCmd
</UL>
<BR>[Called By]<UL><LI><a href="#[81]">&gt;&gt;</a>&nbsp;&nbsp;&nbsp;Draw_Logo
<LI><a href="#[8d]">&gt;&gt;</a>&nbsp;&nbsp;&nbsp;LCD_P6x8Char
<LI><a href="#[8e]">&gt;&gt;</a>&nbsp;&nbsp;&nbsp;LCD_P6x8Str
</UL>

<P><STRONG><a name="[8c]"></a>OLED_WrCmd</STRONG> (Thumb, 116 bytes, Stack size 8 bytes, oled.o(.text.OLED_WrCmd))
<BR><BR>[Stack]<UL><LI>Max Depth = 8<LI>Call Chain = OLED_WrCmd
</UL>
<BR>[Called By]<UL><LI><a href="#[120]">&gt;&gt;</a>&nbsp;&nbsp;&nbsp;ssd1306_command
<LI><a href="#[84]">&gt;&gt;</a>&nbsp;&nbsp;&nbsp;LCD_CLS
<LI><a href="#[82]">&gt;&gt;</a>&nbsp;&nbsp;&nbsp;OLED_Set_Pos
</UL>

<P><STRONG><a name="[83]"></a>OLED_WrDat</STRONG> (Thumb, 108 bytes, Stack size 8 bytes, oled.o(.text.OLED_WrDat))
<BR><BR>[Stack]<UL><LI>Max Depth = 8<LI>Call Chain = OLED_WrDat
</UL>
<BR>[Called By]<UL><LI><a href="#[81]">&gt;&gt;</a>&nbsp;&nbsp;&nbsp;Draw_Logo
<LI><a href="#[8d]">&gt;&gt;</a>&nbsp;&nbsp;&nbsp;LCD_P6x8Char
<LI><a href="#[8e]">&gt;&gt;</a>&nbsp;&nbsp;&nbsp;LCD_P6x8Str
<LI><a href="#[84]">&gt;&gt;</a>&nbsp;&nbsp;&nbsp;LCD_CLS
</UL>

<P><STRONG><a name="[93]"></a>PPM_Init</STRONG> (Thumb, 22 bytes, Stack size 16 bytes, nppm.o(.text.PPM_Init))
<BR><BR>[Stack]<UL><LI>Max Depth = 20<LI>Call Chain = PPM_Init &rArr; __NVIC_EnableIRQ
</UL>
<BR>[Calls]<UL><LI><a href="#[95]">&gt;&gt;</a>&nbsp;&nbsp;&nbsp;__NVIC_EnableIRQ
<LI><a href="#[94]">&gt;&gt;</a>&nbsp;&nbsp;&nbsp;__NVIC_ClearPendingIRQ
</UL>
<BR>[Called By]<UL><LI><a href="#[1e]">&gt;&gt;</a>&nbsp;&nbsp;&nbsp;main
</UL>

<P><STRONG><a name="[96]"></a>PWM_Output</STRONG> (Thumb, 96 bytes, Stack size 40 bytes, npwm.o(.text.PWM_Output))
<BR><BR>[Stack]<UL><LI>Max Depth = 56<LI>Call Chain = PWM_Output &rArr; DL_Timer_setCaptureCompareValue
</UL>
<BR>[Calls]<UL><LI><a href="#[73]">&gt;&gt;</a>&nbsp;&nbsp;&nbsp;DL_Timer_setCaptureCompareValue
</UL>
<BR>[Called By]<UL><LI><a href="#[f6]">&gt;&gt;</a>&nbsp;&nbsp;&nbsp;duty_100hz
</UL>

<P><STRONG><a name="[85]"></a>QEI0_IRQHandler</STRONG> (Thumb, 652 bytes, Stack size 8 bytes, nqei.o(.text.QEI0_IRQHandler))
<BR><BR>[Stack]<UL><LI>Max Depth = 28<LI>Call Chain = QEI0_IRQHandler &rArr; __aeabi_i2f &rArr; _float_epilogue
</UL>
<BR>[Calls]<UL><LI><a href="#[36]">&gt;&gt;</a>&nbsp;&nbsp;&nbsp;__aeabi_i2f
<LI><a href="#[9a]">&gt;&gt;</a>&nbsp;&nbsp;&nbsp;DL_GPIO_clearInterruptStatus
<LI><a href="#[99]">&gt;&gt;</a>&nbsp;&nbsp;&nbsp;DL_GPIO_readPins
<LI><a href="#[98]">&gt;&gt;</a>&nbsp;&nbsp;&nbsp;DL_GPIO_getEnabledInterruptStatus
<LI><a href="#[97]">&gt;&gt;</a>&nbsp;&nbsp;&nbsp;DL_Interrupt_getPendingGroup
</UL>
<BR>[Called By]<UL><LI><a href="#[7]">&gt;&gt;</a>&nbsp;&nbsp;&nbsp;GROUP1_IRQHandler
</UL>

<P><STRONG><a name="[9b]"></a>ReadFlashParameterOne</STRONG> (Thumb, 32 bytes, Stack size 24 bytes, neeprom.o(.text.ReadFlashParameterOne))
<BR><BR>[Stack]<UL><LI>Max Depth = 112<LI>Call Chain = ReadFlashParameterOne &rArr; W25QXX_Read_f &rArr; W25Q64_read &rArr; spi_read_write_byte &rArr; DL_SPI_transmitData8
</UL>
<BR>[Calls]<UL><LI><a href="#[9c]">&gt;&gt;</a>&nbsp;&nbsp;&nbsp;W25QXX_Read_f
</UL>
<BR>[Called By]<UL><LI><a href="#[113]">&gt;&gt;</a>&nbsp;&nbsp;&nbsp;trackless_params_init
</UL>

<P><STRONG><a name="[9d]"></a>ReadFlashParameterThree</STRONG> (Thumb, 72 bytes, Stack size 40 bytes, neeprom.o(.text.ReadFlashParameterThree))
<BR><BR>[Stack]<UL><LI>Max Depth = 128<LI>Call Chain = ReadFlashParameterThree &rArr; W25QXX_Read_f &rArr; W25Q64_read &rArr; spi_read_write_byte &rArr; DL_SPI_transmitData8
</UL>
<BR>[Calls]<UL><LI><a href="#[9c]">&gt;&gt;</a>&nbsp;&nbsp;&nbsp;W25QXX_Read_f
</UL>
<BR>[Called By]<UL><LI><a href="#[113]">&gt;&gt;</a>&nbsp;&nbsp;&nbsp;trackless_params_init
</UL>

<P><STRONG><a name="[9e]"></a>SYSCFG_DL_ADC12_0_init</STRONG> (Thumb, 96 bytes, Stack size 40 bytes, ti_msp_dl_config.o(.text.SYSCFG_DL_ADC12_0_init))
<BR><BR>[Stack]<UL><LI>Max Depth = 72<LI>Call Chain = SYSCFG_DL_ADC12_0_init &rArr; DL_ADC12_setClockConfig &rArr; DL_Common_updateReg
</UL>
<BR>[Calls]<UL><LI><a href="#[40]">&gt;&gt;</a>&nbsp;&nbsp;&nbsp;DL_ADC12_setClockConfig
<LI><a href="#[a4]">&gt;&gt;</a>&nbsp;&nbsp;&nbsp;DL_ADC12_enableConversions
<LI><a href="#[a2]">&gt;&gt;</a>&nbsp;&nbsp;&nbsp;DL_ADC12_enableInterrupt
<LI><a href="#[a1]">&gt;&gt;</a>&nbsp;&nbsp;&nbsp;DL_ADC12_clearInterruptStatus
<LI><a href="#[a0]">&gt;&gt;</a>&nbsp;&nbsp;&nbsp;DL_ADC12_setSampleTime0
<LI><a href="#[9f]">&gt;&gt;</a>&nbsp;&nbsp;&nbsp;DL_ADC12_configConversionMem
<LI><a href="#[42]">&gt;&gt;</a>&nbsp;&nbsp;&nbsp;DL_ADC12_setStartAddress
<LI><a href="#[a3]">&gt;&gt;</a>&nbsp;&nbsp;&nbsp;__NVIC_SetPriority
</UL>
<BR>[Called By]<UL><LI><a href="#[de]">&gt;&gt;</a>&nbsp;&nbsp;&nbsp;SYSCFG_DL_init
</UL>

<P><STRONG><a name="[a5]"></a>SYSCFG_DL_DMA_CH0_init</STRONG> (Thumb, 16 bytes, Stack size 8 bytes, ti_msp_dl_config.o(.text.SYSCFG_DL_DMA_CH0_init))
<BR><BR>[Stack]<UL><LI>Max Depth = 112<LI>Call Chain = SYSCFG_DL_DMA_CH0_init &rArr; DL_DMA_initChannel &rArr; DL_DMA_setTrigger &rArr; DL_Common_updateReg
</UL>
<BR>[Calls]<UL><LI><a href="#[44]">&gt;&gt;</a>&nbsp;&nbsp;&nbsp;DL_DMA_initChannel
</UL>
<BR>[Called By]<UL><LI><a href="#[a6]">&gt;&gt;</a>&nbsp;&nbsp;&nbsp;SYSCFG_DL_DMA_init
</UL>

<P><STRONG><a name="[a6]"></a>SYSCFG_DL_DMA_init</STRONG> (Thumb, 8 bytes, Stack size 8 bytes, ti_msp_dl_config.o(.text.SYSCFG_DL_DMA_init))
<BR><BR>[Stack]<UL><LI>Max Depth = 120<LI>Call Chain = SYSCFG_DL_DMA_init &rArr; SYSCFG_DL_DMA_CH0_init &rArr; DL_DMA_initChannel &rArr; DL_DMA_setTrigger &rArr; DL_Common_updateReg
</UL>
<BR>[Calls]<UL><LI><a href="#[a5]">&gt;&gt;</a>&nbsp;&nbsp;&nbsp;SYSCFG_DL_DMA_CH0_init
</UL>
<BR>[Called By]<UL><LI><a href="#[de]">&gt;&gt;</a>&nbsp;&nbsp;&nbsp;SYSCFG_DL_init
</UL>

<P><STRONG><a name="[a7]"></a>SYSCFG_DL_GPIO_init</STRONG> (Thumb, 764 bytes, Stack size 80 bytes, ti_msp_dl_config.o(.text.SYSCFG_DL_GPIO_init))
<BR><BR>[Stack]<UL><LI>Max Depth = 104<LI>Call Chain = SYSCFG_DL_GPIO_init &rArr; DL_GPIO_initDigitalOutputFeatures
</UL>
<BR>[Calls]<UL><LI><a href="#[b6]">&gt;&gt;</a>&nbsp;&nbsp;&nbsp;DL_GPIO_enableInterrupt
<LI><a href="#[b5]">&gt;&gt;</a>&nbsp;&nbsp;&nbsp;DL_GPIO_clearInterruptStatus
<LI><a href="#[b4]">&gt;&gt;</a>&nbsp;&nbsp;&nbsp;DL_GPIO_setLowerPinsPolarity
<LI><a href="#[b3]">&gt;&gt;</a>&nbsp;&nbsp;&nbsp;DL_GPIO_clearPins
<LI><a href="#[b2]">&gt;&gt;</a>&nbsp;&nbsp;&nbsp;DL_GPIO_setPins
<LI><a href="#[b1]">&gt;&gt;</a>&nbsp;&nbsp;&nbsp;DL_GPIO_initDigitalOutputFeatures
<LI><a href="#[b0]">&gt;&gt;</a>&nbsp;&nbsp;&nbsp;DL_GPIO_initDigitalInput
<LI><a href="#[af]">&gt;&gt;</a>&nbsp;&nbsp;&nbsp;DL_GPIO_initDigitalOutput
<LI><a href="#[ae]">&gt;&gt;</a>&nbsp;&nbsp;&nbsp;DL_GPIO_initDigitalInputFeatures
<LI><a href="#[ad]">&gt;&gt;</a>&nbsp;&nbsp;&nbsp;DL_GPIO_initPeripheralInputFunction
<LI><a href="#[ac]">&gt;&gt;</a>&nbsp;&nbsp;&nbsp;DL_GPIO_enableHiZ
<LI><a href="#[ab]">&gt;&gt;</a>&nbsp;&nbsp;&nbsp;DL_GPIO_initPeripheralInputFunctionFeatures
<LI><a href="#[aa]">&gt;&gt;</a>&nbsp;&nbsp;&nbsp;DL_GPIO_enableOutput
<LI><a href="#[a9]">&gt;&gt;</a>&nbsp;&nbsp;&nbsp;DL_GPIO_initPeripheralOutputFunction
<LI><a href="#[a8]">&gt;&gt;</a>&nbsp;&nbsp;&nbsp;DL_GPIO_initPeripheralAnalogFunction
</UL>
<BR>[Called By]<UL><LI><a href="#[de]">&gt;&gt;</a>&nbsp;&nbsp;&nbsp;SYSCFG_DL_init
</UL>

<P><STRONG><a name="[b7]"></a>SYSCFG_DL_I2C_0_init</STRONG> (Thumb, 80 bytes, Stack size 16 bytes, ti_msp_dl_config.o(.text.SYSCFG_DL_I2C_0_init))
<BR><BR>[Stack]<UL><LI>Max Depth = 56<LI>Call Chain = SYSCFG_DL_I2C_0_init &rArr; DL_I2C_setControllerRXFIFOThreshold &rArr; DL_Common_updateReg
</UL>
<BR>[Calls]<UL><LI><a href="#[4c]">&gt;&gt;</a>&nbsp;&nbsp;&nbsp;DL_I2C_setClockConfig
<LI><a href="#[bc]">&gt;&gt;</a>&nbsp;&nbsp;&nbsp;DL_I2C_enableController
<LI><a href="#[bb]">&gt;&gt;</a>&nbsp;&nbsp;&nbsp;DL_I2C_enableControllerClockStretching
<LI><a href="#[4e]">&gt;&gt;</a>&nbsp;&nbsp;&nbsp;DL_I2C_setControllerRXFIFOThreshold
<LI><a href="#[4f]">&gt;&gt;</a>&nbsp;&nbsp;&nbsp;DL_I2C_setControllerTXFIFOThreshold
<LI><a href="#[ba]">&gt;&gt;</a>&nbsp;&nbsp;&nbsp;DL_I2C_setTimerPeriod
<LI><a href="#[b9]">&gt;&gt;</a>&nbsp;&nbsp;&nbsp;DL_I2C_resetControllerTransfer
<LI><a href="#[b8]">&gt;&gt;</a>&nbsp;&nbsp;&nbsp;DL_I2C_enableAnalogGlitchFilter
<LI><a href="#[4b]">&gt;&gt;</a>&nbsp;&nbsp;&nbsp;DL_I2C_setAnalogGlitchFilterPulseWidth
</UL>
<BR>[Called By]<UL><LI><a href="#[de]">&gt;&gt;</a>&nbsp;&nbsp;&nbsp;SYSCFG_DL_init
</UL>

<P><STRONG><a name="[bd]"></a>SYSCFG_DL_PWM_0_init</STRONG> (Thumb, 204 bytes, Stack size 40 bytes, ti_msp_dl_config.o(.text.SYSCFG_DL_PWM_0_init))
<BR><BR>[Stack]<UL><LI>Max Depth = 192<LI>Call Chain = SYSCFG_DL_PWM_0_init &rArr; DL_TimerA_initPWMMode &rArr; DL_Timer_initPWMMode &rArr; DL_Timer_setCaptureCompareInput &rArr; DL_Common_updateReg
</UL>
<BR>[Calls]<UL><LI><a href="#[69]">&gt;&gt;</a>&nbsp;&nbsp;&nbsp;DL_TimerA_initPWMMode
<LI><a href="#[74]">&gt;&gt;</a>&nbsp;&nbsp;&nbsp;DL_Timer_setCaptCompUpdateMethod
<LI><a href="#[6c]">&gt;&gt;</a>&nbsp;&nbsp;&nbsp;DL_Timer_setCaptureCompareOutCtl
<LI><a href="#[73]">&gt;&gt;</a>&nbsp;&nbsp;&nbsp;DL_Timer_setCaptureCompareValue
<LI><a href="#[be]">&gt;&gt;</a>&nbsp;&nbsp;&nbsp;DL_Timer_setClockConfig
<LI><a href="#[c0]">&gt;&gt;</a>&nbsp;&nbsp;&nbsp;DL_Timer_setCCPDirection
<LI><a href="#[bf]">&gt;&gt;</a>&nbsp;&nbsp;&nbsp;DL_Timer_enableClock
<LI><a href="#[75]">&gt;&gt;</a>&nbsp;&nbsp;&nbsp;DL_Timer_setCounterControl
</UL>
<BR>[Called By]<UL><LI><a href="#[de]">&gt;&gt;</a>&nbsp;&nbsp;&nbsp;SYSCFG_DL_init
</UL>

<P><STRONG><a name="[c1]"></a>SYSCFG_DL_PWM_1_init</STRONG> (Thumb, 128 bytes, Stack size 24 bytes, ti_msp_dl_config.o(.text.SYSCFG_DL_PWM_1_init))
<BR><BR>[Stack]<UL><LI>Max Depth = 176<LI>Call Chain = SYSCFG_DL_PWM_1_init &rArr; DL_TimerA_initPWMMode &rArr; DL_Timer_initPWMMode &rArr; DL_Timer_setCaptureCompareInput &rArr; DL_Common_updateReg
</UL>
<BR>[Calls]<UL><LI><a href="#[69]">&gt;&gt;</a>&nbsp;&nbsp;&nbsp;DL_TimerA_initPWMMode
<LI><a href="#[74]">&gt;&gt;</a>&nbsp;&nbsp;&nbsp;DL_Timer_setCaptCompUpdateMethod
<LI><a href="#[6c]">&gt;&gt;</a>&nbsp;&nbsp;&nbsp;DL_Timer_setCaptureCompareOutCtl
<LI><a href="#[73]">&gt;&gt;</a>&nbsp;&nbsp;&nbsp;DL_Timer_setCaptureCompareValue
<LI><a href="#[be]">&gt;&gt;</a>&nbsp;&nbsp;&nbsp;DL_Timer_setClockConfig
<LI><a href="#[c0]">&gt;&gt;</a>&nbsp;&nbsp;&nbsp;DL_Timer_setCCPDirection
<LI><a href="#[bf]">&gt;&gt;</a>&nbsp;&nbsp;&nbsp;DL_Timer_enableClock
<LI><a href="#[75]">&gt;&gt;</a>&nbsp;&nbsp;&nbsp;DL_Timer_setCounterControl
</UL>
<BR>[Called By]<UL><LI><a href="#[de]">&gt;&gt;</a>&nbsp;&nbsp;&nbsp;SYSCFG_DL_init
</UL>

<P><STRONG><a name="[c2]"></a>SYSCFG_DL_PWM_2_init</STRONG> (Thumb, 128 bytes, Stack size 24 bytes, ti_msp_dl_config.o(.text.SYSCFG_DL_PWM_2_init))
<BR><BR>[Stack]<UL><LI>Max Depth = 120<LI>Call Chain = SYSCFG_DL_PWM_2_init &rArr; DL_Timer_initPWMMode &rArr; DL_Timer_setCaptureCompareInput &rArr; DL_Common_updateReg
</UL>
<BR>[Calls]<UL><LI><a href="#[74]">&gt;&gt;</a>&nbsp;&nbsp;&nbsp;DL_Timer_setCaptCompUpdateMethod
<LI><a href="#[6c]">&gt;&gt;</a>&nbsp;&nbsp;&nbsp;DL_Timer_setCaptureCompareOutCtl
<LI><a href="#[6e]">&gt;&gt;</a>&nbsp;&nbsp;&nbsp;DL_Timer_initPWMMode
<LI><a href="#[73]">&gt;&gt;</a>&nbsp;&nbsp;&nbsp;DL_Timer_setCaptureCompareValue
<LI><a href="#[be]">&gt;&gt;</a>&nbsp;&nbsp;&nbsp;DL_Timer_setClockConfig
<LI><a href="#[c0]">&gt;&gt;</a>&nbsp;&nbsp;&nbsp;DL_Timer_setCCPDirection
<LI><a href="#[bf]">&gt;&gt;</a>&nbsp;&nbsp;&nbsp;DL_Timer_enableClock
<LI><a href="#[75]">&gt;&gt;</a>&nbsp;&nbsp;&nbsp;DL_Timer_setCounterControl
</UL>
<BR>[Called By]<UL><LI><a href="#[de]">&gt;&gt;</a>&nbsp;&nbsp;&nbsp;SYSCFG_DL_init
</UL>

<P><STRONG><a name="[c3]"></a>SYSCFG_DL_SPI_0_init</STRONG> (Thumb, 52 bytes, Stack size 16 bytes, ti_msp_dl_config.o(.text.SYSCFG_DL_SPI_0_init))
<BR><BR>[Stack]<UL><LI>Max Depth = 56<LI>Call Chain = SYSCFG_DL_SPI_0_init &rArr; DL_SPI_setFIFOThreshold &rArr; DL_Common_updateReg
</UL>
<BR>[Calls]<UL><LI><a href="#[c4]">&gt;&gt;</a>&nbsp;&nbsp;&nbsp;DL_SPI_setClockConfig
<LI><a href="#[50]">&gt;&gt;</a>&nbsp;&nbsp;&nbsp;DL_SPI_init
<LI><a href="#[c5]">&gt;&gt;</a>&nbsp;&nbsp;&nbsp;DL_SPI_enable
<LI><a href="#[53]">&gt;&gt;</a>&nbsp;&nbsp;&nbsp;DL_SPI_setFIFOThreshold
<LI><a href="#[52]">&gt;&gt;</a>&nbsp;&nbsp;&nbsp;DL_SPI_setBitRateSerialClockDivider
</UL>
<BR>[Called By]<UL><LI><a href="#[de]">&gt;&gt;</a>&nbsp;&nbsp;&nbsp;SYSCFG_DL_init
</UL>

<P><STRONG><a name="[c6]"></a>SYSCFG_DL_SYSCTL_CLK_init</STRONG> (Thumb, 24 bytes, Stack size 8 bytes, ti_msp_dl_config.o(.text.SYSCFG_DL_SYSCTL_CLK_init))
<BR><BR>[Stack]<UL><LI>Max Depth = 8<LI>Call Chain = SYSCFG_DL_SYSCTL_CLK_init
</UL>
<BR>[Calls]<UL><LI><a href="#[c7]">&gt;&gt;</a>&nbsp;&nbsp;&nbsp;DL_SYSCTL_getClockStatus
</UL>
<BR>[Called By]<UL><LI><a href="#[de]">&gt;&gt;</a>&nbsp;&nbsp;&nbsp;SYSCFG_DL_init
</UL>

<P><STRONG><a name="[c8]"></a>SYSCFG_DL_SYSCTL_init</STRONG> (Thumb, 100 bytes, Stack size 16 bytes, ti_msp_dl_config.o(.text.SYSCFG_DL_SYSCTL_init))
<BR><BR>[Stack]<UL><LI>Max Depth = 80<LI>Call Chain = SYSCFG_DL_SYSCTL_init &rArr; DL_SYSCTL_setHFCLKSourceHFXTParams &rArr; DL_SYSCTL_setHFXTStartupTime &rArr; DL_Common_updateReg
</UL>
<BR>[Calls]<UL><LI><a href="#[5c]">&gt;&gt;</a>&nbsp;&nbsp;&nbsp;DL_SYSCTL_setHFCLKSourceHFXTParams
<LI><a href="#[65]">&gt;&gt;</a>&nbsp;&nbsp;&nbsp;DL_SYSCTL_switchMCLKfromSYSOSCtoHSCLK
<LI><a href="#[54]">&gt;&gt;</a>&nbsp;&nbsp;&nbsp;DL_SYSCTL_configSYSPLL
<LI><a href="#[a3]">&gt;&gt;</a>&nbsp;&nbsp;&nbsp;__NVIC_SetPriority
<LI><a href="#[62]">&gt;&gt;</a>&nbsp;&nbsp;&nbsp;DL_SYSCTL_setMFPCLKSource
<LI><a href="#[cd]">&gt;&gt;</a>&nbsp;&nbsp;&nbsp;DL_SYSCTL_enableMFPCLK
<LI><a href="#[cc]">&gt;&gt;</a>&nbsp;&nbsp;&nbsp;DL_SYSCTL_enableMFCLK
<LI><a href="#[5b]">&gt;&gt;</a>&nbsp;&nbsp;&nbsp;DL_SYSCTL_setHFCLKDividerForMFPCLK
<LI><a href="#[64]">&gt;&gt;</a>&nbsp;&nbsp;&nbsp;DL_SYSCTL_setULPCLKDivider
<LI><a href="#[cb]">&gt;&gt;</a>&nbsp;&nbsp;&nbsp;DL_SYSCTL_disableSYSPLL
<LI><a href="#[ca]">&gt;&gt;</a>&nbsp;&nbsp;&nbsp;DL_SYSCTL_disableHFXT
<LI><a href="#[63]">&gt;&gt;</a>&nbsp;&nbsp;&nbsp;DL_SYSCTL_setSYSOSCFreq
<LI><a href="#[5a]">&gt;&gt;</a>&nbsp;&nbsp;&nbsp;DL_SYSCTL_setFlashWaitState
<LI><a href="#[c9]">&gt;&gt;</a>&nbsp;&nbsp;&nbsp;DL_SYSCTL_setBORThreshold
</UL>
<BR>[Called By]<UL><LI><a href="#[de]">&gt;&gt;</a>&nbsp;&nbsp;&nbsp;SYSCFG_DL_init
</UL>

<P><STRONG><a name="[ce]"></a>SYSCFG_DL_SYSTICK_init</STRONG> (Thumb, 10 bytes, Stack size 8 bytes, ti_msp_dl_config.o(.text.SYSCFG_DL_SYSTICK_init))
<BR><BR>[Stack]<UL><LI>Max Depth = 56<LI>Call Chain = SYSCFG_DL_SYSTICK_init &rArr; SysTick_Config &rArr; __NVIC_SetPriority
</UL>
<BR>[Calls]<UL><LI><a href="#[cf]">&gt;&gt;</a>&nbsp;&nbsp;&nbsp;SysTick_Config
</UL>
<BR>[Called By]<UL><LI><a href="#[de]">&gt;&gt;</a>&nbsp;&nbsp;&nbsp;SYSCFG_DL_init
</UL>

<P><STRONG><a name="[d0]"></a>SYSCFG_DL_TIMER_1_init</STRONG> (Thumb, 48 bytes, Stack size 16 bytes, ti_msp_dl_config.o(.text.SYSCFG_DL_TIMER_1_init))
<BR><BR>[Stack]<UL><LI>Max Depth = 88<LI>Call Chain = SYSCFG_DL_TIMER_1_init &rArr; DL_Timer_initTimerMode &rArr; DL_Timer_setCaptureCompareCtl &rArr; DL_Common_updateReg
</UL>
<BR>[Calls]<UL><LI><a href="#[72]">&gt;&gt;</a>&nbsp;&nbsp;&nbsp;DL_Timer_initTimerMode
<LI><a href="#[be]">&gt;&gt;</a>&nbsp;&nbsp;&nbsp;DL_Timer_setClockConfig
<LI><a href="#[d1]">&gt;&gt;</a>&nbsp;&nbsp;&nbsp;DL_Timer_enableInterrupt
<LI><a href="#[bf]">&gt;&gt;</a>&nbsp;&nbsp;&nbsp;DL_Timer_enableClock
<LI><a href="#[a3]">&gt;&gt;</a>&nbsp;&nbsp;&nbsp;__NVIC_SetPriority
</UL>
<BR>[Called By]<UL><LI><a href="#[de]">&gt;&gt;</a>&nbsp;&nbsp;&nbsp;SYSCFG_DL_init
</UL>

<P><STRONG><a name="[d2]"></a>SYSCFG_DL_TIMER_2_init</STRONG> (Thumb, 48 bytes, Stack size 16 bytes, ti_msp_dl_config.o(.text.SYSCFG_DL_TIMER_2_init))
<BR><BR>[Stack]<UL><LI>Max Depth = 88<LI>Call Chain = SYSCFG_DL_TIMER_2_init &rArr; DL_Timer_initTimerMode &rArr; DL_Timer_setCaptureCompareCtl &rArr; DL_Common_updateReg
</UL>
<BR>[Calls]<UL><LI><a href="#[72]">&gt;&gt;</a>&nbsp;&nbsp;&nbsp;DL_Timer_initTimerMode
<LI><a href="#[be]">&gt;&gt;</a>&nbsp;&nbsp;&nbsp;DL_Timer_setClockConfig
<LI><a href="#[d1]">&gt;&gt;</a>&nbsp;&nbsp;&nbsp;DL_Timer_enableInterrupt
<LI><a href="#[bf]">&gt;&gt;</a>&nbsp;&nbsp;&nbsp;DL_Timer_enableClock
<LI><a href="#[a3]">&gt;&gt;</a>&nbsp;&nbsp;&nbsp;__NVIC_SetPriority
</UL>
<BR>[Called By]<UL><LI><a href="#[de]">&gt;&gt;</a>&nbsp;&nbsp;&nbsp;SYSCFG_DL_init
</UL>

<P><STRONG><a name="[d3]"></a>SYSCFG_DL_TIMER_G12_init</STRONG> (Thumb, 52 bytes, Stack size 16 bytes, ti_msp_dl_config.o(.text.SYSCFG_DL_TIMER_G12_init))
<BR><BR>[Stack]<UL><LI>Max Depth = 88<LI>Call Chain = SYSCFG_DL_TIMER_G12_init &rArr; DL_Timer_initTimerMode &rArr; DL_Timer_setCaptureCompareCtl &rArr; DL_Common_updateReg
</UL>
<BR>[Calls]<UL><LI><a href="#[72]">&gt;&gt;</a>&nbsp;&nbsp;&nbsp;DL_Timer_initTimerMode
<LI><a href="#[be]">&gt;&gt;</a>&nbsp;&nbsp;&nbsp;DL_Timer_setClockConfig
<LI><a href="#[d1]">&gt;&gt;</a>&nbsp;&nbsp;&nbsp;DL_Timer_enableInterrupt
<LI><a href="#[bf]">&gt;&gt;</a>&nbsp;&nbsp;&nbsp;DL_Timer_enableClock
<LI><a href="#[a3]">&gt;&gt;</a>&nbsp;&nbsp;&nbsp;__NVIC_SetPriority
</UL>
<BR>[Called By]<UL><LI><a href="#[de]">&gt;&gt;</a>&nbsp;&nbsp;&nbsp;SYSCFG_DL_init
</UL>

<P><STRONG><a name="[d4]"></a>SYSCFG_DL_TIMER_G8_init</STRONG> (Thumb, 48 bytes, Stack size 16 bytes, ti_msp_dl_config.o(.text.SYSCFG_DL_TIMER_G8_init))
<BR><BR>[Stack]<UL><LI>Max Depth = 88<LI>Call Chain = SYSCFG_DL_TIMER_G8_init &rArr; DL_Timer_initTimerMode &rArr; DL_Timer_setCaptureCompareCtl &rArr; DL_Common_updateReg
</UL>
<BR>[Calls]<UL><LI><a href="#[72]">&gt;&gt;</a>&nbsp;&nbsp;&nbsp;DL_Timer_initTimerMode
<LI><a href="#[be]">&gt;&gt;</a>&nbsp;&nbsp;&nbsp;DL_Timer_setClockConfig
<LI><a href="#[d1]">&gt;&gt;</a>&nbsp;&nbsp;&nbsp;DL_Timer_enableInterrupt
<LI><a href="#[bf]">&gt;&gt;</a>&nbsp;&nbsp;&nbsp;DL_Timer_enableClock
<LI><a href="#[a3]">&gt;&gt;</a>&nbsp;&nbsp;&nbsp;__NVIC_SetPriority
</UL>
<BR>[Called By]<UL><LI><a href="#[de]">&gt;&gt;</a>&nbsp;&nbsp;&nbsp;SYSCFG_DL_init
</UL>

<P><STRONG><a name="[d5]"></a>SYSCFG_DL_UART_0_init</STRONG> (Thumb, 64 bytes, Stack size 16 bytes, ti_msp_dl_config.o(.text.SYSCFG_DL_UART_0_init))
<BR><BR>[Stack]<UL><LI>Max Depth = 56<LI>Call Chain = SYSCFG_DL_UART_0_init &rArr; DL_UART_setBaudRateDivisor &rArr; DL_Common_updateReg
</UL>
<BR>[Calls]<UL><LI><a href="#[d6]">&gt;&gt;</a>&nbsp;&nbsp;&nbsp;DL_UART_setClockConfig
<LI><a href="#[76]">&gt;&gt;</a>&nbsp;&nbsp;&nbsp;DL_UART_init
<LI><a href="#[d8]">&gt;&gt;</a>&nbsp;&nbsp;&nbsp;DL_UART_enable
<LI><a href="#[d7]">&gt;&gt;</a>&nbsp;&nbsp;&nbsp;DL_UART_enableInterrupt
<LI><a href="#[79]">&gt;&gt;</a>&nbsp;&nbsp;&nbsp;DL_UART_setBaudRateDivisor
<LI><a href="#[7a]">&gt;&gt;</a>&nbsp;&nbsp;&nbsp;DL_UART_setOversampling
</UL>
<BR>[Called By]<UL><LI><a href="#[de]">&gt;&gt;</a>&nbsp;&nbsp;&nbsp;SYSCFG_DL_init
</UL>

<P><STRONG><a name="[d9]"></a>SYSCFG_DL_UART_1_init</STRONG> (Thumb, 64 bytes, Stack size 16 bytes, ti_msp_dl_config.o(.text.SYSCFG_DL_UART_1_init))
<BR><BR>[Stack]<UL><LI>Max Depth = 56<LI>Call Chain = SYSCFG_DL_UART_1_init &rArr; DL_UART_setBaudRateDivisor &rArr; DL_Common_updateReg
</UL>
<BR>[Calls]<UL><LI><a href="#[d6]">&gt;&gt;</a>&nbsp;&nbsp;&nbsp;DL_UART_setClockConfig
<LI><a href="#[76]">&gt;&gt;</a>&nbsp;&nbsp;&nbsp;DL_UART_init
<LI><a href="#[d8]">&gt;&gt;</a>&nbsp;&nbsp;&nbsp;DL_UART_enable
<LI><a href="#[d7]">&gt;&gt;</a>&nbsp;&nbsp;&nbsp;DL_UART_enableInterrupt
<LI><a href="#[79]">&gt;&gt;</a>&nbsp;&nbsp;&nbsp;DL_UART_setBaudRateDivisor
<LI><a href="#[7a]">&gt;&gt;</a>&nbsp;&nbsp;&nbsp;DL_UART_setOversampling
</UL>
<BR>[Called By]<UL><LI><a href="#[de]">&gt;&gt;</a>&nbsp;&nbsp;&nbsp;SYSCFG_DL_init
</UL>

<P><STRONG><a name="[da]"></a>SYSCFG_DL_UART_2_init</STRONG> (Thumb, 92 bytes, Stack size 16 bytes, ti_msp_dl_config.o(.text.SYSCFG_DL_UART_2_init))
<BR><BR>[Stack]<UL><LI>Max Depth = 56<LI>Call Chain = SYSCFG_DL_UART_2_init &rArr; DL_UART_setTXFIFOThreshold &rArr; DL_Common_updateReg
</UL>
<BR>[Calls]<UL><LI><a href="#[d6]">&gt;&gt;</a>&nbsp;&nbsp;&nbsp;DL_UART_setClockConfig
<LI><a href="#[76]">&gt;&gt;</a>&nbsp;&nbsp;&nbsp;DL_UART_init
<LI><a href="#[7c]">&gt;&gt;</a>&nbsp;&nbsp;&nbsp;DL_UART_setTXFIFOThreshold
<LI><a href="#[7b]">&gt;&gt;</a>&nbsp;&nbsp;&nbsp;DL_UART_setRXFIFOThreshold
<LI><a href="#[dc]">&gt;&gt;</a>&nbsp;&nbsp;&nbsp;DL_UART_enableFIFOs
<LI><a href="#[db]">&gt;&gt;</a>&nbsp;&nbsp;&nbsp;DL_UART_enableDMATransmitEvent
<LI><a href="#[d8]">&gt;&gt;</a>&nbsp;&nbsp;&nbsp;DL_UART_enable
<LI><a href="#[d7]">&gt;&gt;</a>&nbsp;&nbsp;&nbsp;DL_UART_enableInterrupt
<LI><a href="#[79]">&gt;&gt;</a>&nbsp;&nbsp;&nbsp;DL_UART_setBaudRateDivisor
<LI><a href="#[7a]">&gt;&gt;</a>&nbsp;&nbsp;&nbsp;DL_UART_setOversampling
</UL>
<BR>[Called By]<UL><LI><a href="#[de]">&gt;&gt;</a>&nbsp;&nbsp;&nbsp;SYSCFG_DL_init
</UL>

<P><STRONG><a name="[dd]"></a>SYSCFG_DL_UART_3_init</STRONG> (Thumb, 64 bytes, Stack size 16 bytes, ti_msp_dl_config.o(.text.SYSCFG_DL_UART_3_init))
<BR><BR>[Stack]<UL><LI>Max Depth = 56<LI>Call Chain = SYSCFG_DL_UART_3_init &rArr; DL_UART_setBaudRateDivisor &rArr; DL_Common_updateReg
</UL>
<BR>[Calls]<UL><LI><a href="#[d6]">&gt;&gt;</a>&nbsp;&nbsp;&nbsp;DL_UART_setClockConfig
<LI><a href="#[76]">&gt;&gt;</a>&nbsp;&nbsp;&nbsp;DL_UART_init
<LI><a href="#[d8]">&gt;&gt;</a>&nbsp;&nbsp;&nbsp;DL_UART_enable
<LI><a href="#[d7]">&gt;&gt;</a>&nbsp;&nbsp;&nbsp;DL_UART_enableInterrupt
<LI><a href="#[79]">&gt;&gt;</a>&nbsp;&nbsp;&nbsp;DL_UART_setBaudRateDivisor
<LI><a href="#[7a]">&gt;&gt;</a>&nbsp;&nbsp;&nbsp;DL_UART_setOversampling
</UL>
<BR>[Called By]<UL><LI><a href="#[de]">&gt;&gt;</a>&nbsp;&nbsp;&nbsp;SYSCFG_DL_init
</UL>

<P><STRONG><a name="[de]"></a>SYSCFG_DL_init</STRONG> (Thumb, 120 bytes, Stack size 8 bytes, ti_msp_dl_config.o(.text.SYSCFG_DL_init))
<BR><BR>[Stack]<UL><LI>Max Depth = 200<LI>Call Chain = SYSCFG_DL_init &rArr; SYSCFG_DL_PWM_0_init &rArr; DL_TimerA_initPWMMode &rArr; DL_Timer_initPWMMode &rArr; DL_Timer_setCaptureCompareInput &rArr; DL_Common_updateReg
</UL>
<BR>[Calls]<UL><LI><a href="#[c6]">&gt;&gt;</a>&nbsp;&nbsp;&nbsp;SYSCFG_DL_SYSCTL_CLK_init
<LI><a href="#[ce]">&gt;&gt;</a>&nbsp;&nbsp;&nbsp;SYSCFG_DL_SYSTICK_init
<LI><a href="#[a6]">&gt;&gt;</a>&nbsp;&nbsp;&nbsp;SYSCFG_DL_DMA_init
<LI><a href="#[9e]">&gt;&gt;</a>&nbsp;&nbsp;&nbsp;SYSCFG_DL_ADC12_0_init
<LI><a href="#[c3]">&gt;&gt;</a>&nbsp;&nbsp;&nbsp;SYSCFG_DL_SPI_0_init
<LI><a href="#[dd]">&gt;&gt;</a>&nbsp;&nbsp;&nbsp;SYSCFG_DL_UART_3_init
<LI><a href="#[da]">&gt;&gt;</a>&nbsp;&nbsp;&nbsp;SYSCFG_DL_UART_2_init
<LI><a href="#[d9]">&gt;&gt;</a>&nbsp;&nbsp;&nbsp;SYSCFG_DL_UART_1_init
<LI><a href="#[d5]">&gt;&gt;</a>&nbsp;&nbsp;&nbsp;SYSCFG_DL_UART_0_init
<LI><a href="#[b7]">&gt;&gt;</a>&nbsp;&nbsp;&nbsp;SYSCFG_DL_I2C_0_init
<LI><a href="#[d3]">&gt;&gt;</a>&nbsp;&nbsp;&nbsp;SYSCFG_DL_TIMER_G12_init
<LI><a href="#[d4]">&gt;&gt;</a>&nbsp;&nbsp;&nbsp;SYSCFG_DL_TIMER_G8_init
<LI><a href="#[d2]">&gt;&gt;</a>&nbsp;&nbsp;&nbsp;SYSCFG_DL_TIMER_2_init
<LI><a href="#[d0]">&gt;&gt;</a>&nbsp;&nbsp;&nbsp;SYSCFG_DL_TIMER_1_init
<LI><a href="#[c2]">&gt;&gt;</a>&nbsp;&nbsp;&nbsp;SYSCFG_DL_PWM_2_init
<LI><a href="#[c1]">&gt;&gt;</a>&nbsp;&nbsp;&nbsp;SYSCFG_DL_PWM_1_init
<LI><a href="#[bd]">&gt;&gt;</a>&nbsp;&nbsp;&nbsp;SYSCFG_DL_PWM_0_init
<LI><a href="#[c8]">&gt;&gt;</a>&nbsp;&nbsp;&nbsp;SYSCFG_DL_SYSCTL_init
<LI><a href="#[a7]">&gt;&gt;</a>&nbsp;&nbsp;&nbsp;SYSCFG_DL_GPIO_init
<LI><a href="#[df]">&gt;&gt;</a>&nbsp;&nbsp;&nbsp;SYSCFG_DL_initPower
</UL>
<BR>[Called By]<UL><LI><a href="#[1e]">&gt;&gt;</a>&nbsp;&nbsp;&nbsp;main
</UL>

<P><STRONG><a name="[df]"></a>SYSCFG_DL_initPower</STRONG> (Thumb, 240 bytes, Stack size 72 bytes, ti_msp_dl_config.o(.text.SYSCFG_DL_initPower))
<BR><BR>[Stack]<UL><LI>Max Depth = 80<LI>Call Chain = SYSCFG_DL_initPower &rArr; DL_Common_delayCycles
</UL>
<BR>[Calls]<UL><LI><a href="#[ec]">&gt;&gt;</a>&nbsp;&nbsp;&nbsp;DL_Common_delayCycles
<LI><a href="#[eb]">&gt;&gt;</a>&nbsp;&nbsp;&nbsp;DL_ADC12_enablePower
<LI><a href="#[ea]">&gt;&gt;</a>&nbsp;&nbsp;&nbsp;DL_SPI_enablePower
<LI><a href="#[e9]">&gt;&gt;</a>&nbsp;&nbsp;&nbsp;DL_UART_enablePower
<LI><a href="#[e8]">&gt;&gt;</a>&nbsp;&nbsp;&nbsp;DL_I2C_enablePower
<LI><a href="#[e7]">&gt;&gt;</a>&nbsp;&nbsp;&nbsp;DL_Timer_enablePower
<LI><a href="#[e6]">&gt;&gt;</a>&nbsp;&nbsp;&nbsp;DL_GPIO_enablePower
<LI><a href="#[e5]">&gt;&gt;</a>&nbsp;&nbsp;&nbsp;DL_ADC12_reset
<LI><a href="#[e4]">&gt;&gt;</a>&nbsp;&nbsp;&nbsp;DL_SPI_reset
<LI><a href="#[e3]">&gt;&gt;</a>&nbsp;&nbsp;&nbsp;DL_UART_reset
<LI><a href="#[e2]">&gt;&gt;</a>&nbsp;&nbsp;&nbsp;DL_I2C_reset
<LI><a href="#[e1]">&gt;&gt;</a>&nbsp;&nbsp;&nbsp;DL_Timer_reset
<LI><a href="#[e0]">&gt;&gt;</a>&nbsp;&nbsp;&nbsp;DL_GPIO_reset
</UL>
<BR>[Called By]<UL><LI><a href="#[de]">&gt;&gt;</a>&nbsp;&nbsp;&nbsp;SYSCFG_DL_init
</UL>

<P><STRONG><a name="[ed]"></a>SendDataToVOFA</STRONG> (Thumb, 80 bytes, Stack size 80 bytes, vofa.o(.text.SendDataToVOFA))
<BR><BR>[Stack]<UL><LI>Max Depth = 128<LI>Call Chain = SendDataToVOFA &rArr; DL_Serial_SendArray &rArr; DL_UART_transmitDataBlocking &rArr; DL_UART_transmitData
</UL>
<BR>[Calls]<UL><LI><a href="#[ee]">&gt;&gt;</a>&nbsp;&nbsp;&nbsp;__aeabi_f2d
<LI><a href="#[67]">&gt;&gt;</a>&nbsp;&nbsp;&nbsp;DL_Serial_SendArray
<LI><a href="#[ef]">&gt;&gt;</a>&nbsp;&nbsp;&nbsp;sprintf
<LI><a href="#[f0]">&gt;&gt;</a>&nbsp;&nbsp;&nbsp;strlen
</UL>
<BR>[Called By]<UL><LI><a href="#[1e]">&gt;&gt;</a>&nbsp;&nbsp;&nbsp;main
</UL>

<P><STRONG><a name="[5]"></a>SysTick_Handler</STRONG> (Thumb, 12 bytes, Stack size 0 bytes, system.o(.text.SysTick_Handler))
<BR>[Address Reference Count : 1]<UL><LI> startup_mspm0g350x_uvision.o(RESET)
</UL>
<P><STRONG><a name="[13]"></a>TIMG0_IRQHandler</STRONG> (Thumb, 68 bytes, Stack size 8 bytes, ntimer.o(.text.TIMG0_IRQHandler))
<BR><BR>[Stack]<UL><LI>Max Depth = 60<LI>Call Chain = TIMG0_IRQHandler &rArr; get_systime &rArr; __aeabi_fadd &rArr; _float_epilogue
</UL>
<BR>[Calls]<UL><LI><a href="#[f2]">&gt;&gt;</a>&nbsp;&nbsp;&nbsp;get_systime
<LI><a href="#[f3]">&gt;&gt;</a>&nbsp;&nbsp;&nbsp;maple_duty_200hz
<LI><a href="#[f4]">&gt;&gt;</a>&nbsp;&nbsp;&nbsp;DL_GPIO_togglePins
<LI><a href="#[f1]">&gt;&gt;</a>&nbsp;&nbsp;&nbsp;DL_Timer_getPendingInterrupt
</UL>
<BR>[Address Reference Count : 1]<UL><LI> startup_mspm0g350x_uvision.o(RESET)
</UL>
<P><STRONG><a name="[18]"></a>TIMG12_IRQHandler</STRONG> (Thumb, 32 bytes, Stack size 8 bytes, ntimer.o(.text.TIMG12_IRQHandler))
<BR><BR>[Stack]<UL><LI>Max Depth = 60<LI>Call Chain = TIMG12_IRQHandler &rArr; get_systime &rArr; __aeabi_fadd &rArr; _float_epilogue
</UL>
<BR>[Calls]<UL><LI><a href="#[f2]">&gt;&gt;</a>&nbsp;&nbsp;&nbsp;get_systime
<LI><a href="#[f5]">&gt;&gt;</a>&nbsp;&nbsp;&nbsp;duty_1000hz
<LI><a href="#[f1]">&gt;&gt;</a>&nbsp;&nbsp;&nbsp;DL_Timer_getPendingInterrupt
</UL>
<BR>[Address Reference Count : 1]<UL><LI> startup_mspm0g350x_uvision.o(RESET)
</UL>
<P><STRONG><a name="[14]"></a>TIMG6_IRQHandler</STRONG> (Thumb, 32 bytes, Stack size 8 bytes, ntimer.o(.text.TIMG6_IRQHandler))
<BR><BR>[Stack]<UL><LI>Max Depth = 72<LI>Call Chain = TIMG6_IRQHandler &rArr; duty_100hz &rArr; PWM_Output &rArr; DL_Timer_setCaptureCompareValue
</UL>
<BR>[Calls]<UL><LI><a href="#[f2]">&gt;&gt;</a>&nbsp;&nbsp;&nbsp;get_systime
<LI><a href="#[f6]">&gt;&gt;</a>&nbsp;&nbsp;&nbsp;duty_100hz
<LI><a href="#[f1]">&gt;&gt;</a>&nbsp;&nbsp;&nbsp;DL_Timer_getPendingInterrupt
</UL>
<BR>[Address Reference Count : 1]<UL><LI> startup_mspm0g350x_uvision.o(RESET)
</UL>
<P><STRONG><a name="[8]"></a>TIMG8_IRQHandler</STRONG> (Thumb, 32 bytes, Stack size 8 bytes, ntimer.o(.text.TIMG8_IRQHandler))
<BR><BR>[Stack]<UL><LI>Max Depth = 60<LI>Call Chain = TIMG8_IRQHandler &rArr; get_systime &rArr; __aeabi_fadd &rArr; _float_epilogue
</UL>
<BR>[Calls]<UL><LI><a href="#[f2]">&gt;&gt;</a>&nbsp;&nbsp;&nbsp;get_systime
<LI><a href="#[f7]">&gt;&gt;</a>&nbsp;&nbsp;&nbsp;duty_10hz
<LI><a href="#[f1]">&gt;&gt;</a>&nbsp;&nbsp;&nbsp;DL_Timer_getPendingInterrupt
</UL>
<BR>[Address Reference Count : 1]<UL><LI> startup_mspm0g350x_uvision.o(RESET)
</UL>
<P><STRONG><a name="[12]"></a>UART0_IRQHandler</STRONG> (Thumb, 28 bytes, Stack size 16 bytes, usart3.o(.text.UART0_IRQHandler))
<BR><BR>[Stack]<UL><LI>Max Depth = 68<LI>Call Chain = UART0_IRQHandler &rArr; jy61p_ReceiveData &rArr; __aeabi_i2f &rArr; _float_epilogue
</UL>
<BR>[Calls]<UL><LI><a href="#[f8]">&gt;&gt;</a>&nbsp;&nbsp;&nbsp;DL_UART_receiveData
<LI><a href="#[f9]">&gt;&gt;</a>&nbsp;&nbsp;&nbsp;jy61p_ReceiveData
</UL>
<BR>[Address Reference Count : 1]<UL><LI> startup_mspm0g350x_uvision.o(RESET)
</UL>
<P><STRONG><a name="[10]"></a>UART1_IRQHandler</STRONG> (Thumb, 108 bytes, Stack size 16 bytes, nuart.o(.text.UART1_IRQHandler))
<BR><BR>[Stack]<UL><LI>Max Depth = 148<LI>Call Chain = UART1_IRQHandler &rArr; USART_PID_Adjust &rArr; Get_Data &rArr; __aeabi_fadd &rArr; _float_epilogue
</UL>
<BR>[Calls]<UL><LI><a href="#[fc]">&gt;&gt;</a>&nbsp;&nbsp;&nbsp;USART_PID_Adjust
<LI><a href="#[fb]">&gt;&gt;</a>&nbsp;&nbsp;&nbsp;DL_UART_receiveData
<LI><a href="#[fa]">&gt;&gt;</a>&nbsp;&nbsp;&nbsp;DL_UART_getEnabledInterruptStatus
<LI><a href="#[fd]">&gt;&gt;</a>&nbsp;&nbsp;&nbsp;DL_UART_clearInterruptStatus
<LI><a href="#[24]">&gt;&gt;</a>&nbsp;&nbsp;&nbsp;__aeabi_memclr
</UL>
<BR>[Address Reference Count : 1]<UL><LI> startup_mspm0g350x_uvision.o(RESET)
</UL>
<P><STRONG><a name="[11]"></a>UART2_IRQHandler</STRONG> (Thumb, 84 bytes, Stack size 24 bytes, nuart.o(.text.UART2_IRQHandler))
<BR><BR>[Stack]<UL><LI>Max Depth = 80<LI>Call Chain = UART2_IRQHandler &rArr; bluetooth_app_prase &rArr; Byte2Float
</UL>
<BR>[Calls]<UL><LI><a href="#[f2]">&gt;&gt;</a>&nbsp;&nbsp;&nbsp;get_systime
<LI><a href="#[fe]">&gt;&gt;</a>&nbsp;&nbsp;&nbsp;bluetooth_app_prase
<LI><a href="#[ff]">&gt;&gt;</a>&nbsp;&nbsp;&nbsp;DL_UART_getPendingInterrupt
<LI><a href="#[fb]">&gt;&gt;</a>&nbsp;&nbsp;&nbsp;DL_UART_receiveData
<LI><a href="#[fa]">&gt;&gt;</a>&nbsp;&nbsp;&nbsp;DL_UART_getEnabledInterruptStatus
<LI><a href="#[fd]">&gt;&gt;</a>&nbsp;&nbsp;&nbsp;DL_UART_clearInterruptStatus
</UL>
<BR>[Address Reference Count : 1]<UL><LI> startup_mspm0g350x_uvision.o(RESET)
</UL>
<P><STRONG><a name="[9]"></a>UART3_IRQHandler</STRONG> (Thumb, 84 bytes, Stack size 16 bytes, nuart.o(.text.UART3_IRQHandler))
<BR><BR>[Stack]<UL><LI>Max Depth = 24<LI>Call Chain = UART3_IRQHandler &rArr; DL_UART_getEnabledInterruptStatus
</UL>
<BR>[Calls]<UL><LI><a href="#[fb]">&gt;&gt;</a>&nbsp;&nbsp;&nbsp;DL_UART_receiveData
<LI><a href="#[fa]">&gt;&gt;</a>&nbsp;&nbsp;&nbsp;DL_UART_getEnabledInterruptStatus
<LI><a href="#[fd]">&gt;&gt;</a>&nbsp;&nbsp;&nbsp;DL_UART_clearInterruptStatus
</UL>
<BR>[Address Reference Count : 1]<UL><LI> startup_mspm0g350x_uvision.o(RESET)
</UL>
<P><STRONG><a name="[fc]"></a>USART_PID_Adjust</STRONG> (Thumb, 300 bytes, Stack size 24 bytes, vofa.o(.text.USART_PID_Adjust))
<BR><BR>[Stack]<UL><LI>Max Depth = 132<LI>Call Chain = USART_PID_Adjust &rArr; Get_Data &rArr; __aeabi_fadd &rArr; _float_epilogue
</UL>
<BR>[Calls]<UL><LI><a href="#[100]">&gt;&gt;</a>&nbsp;&nbsp;&nbsp;__aeabi_f2iz
<LI><a href="#[86]">&gt;&gt;</a>&nbsp;&nbsp;&nbsp;Get_Data
</UL>
<BR>[Called By]<UL><LI><a href="#[10]">&gt;&gt;</a>&nbsp;&nbsp;&nbsp;UART1_IRQHandler
</UL>

<P><STRONG><a name="[101]"></a>W25Q64_read</STRONG> (Thumb, 116 bytes, Stack size 32 bytes, w25qxx.o(.text.W25Q64_read))
<BR><BR>[Stack]<UL><LI>Max Depth = 56<LI>Call Chain = W25Q64_read &rArr; spi_read_write_byte &rArr; DL_SPI_transmitData8
</UL>
<BR>[Calls]<UL><LI><a href="#[103]">&gt;&gt;</a>&nbsp;&nbsp;&nbsp;spi_read_write_byte
<LI><a href="#[102]">&gt;&gt;</a>&nbsp;&nbsp;&nbsp;DL_GPIO_clearPins
<LI><a href="#[104]">&gt;&gt;</a>&nbsp;&nbsp;&nbsp;DL_GPIO_setPins
</UL>
<BR>[Called By]<UL><LI><a href="#[9c]">&gt;&gt;</a>&nbsp;&nbsp;&nbsp;W25QXX_Read_f
</UL>

<P><STRONG><a name="[9c]"></a>W25QXX_Read_f</STRONG> (Thumb, 78 bytes, Stack size 32 bytes, w25qxx.o(.text.W25QXX_Read_f))
<BR><BR>[Stack]<UL><LI>Max Depth = 88<LI>Call Chain = W25QXX_Read_f &rArr; W25Q64_read &rArr; spi_read_write_byte &rArr; DL_SPI_transmitData8
</UL>
<BR>[Calls]<UL><LI><a href="#[101]">&gt;&gt;</a>&nbsp;&nbsp;&nbsp;W25Q64_read
</UL>
<BR>[Called By]<UL><LI><a href="#[9d]">&gt;&gt;</a>&nbsp;&nbsp;&nbsp;ReadFlashParameterThree
<LI><a href="#[9b]">&gt;&gt;</a>&nbsp;&nbsp;&nbsp;ReadFlashParameterOne
</UL>

<P><STRONG><a name="[105]"></a>bling_set</STRONG> (Thumb, 70 bytes, Stack size 40 bytes, rgb.o(.text.bling_set))
<BR><BR>[Stack]<UL><LI>Max Depth = 56<LI>Call Chain = bling_set &rArr; __aeabi_uidiv
</UL>
<BR>[Calls]<UL><LI><a href="#[106]">&gt;&gt;</a>&nbsp;&nbsp;&nbsp;__aeabi_uidiv
</UL>
<BR>[Called By]<UL><LI><a href="#[11b]">&gt;&gt;</a>&nbsp;&nbsp;&nbsp;rgb_start_bling
</UL>

<P><STRONG><a name="[fe]"></a>bluetooth_app_prase</STRONG> (Thumb, 488 bytes, Stack size 40 bytes, nclink.o(.text.bluetooth_app_prase))
<BR><BR>[Stack]<UL><LI>Max Depth = 56<LI>Call Chain = bluetooth_app_prase &rArr; Byte2Float
</UL>
<BR>[Calls]<UL><LI><a href="#[100]">&gt;&gt;</a>&nbsp;&nbsp;&nbsp;__aeabi_f2iz
<LI><a href="#[107]">&gt;&gt;</a>&nbsp;&nbsp;&nbsp;Byte2Float
</UL>
[...]
<BR><BR>[Stack]<UL><LI>Max Depth = 4<LI>Call Chain = DL_UART_enable
</UL>
<BR>[Called By]<UL><LI><a href="#[dd]">&gt;&gt;</a>&nbsp;&nbsp;&nbsp;SYSCFG_DL_UART_3_init
<LI><a href="#[da]">&gt;&gt;</a>&nbsp;&nbsp;&nbsp;SYSCFG_DL_UART_2_init
<LI><a href="#[d9]">&gt;&gt;</a>&nbsp;&nbsp;&nbsp;SYSCFG_DL_UART_1_init
<LI><a href="#[d5]">&gt;&gt;</a>&nbsp;&nbsp;&nbsp;SYSCFG_DL_UART_0_init
</UL>

<P><STRONG><a name="[db]"></a>DL_UART_enableDMATransmitEvent</STRONG> (Thumb, 20 bytes, Stack size 4 bytes, ti_msp_dl_config.o(.text.DL_UART_enableDMATransmitEvent))
<BR><BR>[Stack]<UL><LI>Max Depth = 4<LI>Call Chain = DL_UART_enableDMATransmitEvent
</UL>
<BR>[Called By]<UL><LI><a href="#[da]">&gt;&gt;</a>&nbsp;&nbsp;&nbsp;SYSCFG_DL_UART_2_init
</UL>

<P><STRONG><a name="[dc]"></a>DL_UART_enableFIFOs</STRONG> (Thumb, 24 bytes, Stack size 4 bytes, ti_msp_dl_config.o(.text.DL_UART_enableFIFOs))
<BR><BR>[Stack]<UL><LI>Max Depth = 4<LI>Call Chain = DL_UART_enableFIFOs
</UL>
<BR>[Called By]<UL><LI><a href="#[da]">&gt;&gt;</a>&nbsp;&nbsp;&nbsp;SYSCFG_DL_UART_2_init
</UL>

<P><STRONG><a name="[7b]"></a>DL_UART_setRXFIFOThreshold</STRONG> (Thumb, 36 bytes, Stack size 24 bytes, ti_msp_dl_config.o(.text.DL_UART_setRXFIFOThreshold))
<BR><BR>[Stack]<UL><LI>Max Depth = 40<LI>Call Chain = DL_UART_setRXFIFOThreshold &rArr; DL_Common_updateReg
</UL>
<BR>[Calls]<UL><LI><a href="#[43]">&gt;&gt;</a>&nbsp;&nbsp;&nbsp;DL_Common_updateReg
</UL>
<BR>[Called By]<UL><LI><a href="#[da]">&gt;&gt;</a>&nbsp;&nbsp;&nbsp;SYSCFG_DL_UART_2_init
</UL>

<P><STRONG><a name="[7c]"></a>DL_UART_setTXFIFOThreshold</STRONG> (Thumb, 36 bytes, Stack size 24 bytes, ti_msp_dl_config.o(.text.DL_UART_setTXFIFOThreshold))
<BR><BR>[Stack]<UL><LI>Max Depth = 40<LI>Call Chain = DL_UART_setTXFIFOThreshold &rArr; DL_Common_updateReg
</UL>
<BR>[Calls]<UL><LI><a href="#[43]">&gt;&gt;</a>&nbsp;&nbsp;&nbsp;DL_Common_updateReg
</UL>
<BR>[Called By]<UL><LI><a href="#[da]">&gt;&gt;</a>&nbsp;&nbsp;&nbsp;SYSCFG_DL_UART_2_init
</UL>

<P><STRONG><a name="[52]"></a>DL_SPI_setBitRateSerialClockDivider</STRONG> (Thumb, 28 bytes, Stack size 16 bytes, ti_msp_dl_config.o(.text.DL_SPI_setBitRateSerialClockDivider))
<BR><BR>[Stack]<UL><LI>Max Depth = 32<LI>Call Chain = DL_SPI_setBitRateSerialClockDivider &rArr; DL_Common_updateReg
</UL>
<BR>[Calls]<UL><LI><a href="#[43]">&gt;&gt;</a>&nbsp;&nbsp;&nbsp;DL_Common_updateReg
</UL>
<BR>[Called By]<UL><LI><a href="#[c3]">&gt;&gt;</a>&nbsp;&nbsp;&nbsp;SYSCFG_DL_SPI_0_init
</UL>

<P><STRONG><a name="[53]"></a>DL_SPI_setFIFOThreshold</STRONG> (Thumb, 44 bytes, Stack size 24 bytes, ti_msp_dl_config.o(.text.DL_SPI_setFIFOThreshold))
<BR><BR>[Stack]<UL><LI>Max Depth = 40<LI>Call Chain = DL_SPI_setFIFOThreshold &rArr; DL_Common_updateReg
</UL>
<BR>[Calls]<UL><LI><a href="#[43]">&gt;&gt;</a>&nbsp;&nbsp;&nbsp;DL_Common_updateReg
</UL>
<BR>[Called By]<UL><LI><a href="#[c3]">&gt;&gt;</a>&nbsp;&nbsp;&nbsp;SYSCFG_DL_SPI_0_init
</UL>

<P><STRONG><a name="[c5]"></a>DL_SPI_enable</STRONG> (Thumb, 20 bytes, Stack size 4 bytes, ti_msp_dl_config.o(.text.DL_SPI_enable))
<BR><BR>[Stack]<UL><LI>Max Depth = 4<LI>Call Chain = DL_SPI_enable
</UL>
<BR>[Called By]<UL><LI><a href="#[c3]">&gt;&gt;</a>&nbsp;&nbsp;&nbsp;SYSCFG_DL_SPI_0_init
</UL>

<P><STRONG><a name="[42]"></a>DL_ADC12_setStartAddress</STRONG> (Thumb, 28 bytes, Stack size 16 bytes, ti_msp_dl_config.o(.text.DL_ADC12_setStartAddress))
<BR><BR>[Stack]<UL><LI>Max Depth = 32<LI>Call Chain = DL_ADC12_setStartAddress &rArr; DL_Common_updateReg
</UL>
<BR>[Calls]<UL><LI><a href="#[43]">&gt;&gt;</a>&nbsp;&nbsp;&nbsp;DL_Common_updateReg
</UL>
<BR>[Called By]<UL><LI><a href="#[9e]">&gt;&gt;</a>&nbsp;&nbsp;&nbsp;SYSCFG_DL_ADC12_0_init
</UL>

<P><STRONG><a name="[9f]"></a>DL_ADC12_configConversionMem</STRONG> (Thumb, 74 bytes, Stack size 28 bytes, ti_msp_dl_config.o(.text.DL_ADC12_configConversionMem))
<BR><BR>[Stack]<UL><LI>Max Depth = 28<LI>Call Chain = DL_ADC12_configConversionMem
</UL>
<BR>[Called By]<UL><LI><a href="#[9e]">&gt;&gt;</a>&nbsp;&nbsp;&nbsp;SYSCFG_DL_ADC12_0_init
</UL>

<P><STRONG><a name="[a0]"></a>DL_ADC12_setSampleTime0</STRONG> (Thumb, 20 bytes, Stack size 8 bytes, ti_msp_dl_config.o(.text.DL_ADC12_setSampleTime0))
<BR><BR>[Stack]<UL><LI>Max Depth = 8<LI>Call Chain = DL_ADC12_setSampleTime0
</UL>
<BR>[Called By]<UL><LI><a href="#[9e]">&gt;&gt;</a>&nbsp;&nbsp;&nbsp;SYSCFG_DL_ADC12_0_init
</UL>

<P><STRONG><a name="[a1]"></a>DL_ADC12_clearInterruptStatus</STRONG> (Thumb, 24 bytes, Stack size 8 bytes, ti_msp_dl_config.o(.text.DL_ADC12_clearInterruptStatus))
<BR><BR>[Stack]<UL><LI>Max Depth = 8<LI>Call Chain = DL_ADC12_clearInterruptStatus
</UL>
<BR>[Called By]<UL><LI><a href="#[9e]">&gt;&gt;</a>&nbsp;&nbsp;&nbsp;SYSCFG_DL_ADC12_0_init
</UL>

<P><STRONG><a name="[a2]"></a>DL_ADC12_enableInterrupt</STRONG> (Thumb, 24 bytes, Stack size 8 bytes, ti_msp_dl_config.o(.text.DL_ADC12_enableInterrupt))
<BR><BR>[Stack]<UL><LI>Max Depth = 8<LI>Call Chain = DL_ADC12_enableInterrupt
</UL>
<BR>[Called By]<UL><LI><a href="#[9e]">&gt;&gt;</a>&nbsp;&nbsp;&nbsp;SYSCFG_DL_ADC12_0_init
</UL>

<P><STRONG><a name="[a4]"></a>DL_ADC12_enableConversions</STRONG> (Thumb, 22 bytes, Stack size 4 bytes, ti_msp_dl_config.o(.text.DL_ADC12_enableConversions))
<BR><BR>[Stack]<UL><LI>Max Depth = 4<LI>Call Chain = DL_ADC12_enableConversions
</UL>
<BR>[Called By]<UL><LI><a href="#[9e]">&gt;&gt;</a>&nbsp;&nbsp;&nbsp;SYSCFG_DL_ADC12_0_init
</UL>

<P><STRONG><a name="[cf]"></a>SysTick_Config</STRONG> (Thumb, 68 bytes, Stack size 24 bytes, ti_msp_dl_config.o(.text.SysTick_Config))
<BR><BR>[Stack]<UL><LI>Max Depth = 48<LI>Call Chain = SysTick_Config &rArr; __NVIC_SetPriority
</UL>
<BR>[Calls]<UL><LI><a href="#[a3]">&gt;&gt;</a>&nbsp;&nbsp;&nbsp;__NVIC_SetPriority
</UL>
<BR>[Called By]<UL><LI><a href="#[ce]">&gt;&gt;</a>&nbsp;&nbsp;&nbsp;SYSCFG_DL_SYSTICK_init
</UL>

<P><STRONG><a name="[c7]"></a>DL_SYSCTL_getClockStatus</STRONG> (Thumb, 8 bytes, Stack size 0 bytes, ti_msp_dl_config.o(.text.DL_SYSCTL_getClockStatus))
<BR><BR>[Called By]<UL><LI><a href="#[c6]">&gt;&gt;</a>&nbsp;&nbsp;&nbsp;SYSCFG_DL_SYSCTL_CLK_init
</UL>

<P><STRONG><a name="[43]"></a>DL_Common_updateReg</STRONG> (Thumb, 40 bytes, Stack size 16 bytes, ti_msp_dl_config.o(.text.DL_Common_updateReg))
<BR><BR>[Stack]<UL><LI>Max Depth = 16<LI>Call Chain = DL_Common_updateReg
</UL>
<BR>[Called By]<UL><LI><a href="#[42]">&gt;&gt;</a>&nbsp;&nbsp;&nbsp;DL_ADC12_setStartAddress
<LI><a href="#[53]">&gt;&gt;</a>&nbsp;&nbsp;&nbsp;DL_SPI_setFIFOThreshold
<LI><a href="#[52]">&gt;&gt;</a>&nbsp;&nbsp;&nbsp;DL_SPI_setBitRateSerialClockDivider
<LI><a href="#[7c]">&gt;&gt;</a>&nbsp;&nbsp;&nbsp;DL_UART_setTXFIFOThreshold
<LI><a href="#[7b]">&gt;&gt;</a>&nbsp;&nbsp;&nbsp;DL_UART_setRXFIFOThreshold
<LI><a href="#[79]">&gt;&gt;</a>&nbsp;&nbsp;&nbsp;DL_UART_setBaudRateDivisor
<LI><a href="#[7a]">&gt;&gt;</a>&nbsp;&nbsp;&nbsp;DL_UART_setOversampling
<LI><a href="#[4e]">&gt;&gt;</a>&nbsp;&nbsp;&nbsp;DL_I2C_setControllerRXFIFOThreshold
<LI><a href="#[4f]">&gt;&gt;</a>&nbsp;&nbsp;&nbsp;DL_I2C_setControllerTXFIFOThreshold
<LI><a href="#[4b]">&gt;&gt;</a>&nbsp;&nbsp;&nbsp;DL_I2C_setAnalogGlitchFilterPulseWidth
<LI><a href="#[75]">&gt;&gt;</a>&nbsp;&nbsp;&nbsp;DL_Timer_setCounterControl
<LI><a href="#[62]">&gt;&gt;</a>&nbsp;&nbsp;&nbsp;DL_SYSCTL_setMFPCLKSource
<LI><a href="#[5b]">&gt;&gt;</a>&nbsp;&nbsp;&nbsp;DL_SYSCTL_setHFCLKDividerForMFPCLK
<LI><a href="#[64]">&gt;&gt;</a>&nbsp;&nbsp;&nbsp;DL_SYSCTL_setULPCLKDivider
<LI><a href="#[63]">&gt;&gt;</a>&nbsp;&nbsp;&nbsp;DL_SYSCTL_setSYSOSCFreq
<LI><a href="#[5a]">&gt;&gt;</a>&nbsp;&nbsp;&nbsp;DL_SYSCTL_setFlashWaitState
</UL>

<P><STRONG><a name="[90]"></a>DL_GPIO_clearPins</STRONG> (Thumb, 20 bytes, Stack size 8 bytes, oled.o(.text.DL_GPIO_clearPins))
<BR><BR>[Stack]<UL><LI>Max Depth = 8<LI>Call Chain = DL_GPIO_clearPins
</UL>
<BR>[Called By]<UL><LI><a href="#[8f]">&gt;&gt;</a>&nbsp;&nbsp;&nbsp;OLED_Init
</UL>

<P><STRONG><a name="[91]"></a>DL_GPIO_setPins</STRONG> (Thumb, 20 bytes, Stack size 8 bytes, oled.o(.text.DL_GPIO_setPins))
<BR><BR>[Stack]<UL><LI>Max Depth = 8<LI>Call Chain = DL_GPIO_setPins
</UL>
<BR>[Called By]<UL><LI><a href="#[8f]">&gt;&gt;</a>&nbsp;&nbsp;&nbsp;OLED_Init
</UL>

<P><STRONG><a name="[121]"></a>DL_Timer_startCounter</STRONG> (Thumb, 20 bytes, Stack size 4 bytes, ntimer.o(.text.DL_Timer_startCounter))
<BR><BR>[Stack]<UL><LI>Max Depth = 4<LI>Call Chain = DL_Timer_startCounter
</UL>
<BR>[Called By]<UL><LI><a href="#[118]">&gt;&gt;</a>&nbsp;&nbsp;&nbsp;timer_irq_config
</UL>

<P><STRONG><a name="[122]"></a>__NVIC_EnableIRQ</STRONG> (Thumb, 40 bytes, Stack size 4 bytes, ntimer.o(.text.__NVIC_EnableIRQ))
<BR><BR>[Stack]<UL><LI>Max Depth = 4<LI>Call Chain = __NVIC_EnableIRQ
</UL>
<BR>[Called By]<UL><LI><a href="#[118]">&gt;&gt;</a>&nbsp;&nbsp;&nbsp;timer_irq_config
</UL>

<P><STRONG><a name="[f1]"></a>DL_Timer_getPendingInterrupt</STRONG> (Thumb, 18 bytes, Stack size 4 bytes, ntimer.o(.text.DL_Timer_getPendingInterrupt))
<BR><BR>[Stack]<UL><LI>Max Depth = 4<LI>Call Chain = DL_Timer_getPendingInterrupt
</UL>
<BR>[Called By]<UL><LI><a href="#[18]">&gt;&gt;</a>&nbsp;&nbsp;&nbsp;TIMG12_IRQHandler
<LI><a href="#[8]">&gt;&gt;</a>&nbsp;&nbsp;&nbsp;TIMG8_IRQHandler
<LI><a href="#[14]">&gt;&gt;</a>&nbsp;&nbsp;&nbsp;TIMG6_IRQHandler
<LI><a href="#[13]">&gt;&gt;</a>&nbsp;&nbsp;&nbsp;TIMG0_IRQHandler
</UL>

<P><STRONG><a name="[f4]"></a>DL_GPIO_togglePins</STRONG> (Thumb, 20 bytes, Stack size 8 bytes, ntimer.o(.text.DL_GPIO_togglePins))
<BR><BR>[Stack]<UL><LI>Max Depth = 8<LI>Call Chain = DL_GPIO_togglePins
</UL>
<BR>[Called By]<UL><LI><a href="#[13]">&gt;&gt;</a>&nbsp;&nbsp;&nbsp;TIMG0_IRQHandler
</UL>

<P><STRONG><a name="[97]"></a>DL_Interrupt_getPendingGroup</STRONG> (Thumb, 24 bytes, Stack size 4 bytes, nqei.o(.text.DL_Interrupt_getPendingGroup))
<BR><BR>[Stack]<UL><LI>Max Depth = 4<LI>Call Chain = DL_Interrupt_getPendingGroup
</UL>
<BR>[Called By]<UL><LI><a href="#[85]">&gt;&gt;</a>&nbsp;&nbsp;&nbsp;QEI0_IRQHandler
</UL>

<P><STRONG><a name="[98]"></a>DL_GPIO_getEnabledInterruptStatus</STRONG> (Thumb, 20 bytes, Stack size 8 bytes, nqei.o(.text.DL_GPIO_getEnabledInterruptStatus))
<BR><BR>[Stack]<UL><LI>Max Depth = 8<LI>Call Chain = DL_GPIO_getEnabledInterruptStatus
</UL>
<BR>[Called By]<UL><LI><a href="#[85]">&gt;&gt;</a>&nbsp;&nbsp;&nbsp;QEI0_IRQHandler
</UL>

<P><STRONG><a name="[99]"></a>DL_GPIO_readPins</STRONG> (Thumb, 22 bytes, Stack size 8 bytes, nqei.o(.text.DL_GPIO_readPins))
<BR><BR>[Stack]<UL><LI>Max Depth = 8<LI>Call Chain = DL_GPIO_readPins
</UL>
<BR>[Called By]<UL><LI><a href="#[85]">&gt;&gt;</a>&nbsp;&nbsp;&nbsp;QEI0_IRQHandler
</UL>

<P><STRONG><a name="[9a]"></a>DL_GPIO_clearInterruptStatus</STRONG> (Thumb, 24 bytes, Stack size 8 bytes, nqei.o(.text.DL_GPIO_clearInterruptStatus))
<BR><BR>[Stack]<UL><LI>Max Depth = 8<LI>Call Chain = DL_GPIO_clearInterruptStatus
</UL>
<BR>[Called By]<UL><LI><a href="#[85]">&gt;&gt;</a>&nbsp;&nbsp;&nbsp;QEI0_IRQHandler
</UL>

<P><STRONG><a name="[94]"></a>__NVIC_ClearPendingIRQ</STRONG> (Thumb, 40 bytes, Stack size 4 bytes, nppm.o(.text.__NVIC_ClearPendingIRQ))
<BR><BR>[Stack]<UL><LI>Max Depth = 4<LI>Call Chain = __NVIC_ClearPendingIRQ
</UL>
<BR>[Called By]<UL><LI><a href="#[93]">&gt;&gt;</a>&nbsp;&nbsp;&nbsp;PPM_Init
</UL>

<P><STRONG><a name="[95]"></a>__NVIC_EnableIRQ</STRONG> (Thumb, 40 bytes, Stack size 4 bytes, nppm.o(.text.__NVIC_EnableIRQ))
<BR><BR>[Stack]<UL><LI>Max Depth = 4<LI>Call Chain = __NVIC_EnableIRQ
</UL>
<BR>[Called By]<UL><LI><a href="#[93]">&gt;&gt;</a>&nbsp;&nbsp;&nbsp;PPM_Init
</UL>

<P><STRONG><a name="[3f]"></a>DL_ADC12_getPendingInterrupt</STRONG> (Thumb, 18 bytes, Stack size 4 bytes, nadc.o(.text.DL_ADC12_getPendingInterrupt))
<BR><BR>[Stack]<UL><LI>Max Depth = 4<LI>Call Chain = DL_ADC12_getPendingInterrupt
</UL>
<BR>[Called By]<UL><LI><a href="#[a]">&gt;&gt;</a>&nbsp;&nbsp;&nbsp;ADC0_IRQHandler
</UL>

<P><STRONG><a name="[124]"></a>__NVIC_ClearPendingIRQ</STRONG> (Thumb, 40 bytes, Stack size 4 bytes, nuart.o(.text.__NVIC_ClearPendingIRQ))
<BR><BR>[Stack]<UL><LI>Max Depth = 4<LI>Call Chain = __NVIC_ClearPendingIRQ
</UL>
<BR>[Called By]<UL><LI><a href="#[112]">&gt;&gt;</a>&nbsp;&nbsp;&nbsp;usart_irq_config
</UL>

<P><STRONG><a name="[125]"></a>__NVIC_EnableIRQ</STRONG> (Thumb, 40 bytes, Stack size 4 bytes, nuart.o(.text.__NVIC_EnableIRQ))
<BR><BR>[Stack]<UL><LI>Max Depth = 4<LI>Call Chain = __NVIC_EnableIRQ
</UL>
<BR>[Called By]<UL><LI><a href="#[112]">&gt;&gt;</a>&nbsp;&nbsp;&nbsp;usart_irq_config
</UL>

<P><STRONG><a name="[fd]"></a>DL_UART_clearInterruptStatus</STRONG> (Thumb, 20 bytes, Stack size 8 bytes, nuart.o(.text.DL_UART_clearInterruptStatus))
<BR><BR>[Stack]<UL><LI>Max Depth = 8<LI>Call Chain = DL_UART_clearInterruptStatus
</UL>
<BR>[Called By]<UL><LI><a href="#[112]">&gt;&gt;</a>&nbsp;&nbsp;&nbsp;usart_irq_config
<LI><a href="#[9]">&gt;&gt;</a>&nbsp;&nbsp;&nbsp;UART3_IRQHandler
<LI><a href="#[11]">&gt;&gt;</a>&nbsp;&nbsp;&nbsp;UART2_IRQHandler
<LI><a href="#[10]">&gt;&gt;</a>&nbsp;&nbsp;&nbsp;UART1_IRQHandler
</UL>

<P><STRONG><a name="[fa]"></a>DL_UART_getEnabledInterruptStatus</STRONG> (Thumb, 20 bytes, Stack size 8 bytes, nuart.o(.text.DL_UART_getEnabledInterruptStatus))
<BR><BR>[Stack]<UL><LI>Max Depth = 8<LI>Call Chain = DL_UART_getEnabledInterruptStatus
</UL>
<BR>[Called By]<UL><LI><a href="#[9]">&gt;&gt;</a>&nbsp;&nbsp;&nbsp;UART3_IRQHandler
<LI><a href="#[11]">&gt;&gt;</a>&nbsp;&nbsp;&nbsp;UART2_IRQHandler
<LI><a href="#[10]">&gt;&gt;</a>&nbsp;&nbsp;&nbsp;UART1_IRQHandler
</UL>

<P><STRONG><a name="[fb]"></a>DL_UART_receiveData</STRONG> (Thumb, 16 bytes, Stack size 4 bytes, nuart.o(.text.DL_UART_receiveData))
<BR><BR>[Stack]<UL><LI>Max Depth = 4<LI>Call Chain = DL_UART_receiveData
</UL>
<BR>[Called By]<UL><LI><a href="#[9]">&gt;&gt;</a>&nbsp;&nbsp;&nbsp;UART3_IRQHandler
<LI><a href="#[11]">&gt;&gt;</a>&nbsp;&nbsp;&nbsp;UART2_IRQHandler
<LI><a href="#[10]">&gt;&gt;</a>&nbsp;&nbsp;&nbsp;UART1_IRQHandler
</UL>

<P><STRONG><a name="[ff]"></a>DL_UART_getPendingInterrupt</STRONG> (Thumb, 18 bytes, Stack size 4 bytes, nuart.o(.text.DL_UART_getPendingInterrupt))
<BR><BR>[Stack]<UL><LI>Max Depth = 4<LI>Call Chain = DL_UART_getPendingInterrupt
</UL>
<BR>[Called By]<UL><LI><a href="#[11]">&gt;&gt;</a>&nbsp;&nbsp;&nbsp;UART2_IRQHandler
</UL>

<P><STRONG><a name="[104]"></a>DL_GPIO_setPins</STRONG> (Thumb, 20 bytes, Stack size 8 bytes, w25qxx.o(.text.DL_GPIO_setPins))
<BR><BR>[Stack]<UL><LI>Max Depth = 8<LI>Call Chain = DL_GPIO_setPins
</UL>
<BR>[Called By]<UL><LI><a href="#[101]">&gt;&gt;</a>&nbsp;&nbsp;&nbsp;W25Q64_read
</UL>

<P><STRONG><a name="[102]"></a>DL_GPIO_clearPins</STRONG> (Thumb, 20 bytes, Stack size 8 bytes, w25qxx.o(.text.DL_GPIO_clearPins))
<BR><BR>[Stack]<UL><LI>Max Depth = 8<LI>Call Chain = DL_GPIO_clearPins
</UL>
<BR>[Called By]<UL><LI><a href="#[101]">&gt;&gt;</a>&nbsp;&nbsp;&nbsp;W25Q64_read
</UL>

<P><STRONG><a name="[11d]"></a>DL_SPI_transmitData8</STRONG> (Thumb, 22 bytes, Stack size 8 bytes, w25qxx.o(.text.DL_SPI_transmitData8))
<BR><BR>[Stack]<UL><LI>Max Depth = 8<LI>Call Chain = DL_SPI_transmitData8
</UL>
<BR>[Called By]<UL><LI><a href="#[103]">&gt;&gt;</a>&nbsp;&nbsp;&nbsp;spi_read_write_byte
</UL>

<P><STRONG><a name="[11e]"></a>DL_SPI_isBusy</STRONG> (Thumb, 20 bytes, Stack size 4 bytes, w25qxx.o(.text.DL_SPI_isBusy))
<BR><BR>[Stack]<UL><LI>Max Depth = 4<LI>Call Chain = DL_SPI_isBusy
</UL>
<BR>[Called By]<UL><LI><a href="#[103]">&gt;&gt;</a>&nbsp;&nbsp;&nbsp;spi_read_write_byte
</UL>

<P><STRONG><a name="[11f]"></a>DL_SPI_receiveData8</STRONG> (Thumb, 16 bytes, Stack size 4 bytes, w25qxx.o(.text.DL_SPI_receiveData8))
<BR><BR>[Stack]<UL><LI>Max Depth = 4<LI>Call Chain = DL_SPI_receiveData8
</UL>
<BR>[Called By]<UL><LI><a href="#[103]">&gt;&gt;</a>&nbsp;&nbsp;&nbsp;spi_read_write_byte
</UL>

<P><STRONG><a name="[89]"></a>DL_I2C_disableInterrupt</STRONG> (Thumb, 24 bytes, Stack size 8 bytes, bsp_mpu6050.o(.text.DL_I2C_disableInterrupt))
<BR><BR>[Stack]<UL><LI>Max Depth = 8<LI>Call Chain = DL_I2C_disableInterrupt
</UL>
<BR>[Called By]<UL><LI><a href="#[1a]">&gt;&gt;</a>&nbsp;&nbsp;&nbsp;I2C1_IRQHandler
</UL>

<P><STRONG><a name="[88]"></a>DL_I2C_getPendingInterrupt</STRONG> (Thumb, 18 bytes, Stack size 4 bytes, bsp_mpu6050.o(.text.DL_I2C_getPendingInterrupt))
<BR><BR>[Stack]<UL><LI>Max Depth = 4<LI>Call Chain = DL_I2C_getPendingInterrupt
</UL>
<BR>[Called By]<UL><LI><a href="#[1a]">&gt;&gt;</a>&nbsp;&nbsp;&nbsp;I2C1_IRQHandler
</UL>

<P><STRONG><a name="[8a]"></a>DL_I2C_isControllerRXFIFOEmpty</STRONG> (Thumb, 24 bytes, Stack size 4 bytes, bsp_mpu6050.o(.text.DL_I2C_isControllerRXFIFOEmpty))
<BR><BR>[Stack]<UL><LI>Max Depth = 4<LI>Call Chain = DL_I2C_isControllerRXFIFOEmpty
</UL>
<BR>[Called By]<UL><LI><a href="#[1a]">&gt;&gt;</a>&nbsp;&nbsp;&nbsp;I2C1_IRQHandler
</UL>

<P><STRONG><a name="[8b]"></a>DL_I2C_receiveControllerData</STRONG> (Thumb, 16 bytes, Stack size 4 bytes, bsp_mpu6050.o(.text.DL_I2C_receiveControllerData))
<BR><BR>[Stack]<UL><LI>Max Depth = 4<LI>Call Chain = DL_I2C_receiveControllerData
</UL>
<BR>[Called By]<UL><LI><a href="#[1a]">&gt;&gt;</a>&nbsp;&nbsp;&nbsp;I2C1_IRQHandler
</UL>

<P><STRONG><a name="[f8]"></a>DL_UART_receiveData</STRONG> (Thumb, 16 bytes, Stack size 4 bytes, usart3.o(.text.DL_UART_receiveData))
<BR><BR>[Stack]<UL><LI>Max Depth = 4<LI>Call Chain = DL_UART_receiveData
</UL>
<BR>[Called By]<UL><LI><a href="#[12]">&gt;&gt;</a>&nbsp;&nbsp;&nbsp;UART0_IRQHandler
</UL>

<P><STRONG><a name="[11c]"></a>DL_GPIO_clearPins</STRONG> (Thumb, 20 bytes, Stack size 8 bytes, sensor.o(.text.DL_GPIO_clearPins))
<BR><BR>[Stack]<UL><LI>Max Depth = 8<LI>Call Chain = DL_GPIO_clearPins
</UL>
<BR>[Called By]<UL><LI><a href="#[114]">&gt;&gt;</a>&nbsp;&nbsp;&nbsp;simulation_pwm_init
</UL>

<P><STRONG><a name="[123]"></a>__ARM_isnanf</STRONG> (Thumb, 24 bytes, Stack size 4 bytes, sdk.o(.text.__ARM_isnanf))
<BR><BR>[Stack]<UL><LI>Max Depth = 4<LI>Call Chain = __ARM_isnanf
</UL>
<BR>[Called By]<UL><LI><a href="#[113]">&gt;&gt;</a>&nbsp;&nbsp;&nbsp;trackless_params_init
</UL>

<P><STRONG><a name="[12b]"></a>_fp_digits</STRONG> (Thumb, 344 bytes, Stack size 64 bytes, printfa.o(i._fp_digits), UNUSED)
<BR><BR>[Calls]<UL><LI><a href="#[35]">&gt;&gt;</a>&nbsp;&nbsp;&nbsp;__aeabi_ddiv
<LI><a href="#[34]">&gt;&gt;</a>&nbsp;&nbsp;&nbsp;__aeabi_dmul
<LI><a href="#[2d]">&gt;&gt;</a>&nbsp;&nbsp;&nbsp;__aeabi_dadd
<LI><a href="#[3a]">&gt;&gt;</a>&nbsp;&nbsp;&nbsp;__aeabi_uldivmod
<LI><a href="#[3d]">&gt;&gt;</a>&nbsp;&nbsp;&nbsp;__aeabi_d2ulz
<LI><a href="#[12c]">&gt;&gt;</a>&nbsp;&nbsp;&nbsp;__aeabi_cdrcmple
</UL>
<BR>[Called By]<UL><LI><a href="#[12a]">&gt;&gt;</a>&nbsp;&nbsp;&nbsp;_printf_core
</UL>

<P><STRONG><a name="[12a]"></a>_printf_core</STRONG> (Thumb, 1754 bytes, Stack size 128 bytes, printfa.o(i._printf_core), UNUSED)
<BR><BR>[Calls]<UL><LI><a href="#[3a]">&gt;&gt;</a>&nbsp;&nbsp;&nbsp;__aeabi_uldivmod
<LI><a href="#[39]">&gt;&gt;</a>&nbsp;&nbsp;&nbsp;__aeabi_uidivmod
<LI><a href="#[12d]">&gt;&gt;</a>&nbsp;&nbsp;&nbsp;_printf_pre_padding
<LI><a href="#[12e]">&gt;&gt;</a>&nbsp;&nbsp;&nbsp;_printf_post_padding
<LI><a href="#[12b]">&gt;&gt;</a>&nbsp;&nbsp;&nbsp;_fp_digits
</UL>
<BR>[Called By]<UL><LI><a href="#[129]">&gt;&gt;</a>&nbsp;&nbsp;&nbsp;__0sprintf
</UL>

<P><STRONG><a name="[12e]"></a>_printf_post_padding</STRONG> (Thumb, 32 bytes, Stack size 24 bytes, printfa.o(i._printf_post_padding), UNUSED)
<BR><BR>[Called By]<UL><LI><a href="#[12a]">&gt;&gt;</a>&nbsp;&nbsp;&nbsp;_printf_core
</UL>

<P><STRONG><a name="[12d]"></a>_printf_pre_padding</STRONG> (Thumb, 44 bytes, Stack size 40 bytes, printfa.o(i._printf_pre_padding), UNUSED)
<BR><BR>[Called By]<UL><LI><a href="#[12a]">&gt;&gt;</a>&nbsp;&nbsp;&nbsp;_printf_core
</UL>

<P><STRONG><a name="[20]"></a>_sputc</STRONG> (Thumb, 10 bytes, Stack size 0 bytes, printfa.o(i._sputc))
<BR><BR>[Called By]<UL><LI><a href="#[129]">&gt;&gt;</a>&nbsp;&nbsp;&nbsp;__0sprintf
</UL>
<BR>[Address Reference Count : 1]<UL><LI> printfa.o(i.__0sprintf)
</UL><P>
<H3>
Undefined Global Symbols
</H3><HR></body></html>
