Component: Arm Compiler for Embedded 6.18 Tool: armlink [5e4cc100]

==============================================================================

Section Cross References

    dl_adc12.o(.text.DL_ADC12_setClockConfig) refers to dl_adc12.o(.text.DL_Common_updateReg) for DL_Common_updateReg
    dl_adc12.o(.ARM.exidx.text.DL_ADC12_setClockConfig) refers to dl_adc12.o(.text.DL_ADC12_setClockConfig) for [Anonymous Symbol]
    dl_adc12.o(.ARM.exidx.text.DL_Common_updateReg) refers to dl_adc12.o(.text.DL_Common_updateReg) for [Anonymous Symbol]
    dl_adc12.o(.ARM.exidx.text.DL_ADC12_getClockConfig) refers to dl_adc12.o(.text.DL_ADC12_getClockConfig) for [Anonymous Symbol]
    dl_aes.o(.text.DL_AES_setKey) refers to dl_aes.o(.text.DL_AES_checkAlignmentAndReturnPointer) for DL_AES_checkAlignmentAndReturnPointer
    dl_aes.o(.text.DL_AES_setKey) refers to dl_aes.o(.text.DL_AES_setKeyAligned) for DL_AES_setKeyAligned
    dl_aes.o(.ARM.exidx.text.DL_AES_setKey) refers to dl_aes.o(.text.DL_AES_setKey) for [Anonymous Symbol]
    dl_aes.o(.ARM.exidx.text.DL_AES_checkAlignmentAndReturnPointer) refers to dl_aes.o(.text.DL_AES_checkAlignmentAndReturnPointer) for [Anonymous Symbol]
    dl_aes.o(.text.DL_AES_setKeyAligned) refers to dl_aes.o(.text.DL_AES_loadDataWord) for DL_AES_loadDataWord
    dl_aes.o(.ARM.exidx.text.DL_AES_setKeyAligned) refers to dl_aes.o(.text.DL_AES_setKeyAligned) for [Anonymous Symbol]
    dl_aes.o(.ARM.exidx.text.DL_AES_loadDataWord) refers to dl_aes.o(.text.DL_AES_loadDataWord) for [Anonymous Symbol]
    dl_aes.o(.text.DL_AES_loadDataIn) refers to dl_aes.o(.text.DL_AES_checkAlignmentAndReturnPointer) for DL_AES_checkAlignmentAndReturnPointer
    dl_aes.o(.text.DL_AES_loadDataIn) refers to dl_aes.o(.text.DL_AES_loadDataInAligned) for DL_AES_loadDataInAligned
    dl_aes.o(.ARM.exidx.text.DL_AES_loadDataIn) refers to dl_aes.o(.text.DL_AES_loadDataIn) for [Anonymous Symbol]
    dl_aes.o(.text.DL_AES_loadDataInAligned) refers to dl_aes.o(.text.DL_AES_loadDataWord) for DL_AES_loadDataWord
    dl_aes.o(.ARM.exidx.text.DL_AES_loadDataInAligned) refers to dl_aes.o(.text.DL_AES_loadDataInAligned) for [Anonymous Symbol]
    dl_aes.o(.text.DL_AES_getDataOut) refers to dl_aes.o(.text.DL_AES_getDataOutAligned) for DL_AES_getDataOutAligned
    dl_aes.o(.ARM.exidx.text.DL_AES_getDataOut) refers to dl_aes.o(.text.DL_AES_getDataOut) for [Anonymous Symbol]
    dl_aes.o(.ARM.exidx.text.DL_AES_getDataOutAligned) refers to dl_aes.o(.text.DL_AES_getDataOutAligned) for [Anonymous Symbol]
    dl_aes.o(.text.DL_AES_loadXORDataIn) refers to dl_aes.o(.text.DL_AES_checkAlignmentAndReturnPointer) for DL_AES_checkAlignmentAndReturnPointer
    dl_aes.o(.text.DL_AES_loadXORDataIn) refers to dl_aes.o(.text.DL_AES_loadXORDataInAligned) for DL_AES_loadXORDataInAligned
    dl_aes.o(.ARM.exidx.text.DL_AES_loadXORDataIn) refers to dl_aes.o(.text.DL_AES_loadXORDataIn) for [Anonymous Symbol]
    dl_aes.o(.text.DL_AES_loadXORDataInAligned) refers to dl_aes.o(.text.DL_AES_loadDataWord) for DL_AES_loadDataWord
    dl_aes.o(.ARM.exidx.text.DL_AES_loadXORDataInAligned) refers to dl_aes.o(.text.DL_AES_loadXORDataInAligned) for [Anonymous Symbol]
    dl_aes.o(.text.DL_AES_loadXORDataInWithoutTrigger) refers to dl_aes.o(.text.DL_AES_checkAlignmentAndReturnPointer) for DL_AES_checkAlignmentAndReturnPointer
    dl_aes.o(.text.DL_AES_loadXORDataInWithoutTrigger) refers to dl_aes.o(.text.DL_AES_loadXORDataInWithoutTriggerAligned) for DL_AES_loadXORDataInWithoutTriggerAligned
    dl_aes.o(.ARM.exidx.text.DL_AES_loadXORDataInWithoutTrigger) refers to dl_aes.o(.text.DL_AES_loadXORDataInWithoutTrigger) for [Anonymous Symbol]
    dl_aes.o(.text.DL_AES_loadXORDataInWithoutTriggerAligned) refers to dl_aes.o(.text.DL_AES_loadDataWord) for DL_AES_loadDataWord
    dl_aes.o(.ARM.exidx.text.DL_AES_loadXORDataInWithoutTriggerAligned) refers to dl_aes.o(.text.DL_AES_loadXORDataInWithoutTriggerAligned) for [Anonymous Symbol]
    dl_aes.o(.text.DL_AES_xorData) refers to dl_aes.o(.text.DL_AES_xorDataAligned) for DL_AES_xorDataAligned
    dl_aes.o(.ARM.exidx.text.DL_AES_xorData) refers to dl_aes.o(.text.DL_AES_xorData) for [Anonymous Symbol]
    dl_aes.o(.ARM.exidx.text.DL_AES_xorDataAligned) refers to dl_aes.o(.text.DL_AES_xorDataAligned) for [Anonymous Symbol]
    dl_aes.o(.ARM.exidx.text.DL_AES_saveConfiguration) refers to dl_aes.o(.text.DL_AES_saveConfiguration) for [Anonymous Symbol]
    dl_aes.o(.ARM.exidx.text.DL_AES_restoreConfiguration) refers to dl_aes.o(.text.DL_AES_restoreConfiguration) for [Anonymous Symbol]
    dl_common.o(.ARM.exidx.text.DL_Common_delayCycles) refers to dl_common.o(.text.DL_Common_delayCycles) for [Anonymous Symbol]
    dl_crc.o(.text.DL_CRC_calculateBlock32) refers to dl_crc.o(.text.DL_CRC_setSeed32) for DL_CRC_setSeed32
    dl_crc.o(.text.DL_CRC_calculateBlock32) refers to dl_crc.o(.text.DL_CRC_feedData32) for DL_CRC_feedData32
[...]
    _main_scatterload                        0x000000c5   Thumb Code     0  entry5.o(.ARM.Collect$$$$00000004)
    __main_after_scatterload                 0x000000c9   Thumb Code     0  entry5.o(.ARM.Collect$$$$00000004)
    _main_clock                              0x000000c9   Thumb Code     0  entry7b.o(.ARM.Collect$$$$00000008)
    _main_cpp_init                           0x000000c9   Thumb Code     0  entry8b.o(.ARM.Collect$$$$0000000A)
    _main_init                               0x000000c9   Thumb Code     0  entry9a.o(.ARM.Collect$$$$0000000B)
    __rt_final_cpp                           0x000000d1   Thumb Code     0  entry10a.o(.ARM.Collect$$$$0000000D)
    __rt_final_exit                          0x000000d1   Thumb Code     0  entry11a.o(.ARM.Collect$$$$0000000F)
    Reset_Handler                            0x000000d5   Thumb Code     4  startup_mspm0g350x_uvision.o(.text)
    NMI_Handler                              0x000000d9   Thumb Code     2  startup_mspm0g350x_uvision.o(.text)
    HardFault_Handler                        0x000000db   Thumb Code     2  startup_mspm0g350x_uvision.o(.text)
    SVC_Handler                              0x000000dd   Thumb Code     2  startup_mspm0g350x_uvision.o(.text)
    PendSV_Handler                           0x000000df   Thumb Code     2  startup_mspm0g350x_uvision.o(.text)
    ADC1_IRQHandler                          0x000000e3   Thumb Code     0  startup_mspm0g350x_uvision.o(.text)
    AES_IRQHandler                           0x000000e3   Thumb Code     0  startup_mspm0g350x_uvision.o(.text)
    CANFD0_IRQHandler                        0x000000e3   Thumb Code     0  startup_mspm0g350x_uvision.o(.text)
    DAC0_IRQHandler                          0x000000e3   Thumb Code     0  startup_mspm0g350x_uvision.o(.text)
    DMA_IRQHandler                           0x000000e3   Thumb Code     0  startup_mspm0g350x_uvision.o(.text)
    Default_Handler                          0x000000e3   Thumb Code     2  startup_mspm0g350x_uvision.o(.text)
    GROUP0_IRQHandler                        0x000000e3   Thumb Code     0  startup_mspm0g350x_uvision.o(.text)
    I2C0_IRQHandler                          0x000000e3   Thumb Code     0  startup_mspm0g350x_uvision.o(.text)
    RTC_IRQHandler                           0x000000e3   Thumb Code     0  startup_mspm0g350x_uvision.o(.text)
    SPI0_IRQHandler                          0x000000e3   Thumb Code     0  startup_mspm0g350x_uvision.o(.text)
    SPI1_IRQHandler                          0x000000e3   Thumb Code     0  startup_mspm0g350x_uvision.o(.text)
    TIMA0_IRQHandler                         0x000000e3   Thumb Code     0  startup_mspm0g350x_uvision.o(.text)
    TIMA1_IRQHandler                         0x000000e3   Thumb Code     0  startup_mspm0g350x_uvision.o(.text)
    TIMG7_IRQHandler                         0x000000e3   Thumb Code     0  startup_mspm0g350x_uvision.o(.text)
    __aeabi_memcpy                           0x000000e9   Thumb Code    36  memcpya.o(.text)
    __aeabi_memcpy4                          0x000000e9   Thumb Code     0  memcpya.o(.text)
    __aeabi_memcpy8                          0x000000e9   Thumb Code     0  memcpya.o(.text)
    __aeabi_memset                           0x0000010d   Thumb Code    14  memseta.o(.text)
    __aeabi_memset4                          0x0000010d   Thumb Code     0  memseta.o(.text)
    __aeabi_memset8                          0x0000010d   Thumb Code     0  memseta.o(.text)
    __aeabi_memclr                           0x0000011b   Thumb Code     4  memseta.o(.text)
    __aeabi_memclr4                          0x0000011b   Thumb Code     0  memseta.o(.text)
    __aeabi_memclr8                          0x0000011b   Thumb Code     0  memseta.o(.text)
    _memset$wrapper                          0x0000011f   Thumb Code    18  memseta.o(.text)
    strlen                                   0x00000131   Thumb Code    14  strlen.o(.text)
    __aeabi_fadd                             0x0000013f   Thumb Code   162  fadd.o(.text)
    __aeabi_fsub                             0x000001e1   Thumb Code     8  fadd.o(.text)
    __aeabi_frsub                            0x000001e9   Thumb Code     8  fadd.o(.text)
    __aeabi_fmul                             0x000001f1   Thumb Code   122  fmul.o(.text)
    __aeabi_fdiv                             0x0000026b   Thumb Code   124  fdiv.o(.text)
    __aeabi_dadd                             0x000002e9   Thumb Code   328  dadd.o(.text)
    __aeabi_dsub                             0x00000431   Thumb Code    12  dadd.o(.text)
    __aeabi_drsub                            0x0000043d   Thumb Code    12  dadd.o(.text)
    __aeabi_dmul                             0x0000044d   Thumb Code   202  dmul.o(.text)
    __aeabi_ddiv                             0x0000051d   Thumb Code   234  ddiv.o(.text)
    __aeabi_fcmple                           0x0000060d   Thumb Code    28  fcmple.o(.text)
    __aeabi_fcmplt                           0x00000629   Thumb Code    28  fcmplt.o(.text)
    __aeabi_fcmpge                           0x00000645   Thumb Code    28  fcmpge.o(.text)
    __aeabi_i2f                              0x00000661   Thumb Code    22  fflti.o(.text)
    __aeabi_ui2f                             0x00000677   Thumb Code    14  ffltui.o(.text)
    __aeabi_f2iz                             0x00000685   Thumb Code    50  ffixi.o(.text)
    __aeabi_f2d                              0x000006b7   Thumb Code    40  f2d.o(.text)
    __aeabi_uidiv                            0x000006df   Thumb Code     0  uidiv_div0.o(.text)
    __aeabi_uidivmod                         0x000006df   Thumb Code    62  uidiv_div0.o(.text)
    __aeabi_idiv                             0x0000071d   Thumb Code     0  idiv_div0.o(.text)
    __aeabi_idivmod                          0x0000071d   Thumb Code    74  idiv_div0.o(.text)
    __aeabi_uldivmod                         0x0000076d   Thumb Code    96  uldiv.o(.text)
    __aeabi_llsl                             0x000007cd   Thumb Code    32  llshl.o(.text)
    _ll_shift_l                              0x000007cd   Thumb Code     0  llshl.o(.text)
    __aeabi_lasr                             0x000007ed   Thumb Code    38  llsshr.o(.text)
    _ll_sshift_r                             0x000007ed   Thumb Code     0  llsshr.o(.text)
    __I$use$fp                               0x00000813   Thumb Code     0  iusefp.o(.text)
    _float_round                             0x00000813   Thumb Code    16  fepilogue.o(.text)
    _float_epilogue                          0x00000823   Thumb Code   114  fepilogue.o(.text)
    _double_round                            0x00000895   Thumb Code    26  depilogue.o(.text)
    _double_epilogue                         0x000008af   Thumb Code   164  depilogue.o(.text)
    __aeabi_d2ulz                            0x00000955   Thumb Code    54  dfixul.o(.text)
    __aeabi_cdrcmple                         0x00000995   Thumb Code    38  cdrcmple.o(.text)
    __scatterload                            0x000009c1   Thumb Code    28  init.o(.text)
    __scatterload_rt2                        0x000009c1   Thumb Code     0  init.o(.text)
    __aeabi_llsr                             0x000009e5   Thumb Code    34  llushr.o(.text)
    _ll_ushift_r                             0x000009e5   Thumb Code     0  llushr.o(.text)
    __decompress                             0x00000a07   Thumb Code     0  __dczerorl.o(.text)
    __decompress0                            0x00000a07   Thumb Code    58  __dczerorl.o(.text)
    ADC0_IRQHandler                          0x00000a41   Thumb Code    28  nadc.o(.text.ADC0_IRQHandler)
    Button_Init                              0x00000a61   Thumb Code   120  nbutton.o(.text.Button_Init)
    Byte2Float                               0x00000ae5   Thumb Code    68  nclink.o(.text.Byte2Float)
    DL_ADC12_setClockConfig                  0x00000c05   Thumb Code    64  dl_adc12.o(.text.DL_ADC12_setClockConfig)
    DL_Common_delayCycles                    0x00000cb1   Thumb Code    20  dl_common.o(.text.DL_Common_delayCycles)
    DL_DMA_initChannel                       0x00000e59   Thumb Code    70  dl_dma.o(.text.DL_DMA_initChannel)
    DL_I2C_fillControllerTXFIFO              0x00001225   Thumb Code    84  dl_i2c.o(.text.DL_I2C_fillControllerTXFIFO)
    DL_I2C_setClockConfig                    0x00001321   Thumb Code    48  dl_i2c.o(.text.DL_I2C_setClockConfig)
    DL_SPI_init                              0x00001415   Thumb Code    64  dl_spi.o(.text.DL_SPI_init)
    DL_SPI_setClockConfig                    0x000014c5   Thumb Code    32  dl_spi.o(.text.DL_SPI_setClockConfig)
    DL_SYSCTL_configSYSPLL                   0x00001531   Thumb Code   208  dl_sysctl_mspm0g1x0x_g3x0x.o(.text.DL_SYSCTL_configSYSPLL)
    DL_SYSCTL_setHFCLKSourceHFXTParams       0x000016f5   Thumb Code    96  dl_sysctl_mspm0g1x0x_g3x0x.o(.text.DL_SYSCTL_setHFCLKSourceHFXTParams)
    DL_SYSCTL_switchMCLKfromSYSOSCtoHSCLK    0x000017f9   Thumb Code    72  dl_sysctl_mspm0g1x0x_g3x0x.o(.text.DL_SYSCTL_switchMCLKfromSYSOSCtoHSCLK)
    DL_Serial_SendArray                      0x00001845   Thumb Code    50  vofa.o(.text.DL_Serial_SendArray)
    DL_TimerA_initPWMMode                    0x00001877   Thumb Code   234  dl_timer.o(.text.DL_TimerA_initPWMMode)
    DL_Timer_initPWMMode                     0x000019bd   Thumb Code   260  dl_timer.o(.text.DL_Timer_initPWMMode)
    DL_Timer_initTimerMode                   0x00001ac9   Thumb Code   252  dl_timer.o(.text.DL_Timer_initTimerMode)
    DL_Timer_setCaptCompUpdateMethod         0x00001be9   Thumb Code    48  dl_timer.o(.text.DL_Timer_setCaptCompUpdateMethod)
    DL_Timer_setCaptureCompareAction         0x00001c19   Thumb Code    44  dl_timer.o(.text.DL_Timer_setCaptureCompareAction)
    DL_Timer_setCaptureCompareCtl            0x00001c4d   Thumb Code    52  dl_timer.o(.text.DL_Timer_setCaptureCompareCtl)
    DL_Timer_setCaptureCompareInput          0x00001c89   Thumb Code    52  dl_timer.o(.text.DL_Timer_setCaptureCompareInput)
    DL_Timer_setCaptureCompareOutCtl         0x00001cbd   Thumb Code    60  dl_timer.o(.text.DL_Timer_setCaptureCompareOutCtl)
    DL_Timer_setCaptureCompareValue          0x00001cfd   Thumb Code    40  dl_timer.o(.text.DL_Timer_setCaptureCompareValue)
    DL_Timer_setClockConfig                  0x00001d29   Thumb Code    44  dl_timer.o(.text.DL_Timer_setClockConfig)
    DL_UART_init                             0x00001ead   Thumb Code    68  dl_uart.o(.text.DL_UART_init)
    DL_UART_setClockConfig                   0x00001f95   Thumb Code    32  dl_uart.o(.text.DL_UART_setClockConfig)
    DL_UART_transmitDataBlocking             0x0000203b   Thumb Code    40  dl_uart.o(.text.DL_UART_transmitDataBlocking)
    Delay_Ms                                 0x00002063   Thumb Code    16  system.o(.text.Delay_Ms)
    Draw_Logo                                0x00002075   Thumb Code   112  oled.o(.text.Draw_Logo)
    Encoder_Init                             0x000020e9   Thumb Code     2  nqei.o(.text.Encoder_Init)
    GROUP1_IRQHandler                        0x000020eb   Thumb Code     8  nppm.o(.text.GROUP1_IRQHandler)
    Get_Data                                 0x000020f5   Thumb Code   456  vofa.o(.text.Get_Data)
    I2C1_IRQHandler                          0x000022c9   Thumb Code   268  bsp_mpu6050.o(.text.I2C1_IRQHandler)
    LCD_CLS                                  0x000023f5   Thumb Code    96  oled.o(.text.LCD_CLS)
    LCD_P6x8Char                             0x00002455   Thumb Code   120  oled.o(.text.LCD_P6x8Char)
    LCD_P6x8Str                              0x000024cd   Thumb Code   172  oled.o(.text.LCD_P6x8Str)
    Load                                     0x0000257d   Thumb Code   174  main.o(.text.Load)
    OLED_Init                                0x0000262d   Thumb Code    64  oled.o(.text.OLED_Init)
    OLED_Set_Pos                             0x00002671   Thumb Code    54  oled.o(.text.OLED_Set_Pos)
    OLED_WrCmd                               0x000026a9   Thumb Code   116  oled.o(.text.OLED_WrCmd)
    OLED_WrDat                               0x0000271d   Thumb Code   108  oled.o(.text.OLED_WrDat)
    PPM_Init                                 0x00002799   Thumb Code    22  nppm.o(.text.PPM_Init)
    PWM_Output                               0x000027b1   Thumb Code    96  npwm.o(.text.PWM_Output)
    QEI0_IRQHandler                          0x00002815   Thumb Code   652  nqei.o(.text.QEI0_IRQHandler)
    ReadFlashParameterOne                    0x00002ad9   Thumb Code    32  neeprom.o(.text.ReadFlashParameterOne)
    ReadFlashParameterThree                  0x00002af9   Thumb Code    72  neeprom.o(.text.ReadFlashParameterThree)
    SYSCFG_DL_ADC12_0_init                   0x00002b41   Thumb Code    96  ti_msp_dl_config.o(.text.SYSCFG_DL_ADC12_0_init)
    SYSCFG_DL_DMA_CH0_init                   0x00002ba9   Thumb Code    16  ti_msp_dl_config.o(.text.SYSCFG_DL_DMA_CH0_init)
    SYSCFG_DL_DMA_init                       0x00002bc1   Thumb Code     8  ti_msp_dl_config.o(.text.SYSCFG_DL_DMA_init)
    SYSCFG_DL_GPIO_init                      0x00002bc9   Thumb Code   764  ti_msp_dl_config.o(.text.SYSCFG_DL_GPIO_init)
    SYSCFG_DL_I2C_0_init                     0x00002edd   Thumb Code    80  ti_msp_dl_config.o(.text.SYSCFG_DL_I2C_0_init)
    SYSCFG_DL_PWM_0_init                     0x00002f35   Thumb Code   204  ti_msp_dl_config.o(.text.SYSCFG_DL_PWM_0_init)
    SYSCFG_DL_PWM_1_init                     0x0000300d   Thumb Code   128  ti_msp_dl_config.o(.text.SYSCFG_DL_PWM_1_init)
    SYSCFG_DL_PWM_2_init                     0x00003099   Thumb Code   128  ti_msp_dl_config.o(.text.SYSCFG_DL_PWM_2_init)
    SYSCFG_DL_SPI_0_init                     0x00003125   Thumb Code    52  ti_msp_dl_config.o(.text.SYSCFG_DL_SPI_0_init)
    SYSCFG_DL_SYSCTL_CLK_init                0x00003165   Thumb Code    24  ti_msp_dl_config.o(.text.SYSCFG_DL_SYSCTL_CLK_init)
    SYSCFG_DL_SYSCTL_init                    0x00003181   Thumb Code   100  ti_msp_dl_config.o(.text.SYSCFG_DL_SYSCTL_init)
    SYSCFG_DL_SYSTICK_init                   0x000031e9   Thumb Code    10  ti_msp_dl_config.o(.text.SYSCFG_DL_SYSTICK_init)
    SYSCFG_DL_TIMER_1_init                   0x000031f5   Thumb Code    48  ti_msp_dl_config.o(.text.SYSCFG_DL_TIMER_1_init)
    SYSCFG_DL_TIMER_2_init                   0x0000322d   Thumb Code    48  ti_msp_dl_config.o(.text.SYSCFG_DL_TIMER_2_init)
    SYSCFG_DL_TIMER_G12_init                 0x00003265   Thumb Code    52  ti_msp_dl_config.o(.text.SYSCFG_DL_TIMER_G12_init)
    SYSCFG_DL_TIMER_G8_init                  0x000032a1   Thumb Code    48  ti_msp_dl_config.o(.text.SYSCFG_DL_TIMER_G8_init)
    SYSCFG_DL_UART_0_init                    0x000032d9   Thumb Code    64  ti_msp_dl_config.o(.text.SYSCFG_DL_UART_0_init)
    SYSCFG_DL_UART_1_init                    0x00003321   Thumb Code    64  ti_msp_dl_config.o(.text.SYSCFG_DL_UART_1_init)
    SYSCFG_DL_UART_2_init                    0x00003369   Thumb Code    92  ti_msp_dl_config.o(.text.SYSCFG_DL_UART_2_init)
    SYSCFG_DL_UART_3_init                    0x000033cd   Thumb Code    64  ti_msp_dl_config.o(.text.SYSCFG_DL_UART_3_init)
    SYSCFG_DL_init                           0x00003415   Thumb Code   120  ti_msp_dl_config.o(.text.SYSCFG_DL_init)
    SYSCFG_DL_initPower                      0x000034a5   Thumb Code   240  ti_msp_dl_config.o(.text.SYSCFG_DL_initPower)
    SendDataToVOFA                           0x000035c9   Thumb Code    80  vofa.o(.text.SendDataToVOFA)
    SysTick_Handler                          0x00003671   Thumb Code    12  system.o(.text.SysTick_Handler)
    TIMG0_IRQHandler                         0x00003681   Thumb Code    68  ntimer.o(.text.TIMG0_IRQHandler)
    TIMG12_IRQHandler                        0x000036dd   Thumb Code    32  ntimer.o(.text.TIMG12_IRQHandler)
    TIMG6_IRQHandler                         0x00003705   Thumb Code    32  ntimer.o(.text.TIMG6_IRQHandler)
    TIMG8_IRQHandler                         0x0000372d   Thumb Code    32  ntimer.o(.text.TIMG8_IRQHandler)
    Track_follow                             0x00003755   Thumb Code   428  grayscale.o(.text.Track_follow)
    Track_ring                               0x0000390d   Thumb Code   220  main.o(.text.Track_ring)
    UART0_IRQHandler                         0x00003a15   Thumb Code    28  usart3.o(.text.UART0_IRQHandler)
    UART1_IRQHandler                         0x00003a35   Thumb Code   160  nuart.o(.text.UART1_IRQHandler)
    UART2_IRQHandler                         0x00003ae9   Thumb Code    84  nuart.o(.text.UART2_IRQHandler)
    UART3_IRQHandler                         0x00003b45   Thumb Code    84  nuart.o(.text.UART3_IRQHandler)
    USART_PID_Adjust                         0x00003ba5   Thumb Code   300  vofa.o(.text.USART_PID_Adjust)
    W25Q64_read                              0x00003ce5   Thumb Code   116  w25qxx.o(.text.W25Q64_read)
    W25QXX_Read_f                            0x00003d5d   Thumb Code    78  w25qxx.o(.text.W25QXX_Read_f)
    bling_set                                0x00003f19   Thumb Code    70  rgb.o(.text.bling_set)
    bluetooth_app_prase                      0x00003f61   Thumb Code   488  nclink.o(.text.bluetooth_app_prase)
    button_scan                              0x00004165   Thumb Code   180  grayscale.o(.text.button_scan)
    ctrl_params_init                         0x0000422d   Thumb Code   272  sdk.o(.text.ctrl_params_init)
    delay                                    0x00004385   Thumb Code    22  system.o(.text.delay)
    delayMicroseconds                        0x0000439b   Thumb Code    36  system.o(.text.delayMicroseconds)
    delay_ms                                 0x000043bf   Thumb Code    16  system.o(.text.delay_ms)
    display_6_8_number                       0x000043cf   Thumb Code    32  oled.o(.text.display_6_8_number)
    duty_1000hz                              0x000043ef   Thumb Code     2  main.o(.text.duty_1000hz)
    duty_100hz                               0x000043f1   Thumb Code     2  main.o(.text.duty_100hz)
    duty_10hz                                0x000043f3   Thumb Code     2  main.o(.text.duty_10hz)
    fputc                                    0x000043f5   Thumb Code    24  nuart.o(.text.fputc)
    get_left_motor_speed                     0x00004411   Thumb Code    72  nqei.o(.text.get_left_motor_speed)
    get_right_motor_speed                    0x00004465   Thumb Code    80  nqei.o(.text.get_right_motor_speed)
    get_systime                              0x000044cd   Thumb Code    72  system.o(.text.get_systime)
    gpio_input_init                          0x00004519   Thumb Code     2  gray_detection.o(.text.gpio_input_init)
    jy61p_ReceiveData                        0x0000451d   Thumb Code   320  jy61p.o(.text.jy61p_ReceiveData)
    main                                     0x0000466d   Thumb Code   256  main.o(.text.main)
    maple_duty_200hz                         0x00004789   Thumb Code    64  main.o(.text.maple_duty_200hz)
    micros                                   0x000047d5   Thumb Code    48  system.o(.text.micros)
    pid1                                     0x00004811   Thumb Code   132  pid_2.o(.text.pid1)
    pid_control_init                         0x00004899   Thumb Code   130  pid.o(.text.pid_control_init)
    pwm_control                              0x0000491d   Thumb Code    60  pid_2.o(.text.pwm_control)
    rgb_init                                 0x00004961   Thumb Code     8  rgb.o(.text.rgb_init)
    rgb_start_bling                          0x00004969   Thumb Code    76  rgb.o(.text.rgb_start_bling)
    simulation_pwm_init                      0x000049c1   Thumb Code    12  sensor.o(.text.simulation_pwm_init)
    spi_read_write_byte                      0x000049d1   Thumb Code    44  w25qxx.o(.text.spi_read_write_byte)
    ssd1306_begin                            0x00004a01   Thumb Code   316  ssd1306.o(.text.ssd1306_begin)
    ssd1306_command                          0x00004b75   Thumb Code    20  ssd1306.o(.text.ssd1306_command)
    steering_ring                            0x00004b89   Thumb Code   240  main.o(.text.steering_ring)
    timer_irq_config                         0x00004cb1   Thumb Code    72  ntimer.o(.text.timer_irq_config)
    track_pid                                0x00004d15   Thumb Code   176  pid_2.o(.text.track_pid)
    trackless_params_init                    0x00004dc9   Thumb Code  1884  sdk.o(.text.trackless_params_init)
    turn_PID_yaw                             0x00005591   Thumb Code   192  pid_2.o(.text.turn_PID_yaw)
    usart_irq_config                         0x00005661   Thumb Code   100  nuart.o(.text.usart_irq_config)
    write_6_8_number                         0x000056d5   Thumb Code  1120  oled.o(.text.write_6_8_number)
    __0printf                                0x00005b6d   Thumb Code    24  printfa.o(i.__0printf)
    __1printf                                0x00005b6d   Thumb Code     0  printfa.o(i.__0printf)
    __2printf                                0x00005b6d   Thumb Code     0  printfa.o(i.__0printf)
    __c89printf                              0x00005b6d   Thumb Code     0  printfa.o(i.__0printf)
    printf                                   0x00005b6d   Thumb Code     0  printfa.o(i.__0printf)
    __0sprintf                               0x00005b8d   Thumb Code    36  printfa.o(i.__0sprintf)
    __1sprintf                               0x00005b8d   Thumb Code     0  printfa.o(i.__0sprintf)
    __2sprintf                               0x00005b8d   Thumb Code     0  printfa.o(i.__0sprintf)
    __c89sprintf                             0x00005b8d   Thumb Code     0  printfa.o(i.__0sprintf)
    sprintf                                  0x00005b8d   Thumb Code     0  printfa.o(i.__0sprintf)
    __ARM_clz                                0x00005bb5   Thumb Code    46  depilogue.o(i.__ARM_clz)
    __scatterload_copy                       0x00005be9   Thumb Code    14  handlers.o(i.__scatterload_copy)
    __scatterload_null                       0x00005bf9   Thumb Code     2  handlers.o(i.__scatterload_null)
    __scatterload_zeroinit                   0x00005c01   Thumb Code    14  handlers.o(i.__scatterload_zeroinit)
    F6x8                                     0x000064c6   Data         552  oled.o(.rodata.F6x8)
    NC_Logo                                  0x000066ee   Data        1024  oled.o(.rodata.NC_Logo)
    Region$$Table$$Base                      0x00006c2c   Number         0  anon$$obj.o(Region$$Table)
    Region$$Table$$Limit                     0x00006c4c   Number         0  anon$$obj.o(Region$$Table)
    __stdout                                 0x20200000   Data           4  stdout.o(.data)
    NEncoder                                 0x20200004   Data          60  nqei.o(.data.NEncoder)
    balance_angle_expect                     0x20200040   Data           4  self_balancing.o(.data.balance_angle_expect)
    balance_ctrl_loop_num                    0x20200044   Data           1  self_balancing.o(.data.balance_ctrl_loop_num)
    balance_speed_ctrl_enable                0x20200045   Data           1  self_balancing.o(.data.balance_speed_ctrl_enable)
    balance_speed_ki                         0x20200048   Data           4  motor_control.o(.data.balance_speed_ki)
    balance_speed_kp                         0x2020004c   Data           4  motor_control.o(.data.balance_speed_kp)
    balance_steer_ctrl_enable                0x20200050   Data           1  self_balancing.o(.data.balance_steer_ctrl_enable)
    left_pid                                 0x20200054   Data          28  main.o(.data.left_pid)
    light_blue                               0x20200070   Data          24  rgb.o(.data.light_blue)
    light_green                              0x20200088   Data          24  rgb.o(.data.light_green)
    light_red                                0x202000a0   Data          24  rgb.o(.data.light_red)
    park_params                              0x202000b8   Data          44  subtask.o(.data.park_params)
    right_pid                                0x202000e4   Data          28  main.o(.data.right_pid)
    selfbalance_angle1_ctrl                  0x20200100   Data         220  self_balancing.o(.data.selfbalance_angle1_ctrl)
    speed_ki                                 0x202001dc   Data           4  motor_control.o(.data.speed_ki)
    speed_kp                                 0x202001e0   Data           4  motor_control.o(.data.speed_kp)
    steer_gyro_scale                         0x202001e4   Data           4  sdk.o(.data.steer_gyro_scale)
    track_pid_assignment                     0x202001e8   Data          28  main.o(.data.track_pid_assignment)
    trackless_motor                          0x20200204   Data          16  motor_control.o(.data.trackless_motor)
    turn_scale                               0x20200214   Data           4  gray_detection.o(.data.turn_scale)
    vbat                                     0x20200218   Data          20  nadc.o(.data.vbat)
    yaw_pid                                  0x2020022c   Data          28  main.o(.data.yaw_pid)
    B1_put                                   0x20200248   Data           1  grayscale.o(.bss.B1_put)
    B2_put                                   0x20200249   Data           1  grayscale.o(.bss.B2_put)
    B3_put                                   0x2020024a   Data           1  grayscale.o(.bss.B3_put)
    B4_put                                   0x2020024b   Data           1  grayscale.o(.bss.B4_put)
    DataBuff                                 0x2020024c   Data         200  vofa.o(.bss.DataBuff)
    Encoder1                                 0x20200314   Data           4  main.o(.bss.Encoder1)
    Encoder2                                 0x20200318   Data           4  main.o(.bss.Encoder2)
    FloatUnion                               0x2020031c   Data           4  nclink.o(.bss.FloatUnion)
    Get_Encoder_countA1                      0x20200320   Data           4  nqei.o(.bss.Get_Encoder_countA1)
    Get_Encoder_countB2                      0x20200324   Data           2  nqei.o(.bss.Get_Encoder_countB2)
    L_Target_Position                        0x20200328   Data           2  main.o(.bss.L_Target_Position)
    L_Target_Speed                           0x2020032a   Data           2  main.o(.bss.L_Target_Speed)
    Pitch                                    0x2020032c   Data           4  jy61p.o(.bss.Pitch)
    Roll                                     0x20200330   Data           4  jy61p.o(.bss.Roll)
    RxBuffer                                 0x20200334   Data           1  nuart.o(.bss.RxBuffer)
    RxLine                                   0x20200341   Data           1  nuart.o(.bss.RxLine)
    Yaw                                      0x2020034c   Data           4  jy61p.o(.bss.Yaw)
    _button                                  0x20200350   Data         224  nbutton.o(.bss._button)
    _cp437                                   0x20200430   Data           1  ssd1306.o(.bss._cp437)
    _encoder_R_count                         0x20200434   Data           4  nqei.o(.bss._encoder_R_count)
    _encoder_l_count                         0x20200438   Data           4  nqei.o(.bss._encoder_l_count)
    add                                      0x20200444   Data           4  pid_2.o(.bss.add)
    azimuth_ctrl                             0x20200448   Data         220  sdk.o(.bss.azimuth_ctrl)
    balance_speed_kd                         0x20200524   Data           4  motor_control.o(.bss.balance_speed_kd)
    bluetooth_ppm                            0x2020052c   Data          16  nclink.o(.bss.bluetooth_ppm)
    bt_app_input_buf                         0x2020053c   Data          50  nclink.o(.bss.bt_app_input_buf)
    bt_update_flag                           0x2020056e   Data           1  nclink.o(.bss.bt_update_flag)
    bt_user_data                             0x20200570   Data          32  nclink.o(.bss.bt_user_data)
    com3_rx_buf                              0x20200590   Data           4  us100.o(.bss.com3_rx_buf)
    com3_rx_cnt                              0x20200594   Data           2  us100.o(.bss.com3_rx_cnt)
    distance_ctrl                            0x2020059c   Data         220  sdk.o(.bss.distance_ctrl)
    flag                                     0x20200678   Data           2  main.o(.bss.flag)
    gCheckADC                                0x2020067a   Data           1  nadc.o(.bss.gCheckADC)
    gI2cControllerStatus                     0x2020067b   Data           1  bsp_mpu6050.o(.bss.gI2cControllerStatus)
    gPWM_0Backup                             0x2020067c   Data         188  ti_msp_dl_config.o(.bss.gPWM_0Backup)
    gPWM_1Backup                             0x20200738   Data         188  ti_msp_dl_config.o(.bss.gPWM_1Backup)
    gPWM_2Backup                             0x202007f4   Data         120  ti_msp_dl_config.o(.bss.gPWM_2Backup)
    gRxCount                                 0x2020086c   Data           4  bsp_mpu6050.o(.bss.gRxCount)
    gRxLen                                   0x20200870   Data           4  bsp_mpu6050.o(.bss.gRxLen)
    gRxPacket                                0x20200874   Data         128  bsp_mpu6050.o(.bss.gRxPacket)
    gSPI_0Backup                             0x202008f4   Data          40  ti_msp_dl_config.o(.bss.gSPI_0Backup)
    gTIMER_2Backup                           0x2020091c   Data         120  ti_msp_dl_config.o(.bss.gTIMER_2Backup)
    gTxCount                                 0x20200994   Data           4  bsp_mpu6050.o(.bss.gTxCount)
    gTxLen                                   0x20200998   Data           4  bsp_mpu6050.o(.bss.gTxLen)
    gTxPacket                                0x2020099c   Data         128  bsp_mpu6050.o(.bss.gTxPacket)
    gUART_3Backup                            0x20200a1c   Data          48  ti_msp_dl_config.o(.bss.gUART_3Backup)
    pid_turn                                 0x20200a50   Data           2  main.o(.bss.pid_turn)
    sdk_work_mode                            0x20200a54   Data           2  developer_mode.o(.bss.sdk_work_mode)
    seektrack_ctrl                           0x20200a58   Data         440  gray_detection.o(.bss.seektrack_ctrl)
    selfbalance_gyro_ctrl                    0x20200c10   Data         220  self_balancing.o(.bss.selfbalance_gyro_ctrl)
    speed_kd                                 0x20200cec   Data           4  motor_control.o(.bss.speed_kd)
    speed_left                               0x20200cf0   Data           4  main.o(.bss.speed_left)
    speed_right                              0x20200cf4   Data           4  main.o(.bss.speed_right)
    speed_setup                              0x20200cf8   Data           4  motor_control.o(.bss.speed_setup)
    steerangle_ctrl                          0x20200cfc   Data         220  sdk.o(.bss.steerangle_ctrl)
    steergyro_ctrl                           0x20200dd8   Data         220  sdk.o(.bss.steergyro_ctrl)
    straight_left                            0x20200eb4   Data           2  main.o(.bss.straight_left)
    straight_right                           0x20200eb6   Data           2  main.o(.bss.straight_right)
    sum                                      0x20200eb8   Data           1  nqei.o(.bss.sum)
    sumR                                     0x20200eb9   Data           1  nqei.o(.bss.sumR)
    sysTickUptime                            0x20200ebc   Data           4  system.o(.bss.sysTickUptime)
    t_g0                                     0x20200ec0   Data          16  ntimer.o(.bss.t_g0)
    t_g1                                     0x20200ed0   Data          16  ntimer.o(.bss.t_g1)
    t_g12                                    0x20200ee0   Data          16  ntimer.o(.bss.t_g12)
    t_g8                                     0x20200ef0   Data          16  ntimer.o(.bss.t_g8)
    temp                                     0x20200f00   Data           4  nqei.o(.bss.temp)
    track_assignment                         0x20200f09   Data          12  grayscale.o(.bss.track_assignment)
    track_left                               0x20200f16   Data           2  main.o(.bss.track_left)
    track_right                              0x20200f1a   Data           2  main.o(.bss.track_right)
    track_sum                                0x20200f1c   Data           1  grayscale.o(.bss.track_sum)
    track_turn                               0x20200f1e   Data           2  main.o(.bss.track_turn)
    uart2_dma_t                              0x20200f20   Data          16  nuart.o(.bss.uart2_dma_t)
    wrap                                     0x20200f30   Data           1  ssd1306.o(.bss.wrap)
    x                                        0x20200f31   Data           1  nqei.o(.bss.x)
    xR                                       0x20200f32   Data           1  nqei.o(.bss.xR)
    y                                        0x20200f33   Data           1  nqei.o(.bss.y)
    yR                                       0x20200f34   Data           1  nqei.o(.bss.yR)
    z                                        0x20200f35   Data           1  nqei.o(.bss.z)
    zR                                       0x20200f36   Data           1  nqei.o(.bss.zR)
    __initial_sp                             0x20201f5c   Data           0  startup_mspm0g350x_uvision.o(STACK)



==============================================================================

Memory Map of the image

  Image Entry point : 0x000000c1

  Load Region LR_IROM1 (Base: 0x00000000, Size: 0x00006e98, Max: 0x00020000, ABSOLUTE, COMPRESSED[0x00006ce8])

    Execution Region ER_IROM1 (Exec base: 0x00000000, Load base: 0x00000000, Size: 0x00006c4c, Max: 0x00020000, ABSOLUTE)

    Exec Addr    Load Addr    Size         Type   Attr      Idx    E Section Name        Object

    0x00000000   0x00000000   0x000000c0   Data   RO         1184    RESET               startup_mspm0g350x_uvision.o
    0x000000c0   0x000000c0   0x00000000   Code   RO         3436  * .ARM.Collect$$$$00000000  mc_p.l(entry.o)
    0x000000c0   0x000000c0   0x00000004   Code   RO         3579    .ARM.Collect$$$$00000001  mc_p.l(entry2.o)
    0x000000c4   0x000000c4   0x00000004   Code   RO         3582    .ARM.Collect$$$$00000004  mc_p.l(entry5.o)
    0x000000c8   0x000000c8   0x00000000   Code   RO         3584    .ARM.Collect$$$$00000008  mc_p.l(entry7b.o)
    0x000000c8   0x000000c8   0x00000000   Code   RO         3586    .ARM.Collect$$$$0000000A  mc_p.l(entry8b.o)
    0x000000c8   0x000000c8   0x00000008   Code   RO         3587    .ARM.Collect$$$$0000000B  mc_p.l(entry9a.o)
    0x000000d0   0x000000d0   0x00000000   Code   RO         3589    .ARM.Collect$$$$0000000D  mc_p.l(entry10a.o)
    0x000000d0   0x000000d0   0x00000000   Code   RO         3591    .ARM.Collect$$$$0000000F  mc_p.l(entry11a.o)
    0x000000d0   0x000000d0   0x00000004   Code   RO         3580    .ARM.Collect$$$$00002712  mc_p.l(entry2.o)
    0x000000d4   0x000000d4   0x00000014   Code   RO         1185    .text               startup_mspm0g350x_uvision.o
    0x000000e8   0x000000e8   0x00000024   Code   RO         3455    .text               mc_p.l(memcpya.o)
    0x0000010c   0x0000010c   0x00000024   Code   RO         3457    .text               mc_p.l(memseta.o)
    0x00000130   0x00000130   0x0000000e   Code   RO         3459    .text               mc_p.l(strlen.o)
    0x0000013e   0x0000013e   0x000000b2   Code   RO         3493    .text               mf_p.l(fadd.o)
    0x000001f0   0x000001f0   0x0000007a   Code   RO         3495    .text               mf_p.l(fmul.o)
    0x0000026a   0x0000026a   0x0000007c   Code   RO         3497    .text               mf_p.l(fdiv.o)
    0x000002e6   0x000002e6   0x00000002   PAD
    0x000002e8   0x000002e8   0x00000164   Code   RO         3499    .text               mf_p.l(dadd.o)
    0x0000044c   0x0000044c   0x000000d0   Code   RO         3501    .text               mf_p.l(dmul.o)
    0x0000051c   0x0000051c   0x000000f0   Code   RO         3503    .text               mf_p.l(ddiv.o)
    0x0000060c   0x0000060c   0x0000001c   Code   RO         3505    .text               mf_p.l(fcmple.o)
    0x00000628   0x00000628   0x0000001c   Code   RO         3507    .text               mf_p.l(fcmplt.o)
    0x00000644   0x00000644   0x0000001c   Code   RO         3509    .text               mf_p.l(fcmpge.o)
    0x00000660   0x00000660   0x00000016   Code   RO         3521    .text               mf_p.l(fflti.o)
    0x00000676   0x00000676   0x0000000e   Code   RO         3523    .text               mf_p.l(ffltui.o)
    0x00000684   0x00000684   0x00000032   Code   RO         3527    .text               mf_p.l(ffixi.o)
    0x000006b6   0x000006b6   0x00000028   Code   RO         3531    .text               mf_p.l(f2d.o)
    0x000006de   0x000006de   0x0000003e   Code   RO         3596    .text               mc_p.l(uidiv_div0.o)
    0x0000071c   0x0000071c   0x00000050   Code   RO         3598    .text               mc_p.l(idiv_div0.o)
    0x0000076c   0x0000076c   0x00000060   Code   RO         3602    .text               mc_p.l(uldiv.o)
    0x000007cc   0x000007cc   0x00000020   Code   RO         3604    .text               mc_p.l(llshl.o)
    0x000007ec   0x000007ec   0x00000026   Code   RO         3606    .text               mc_p.l(llsshr.o)
    0x00000812   0x00000812   0x00000000   Code   RO         3615    .text               mc_p.l(iusefp.o)
    0x00000812   0x00000812   0x00000082   Code   RO         3616    .text               mf_p.l(fepilogue.o)
    0x00000894   0x00000894   0x000000be   Code   RO         3624    .text               mf_p.l(depilogue.o)
    0x00000952   0x00000952   0x00000002   PAD
    0x00000954   0x00000954   0x00000040   Code   RO         3630    .text               mf_p.l(dfixul.o)
    0x00000994   0x00000994   0x00000028   Code   RO         3636    .text               mf_p.l(cdrcmple.o)
    0x000009bc   0x000009bc   0x00000004   PAD
    0x000009c0   0x000009c0   0x00000024   Code   RO         3640    .text               mc_p.l(init.o)
    0x000009e4   0x000009e4   0x00000022   Code   RO         3642    .text               mc_p.l(llushr.o)
    0x00000a06   0x00000a06   0x0000003a   Code   RO         3654    .text               mc_p.l(__dczerorl.o)
    0x00000a40   0x00000a40   0x00000020   Code   RO         1925    .text.ADC0_IRQHandler  nadc.o
    0x00000a60   0x00000a60   0x00000084   Code   RO         2036    .text.Button_Init   nbutton.o
    0x00000ae4   0x00000ae4   0x00000048   Code   RO         3063    .text.Byte2Float    nclink.o
    0x00000b2c   0x00000b2c   0x00000018   Code   RO         1504    .text.DL_ADC12_clearInterruptStatus  ti_msp_dl_config.o
    0x00000b44   0x00000b44   0x0000004a   Code   RO         1500    .text.DL_ADC12_configConversionMem  ti_msp_dl_config.o
    0x00000b8e   0x00000b8e   0x00000016   Code   RO         1508    .text.DL_ADC12_enableConversions  ti_msp_dl_config.o
    0x00000ba4   0x00000ba4   0x0000001c   Code   RO         1506    .text.DL_ADC12_enableInterrupt  ti_msp_dl_config.o
    0x00000bc0   0x00000bc0   0x00000018   Code   RO         1396    .text.DL_ADC12_enablePower  ti_msp_dl_config.o
    0x00000bd8   0x00000bd8   0x00000012   Code   RO         1927    .text.DL_ADC12_getPendingInterrupt  nadc.o
    0x00000bea   0x00000bea   0x00000002   PAD
    0x00000bec   0x00000bec   0x00000018   Code   RO         1384    .text.DL_ADC12_reset  ti_msp_dl_config.o
    0x00000c04   0x00000c04   0x00000048   Code   RO            2    .text.DL_ADC12_setClockConfig  dl_adc12.o
    0x00000c4c   0x00000c4c   0x00000018   Code   RO         1502    .text.DL_ADC12_setSampleTime0  ti_msp_dl_config.o
    0x00000c64   0x00000c64   0x00000020   Code   RO         1498    .text.DL_ADC12_setStartAddress  ti_msp_dl_config.o
    0x00000c84   0x00000c84   0x0000001c   Code   RO         1138    .text.DL_CORE_configInstruction  dl_sysctl_mspm0g1x0x_g3x0x.o
    0x00000ca0   0x00000ca0   0x00000010   Code   RO         1136    .text.DL_CORE_getInstructionConfig  dl_sysctl_mspm0g1x0x_g3x0x.o
    0x00000cb0   0x00000cb0   0x00000014   Code   RO           55    .text.DL_Common_delayCycles  dl_common.o
    0x00000cc4   0x00000cc4   0x00000028   Code   RO            4    .text.DL_Common_updateReg  dl_adc12.o
    0x00000cec   0x00000cec   0x00000028   Code   RO          132    .text.DL_Common_updateReg  dl_dma.o
    0x00000d14   0x00000d14   0x00000028   Code   RO          356    .text.DL_Common_updateReg  dl_i2c.o
    0x00000d3c   0x00000d3c   0x00000028   Code   RO          851    .text.DL_Common_updateReg  dl_spi.o
    0x00000d64   0x00000d64   0x00000028   Code   RO          944    .text.DL_Common_updateReg  dl_timer.o
    0x00000d8c   0x00000d8c   0x00000028   Code   RO         1050    .text.DL_Common_updateReg  dl_uart.o
    0x00000db4   0x00000db4   0x00000028   Code   RO         1134    .text.DL_Common_updateReg  dl_sysctl_mspm0g1x0x_g3x0x.o
    0x00000ddc   0x00000ddc   0x00000028   Code   RO         1514    .text.DL_Common_updateReg  ti_msp_dl_config.o
    0x00000e04   0x00000e04   0x00000054   Code   RO          128    .text.DL_DMA_configTransfer  dl_dma.o
    0x00000e58   0x00000e58   0x00000046   Code   RO          126    .text.DL_DMA_initChannel  dl_dma.o
    0x00000e9e   0x00000e9e   0x00000002   PAD
    0x00000ea0   0x00000ea0   0x00000038   Code   RO          130    .text.DL_DMA_setTrigger  dl_dma.o
    0x00000ed8   0x00000ed8   0x00000018   Code   RO         1424    .text.DL_GPIO_clearInterruptStatus  ti_msp_dl_config.o
    0x00000ef0   0x00000ef0   0x0000001c   Code   RO         1843    .text.DL_GPIO_clearInterruptStatus  nqei.o
    0x00000f0c   0x00000f0c   0x00000014   Code   RO         1194    .text.DL_GPIO_clearPins  main.o
    0x00000f20   0x00000f20   0x00000014   Code   RO         1420    .text.DL_GPIO_clearPins  ti_msp_dl_config.o
    0x00000f34   0x00000f34   0x00000014   Code   RO         1629    .text.DL_GPIO_clearPins  oled.o
    0x00000f48   0x00000f48   0x00000014   Code   RO         2122    .text.DL_GPIO_clearPins  w25qxx.o
    0x00000f5c   0x00000f5c   0x00000014   Code   RO         2803    .text.DL_GPIO_clearPins  sensor.o
    0x00000f70   0x00000f70   0x00000018   Code   RO         1406    .text.DL_GPIO_enableHiZ  ti_msp_dl_config.o
    0x00000f88   0x00000f88   0x00000018   Code   RO         1426    .text.DL_GPIO_enableInterrupt  ti_msp_dl_config.o
    0x00000fa0   0x00000fa0   0x00000018   Code   RO         1402    .text.DL_GPIO_enableOutput  ti_msp_dl_config.o
    0x00000fb8   0x00000fb8   0x00000014   Code   RO         1386    .text.DL_GPIO_enablePower  ti_msp_dl_config.o
    0x00000fcc   0x00000fcc   0x00000018   Code   RO         1839    .text.DL_GPIO_getEnabledInterruptStatus  nqei.o
    0x00000fe4   0x00000fe4   0x00000014   Code   RO         1414    .text.DL_GPIO_initDigitalInput  ti_msp_dl_config.o
    0x00000ff8   0x00000ff8   0x00000030   Code   RO         1410    .text.DL_GPIO_initDigitalInputFeatures  ti_msp_dl_config.o
    0x00001028   0x00001028   0x00000014   Code   RO         1412    .text.DL_GPIO_initDigitalOutput  ti_msp_dl_config.o
    0x0000103c   0x0000103c   0x0000002c   Code   RO         1416    .text.DL_GPIO_initDigitalOutputFeatures  ti_msp_dl_config.o
    0x00001068   0x00001068   0x00000014   Code   RO         1398    .text.DL_GPIO_initPeripheralAnalogFunction  ti_msp_dl_config.o
    0x0000107c   0x0000107c   0x00000018   Code   RO         1408    .text.DL_GPIO_initPeripheralInputFunction  ti_msp_dl_config.o
    0x00001094   0x00001094   0x00000038   Code   RO         1404    .text.DL_GPIO_initPeripheralInputFunctionFeatures  ti_msp_dl_config.o
    0x000010cc   0x000010cc   0x0000001c   Code   RO         1400    .text.DL_GPIO_initPeripheralOutputFunction  ti_msp_dl_config.o
    0x000010e8   0x000010e8   0x00000016   Code   RO         1841    .text.DL_GPIO_readPins  nqei.o
    0x000010fe   0x000010fe   0x00000016   Code   RO         3320    .text.DL_GPIO_readPins  grayscale.o
    0x00001114   0x00001114   0x00000010   Code   RO         1374    .text.DL_GPIO_reset  ti_msp_dl_config.o
    0x00001124   0x00001124   0x0000001c   Code   RO         1422    .text.DL_GPIO_setLowerPinsPolarity  ti_msp_dl_config.o
    0x00001140   0x00001140   0x00000014   Code   RO         1196    .text.DL_GPIO_setPins  main.o
    0x00001154   0x00001154   0x00000014   Code   RO         1418    .text.DL_GPIO_setPins  ti_msp_dl_config.o
    0x00001168   0x00001168   0x00000014   Code   RO         1631    .text.DL_GPIO_setPins  oled.o
    0x0000117c   0x0000117c   0x00000018   Code   RO         2100    .text.DL_GPIO_setPins  w25qxx.o
    0x00001194   0x00001194   0x00000018   Code   RO         1786    .text.DL_GPIO_togglePins  ntimer.o
    0x000011ac   0x000011ac   0x0000001c   Code   RO         2376    .text.DL_I2C_disableInterrupt  bsp_mpu6050.o
    0x000011c8   0x000011c8   0x00000018   Code   RO         1462    .text.DL_I2C_enableAnalogGlitchFilter  ti_msp_dl_config.o
    0x000011e0   0x000011e0   0x00000014   Code   RO         1474    .text.DL_I2C_enableController  ti_msp_dl_config.o
    0x000011f4   0x000011f4   0x00000018   Code   RO         1472    .text.DL_I2C_enableControllerClockStretching  ti_msp_dl_config.o
    0x0000120c   0x0000120c   0x00000018   Code   RO         1390    .text.DL_I2C_enablePower  ti_msp_dl_config.o
    0x00001224   0x00001224   0x00000054   Code   RO          360    .text.DL_I2C_fillControllerTXFIFO  dl_i2c.o
    0x00001278   0x00001278   0x00000012   Code   RO         2404    .text.DL_I2C_getPendingInterrupt  bsp_mpu6050.o
    0x0000128a   0x0000128a   0x00000002   PAD
    0x0000128c   0x0000128c   0x00000018   Code   RO         2406    .text.DL_I2C_isControllerRXFIFOEmpty  bsp_mpu6050.o
    0x000012a4   0x000012a4   0x0000001c   Code   RO          362    .text.DL_I2C_isControllerTXFIFOFull  dl_i2c.o
    0x000012c0   0x000012c0   0x00000014   Code   RO         2408    .text.DL_I2C_receiveControllerData  bsp_mpu6050.o
    0x000012d4   0x000012d4   0x00000010   Code   RO         1378    .text.DL_I2C_reset  ti_msp_dl_config.o
    0x000012e4   0x000012e4   0x00000014   Code   RO         1464    .text.DL_I2C_resetControllerTransfer  ti_msp_dl_config.o
    0x000012f8   0x000012f8   0x00000026   Code   RO         1460    .text.DL_I2C_setAnalogGlitchFilterPulseWidth  ti_msp_dl_config.o
    0x0000131e   0x0000131e   0x00000002   PAD
    0x00001320   0x00001320   0x00000030   Code   RO          354    .text.DL_I2C_setClockConfig  dl_i2c.o
    0x00001350   0x00001350   0x00000024   Code   RO         1470    .text.DL_I2C_setControllerRXFIFOThreshold  ti_msp_dl_config.o
    0x00001374   0x00001374   0x00000028   Code   RO         1468    .text.DL_I2C_setControllerTXFIFOThreshold  ti_msp_dl_config.o
    0x0000139c   0x0000139c   0x00000018   Code   RO         1466    .text.DL_I2C_setTimerPeriod  ti_msp_dl_config.o
    0x000013b4   0x000013b4   0x00000016   Code   RO          364    .text.DL_I2C_transmitControllerData  dl_i2c.o
    0x000013ca   0x000013ca   0x00000002   PAD
    0x000013cc   0x000013cc   0x0000001c   Code   RO         1837    .text.DL_Interrupt_getPendingGroup  nqei.o
    0x000013e8   0x000013e8   0x00000014   Code   RO         1496    .text.DL_SPI_enable  ti_msp_dl_config.o
    0x000013fc   0x000013fc   0x00000018   Code   RO         1394    .text.DL_SPI_enablePower  ti_msp_dl_config.o
    0x00001414   0x00001414   0x00000048   Code   RO          849    .text.DL_SPI_init   dl_spi.o
    0x0000145c   0x0000145c   0x00000018   Code   RO         2118    .text.DL_SPI_isBusy  w25qxx.o
    0x00001474   0x00001474   0x00000014   Code   RO         2120    .text.DL_SPI_receiveData8  w25qxx.o
    0x00001488   0x00001488   0x00000018   Code   RO         1382    .text.DL_SPI_reset  ti_msp_dl_config.o
    0x000014a0   0x000014a0   0x00000024   Code   RO         1492    .text.DL_SPI_setBitRateSerialClockDivider  ti_msp_dl_config.o
    0x000014c4   0x000014c4   0x00000024   Code   RO          853    .text.DL_SPI_setClockConfig  dl_spi.o
    0x000014e8   0x000014e8   0x00000030   Code   RO         1494    .text.DL_SPI_setFIFOThreshold  ti_msp_dl_config.o
    0x00001518   0x00001518   0x00000016   Code   RO         2116    .text.DL_SPI_transmitData8  w25qxx.o
    0x0000152e   0x0000152e   0x00000002   PAD
    0x00001530   0x00001530   0x000000e8   Code   RO         1128    .text.DL_SYSCTL_configSYSPLL  dl_sysctl_mspm0g1x0x_g3x0x.o
    0x00001618   0x00001618   0x00000010   Code   RO         1166    .text.DL_SYSCTL_disableHFCLKStartupMonitor  dl_sysctl_mspm0g1x0x_g3x0x.o
    0x00001628   0x00001628   0x0000000c   Code   RO         1156    .text.DL_SYSCTL_disableHFXT  dl_sysctl_mspm0g1x0x_g3x0x.o
    0x00001634   0x00001634   0x0000000c   Code   RO         1434    .text.DL_SYSCTL_disableHFXT  ti_msp_dl_config.o
    0x00001640   0x00001640   0x00000010   Code   RO         1130    .text.DL_SYSCTL_disableSYSPLL  dl_sysctl_mspm0g1x0x_g3x0x.o
    0x00001650   0x00001650   0x00000010   Code   RO         1436    .text.DL_SYSCTL_disableSYSPLL  ti_msp_dl_config.o
    0x00001660   0x00001660   0x00000010   Code   RO         1162    .text.DL_SYSCTL_enableHFCLKStartupMonitor  dl_sysctl_mspm0g1x0x_g3x0x.o
    0x00001670   0x00001670   0x00000010   Code   RO         1442    .text.DL_SYSCTL_enableMFCLK  ti_msp_dl_config.o
    0x00001680   0x00001680   0x00000010   Code   RO         1444    .text.DL_SYSCTL_enableMFPCLK  ti_msp_dl_config.o
    0x00001690   0x00001690   0x00000008   Code   RO         1132    .text.DL_SYSCTL_getClockStatus  dl_sysctl_mspm0g1x0x_g3x0x.o
    0x00001698   0x00001698   0x0000000c   Code   RO         1450    .text.DL_SYSCTL_getClockStatus  ti_msp_dl_config.o
    0x000016a4   0x000016a4   0x00000018   Code   RO         1428    .text.DL_SYSCTL_setBORThreshold  ti_msp_dl_config.o
    0x000016bc   0x000016bc   0x0000001c   Code   RO         1430    .text.DL_SYSCTL_setFlashWaitState  ti_msp_dl_config.o
    0x000016d8   0x000016d8   0x0000001c   Code   RO         1440    .text.DL_SYSCTL_setHFCLKDividerForMFPCLK  ti_msp_dl_config.o
    0x000016f4   0x000016f4   0x00000064   Code   RO         1164    .text.DL_SYSCTL_setHFCLKSourceHFXTParams  dl_sysctl_mspm0g1x0x_g3x0x.o
    0x00001758   0x00001758   0x0000001c   Code   RO         1158    .text.DL_SYSCTL_setHFXTFrequencyRange  dl_sysctl_mspm0g1x0x_g3x0x.o
    0x00001774   0x00001774   0x00000018   Code   RO         1160    .text.DL_SYSCTL_setHFXTStartupTime  dl_sysctl_mspm0g1x0x_g3x0x.o
    0x0000178c   0x0000178c   0x00000018   Code   RO         1150    .text.DL_SYSCTL_setHSCLKSource  dl_sysctl_mspm0g1x0x_g3x0x.o
    0x000017a4   0x000017a4   0x00000020   Code   RO         1446    .text.DL_SYSCTL_setMFPCLKSource  ti_msp_dl_config.o
    0x000017c4   0x000017c4   0x0000001c   Code   RO         1432    .text.DL_SYSCTL_setSYSOSCFreq  ti_msp_dl_config.o
    0x000017e0   0x000017e0   0x00000018   Code   RO         1438    .text.DL_SYSCTL_setULPCLKDivider  ti_msp_dl_config.o
    0x000017f8   0x000017f8   0x0000004c   Code   RO         1148    .text.DL_SYSCTL_switchMCLKfromSYSOSCtoHSCLK  dl_sysctl_mspm0g1x0x_g3x0x.o
    0x00001844   0x00001844   0x00000032   Code   RO         3370    .text.DL_Serial_SendArray  vofa.o
    0x00001876   0x00001876   0x000000ea   Code   RO         1012    .text.DL_TimerA_initPWMMode  dl_timer.o
    0x00001960   0x00001960   0x00000014   Code   RO         1454    .text.DL_Timer_enableClock  ti_msp_dl_config.o
    0x00001974   0x00001974   0x0000001c   Code   RO         1458    .text.DL_Timer_enableInterrupt  ti_msp_dl_config.o
    0x00001990   0x00001990   0x00000018   Code   RO         1388    .text.DL_Timer_enablePower  ti_msp_dl_config.o
    0x000019a8   0x000019a8   0x00000012   Code   RO         1784    .text.DL_Timer_getPendingInterrupt  ntimer.o
    0x000019ba   0x000019ba   0x00000002   PAD
    0x000019bc   0x000019bc   0x0000010c   Code   RO          956    .text.DL_Timer_initPWMMode  dl_timer.o
    0x00001ac8   0x00001ac8   0x000000fc   Code   RO          926    .text.DL_Timer_initTimerMode  dl_timer.o
    0x00001bc4   0x00001bc4   0x00000010   Code   RO         1376    .text.DL_Timer_reset  ti_msp_dl_config.o
    0x00001bd4   0x00001bd4   0x00000014   Code   RO         1456    .text.DL_Timer_setCCPDirection  ti_msp_dl_config.o
    0x00001be8   0x00001be8   0x00000030   Code   RO          986    .text.DL_Timer_setCaptCompUpdateMethod  dl_timer.o
    0x00001c18   0x00001c18   0x00000034   Code   RO          958    .text.DL_Timer_setCaptureCompareAction  dl_timer.o
    0x00001c4c   0x00001c4c   0x0000003c   Code   RO          934    .text.DL_Timer_setCaptureCompareCtl  dl_timer.o
    0x00001c88   0x00001c88   0x00000034   Code   RO          940    .text.DL_Timer_setCaptureCompareInput  dl_timer.o
    0x00001cbc   0x00001cbc   0x00000040   Code   RO          960    .text.DL_Timer_setCaptureCompareOutCtl  dl_timer.o
    0x00001cfc   0x00001cfc   0x0000002c   Code   RO          932    .text.DL_Timer_setCaptureCompareValue  dl_timer.o
    0x00001d28   0x00001d28   0x0000002c   Code   RO          922    .text.DL_Timer_setClockConfig  dl_timer.o
    0x00001d54   0x00001d54   0x00000038   Code   RO         1452    .text.DL_Timer_setCounterControl  ti_msp_dl_config.o
    0x00001d8c   0x00001d8c   0x0000001c   Code   RO          930    .text.DL_Timer_setCounterValueAfterEnable  dl_timer.o
    0x00001da8   0x00001da8   0x00000018   Code   RO          928    .text.DL_Timer_setLoadValue  dl_timer.o
    0x00001dc0   0x00001dc0   0x00000018   Code   RO         1776    .text.DL_Timer_startCounter  ntimer.o
    0x00001dd8   0x00001dd8   0x00000018   Code   RO         1947    .text.DL_UART_clearInterruptStatus  nuart.o
    0x00001df0   0x00001df0   0x00000016   Code   RO         1048    .text.DL_UART_disable  dl_uart.o
    0x00001e06   0x00001e06   0x00000016   Code   RO         1482    .text.DL_UART_enable  ti_msp_dl_config.o
    0x00001e1c   0x00001e1c   0x00000018   Code   RO         1484    .text.DL_UART_enableDMATransmitEvent  ti_msp_dl_config.o
    0x00001e34   0x00001e34   0x00000018   Code   RO         1486    .text.DL_UART_enableFIFOs  ti_msp_dl_config.o
    0x00001e4c   0x00001e4c   0x0000001c   Code   RO         1480    .text.DL_UART_enableInterrupt  ti_msp_dl_config.o
    0x00001e68   0x00001e68   0x00000018   Code   RO         1392    .text.DL_UART_enablePower  ti_msp_dl_config.o
    0x00001e80   0x00001e80   0x00000018   Code   RO         1951    .text.DL_UART_getEnabledInterruptStatus  nuart.o
    0x00001e98   0x00001e98   0x00000012   Code   RO         1957    .text.DL_UART_getPendingInterrupt  nuart.o
    0x00001eaa   0x00001eaa   0x00000002   PAD
    0x00001eac   0x00001eac   0x00000048   Code   RO         1046    .text.DL_UART_init  dl_uart.o
    0x00001ef4   0x00001ef4   0x00000018   Code   RO         1074    .text.DL_UART_isTXFIFOFull  dl_uart.o
    0x00001f0c   0x00001f0c   0x00000010   Code   RO         1953    .text.DL_UART_receiveData  nuart.o
    0x00001f1c   0x00001f1c   0x00000014   Code   RO         2642    .text.DL_UART_receiveData  usart3.o
    0x00001f30   0x00001f30   0x00000018   Code   RO         1380    .text.DL_UART_reset  ti_msp_dl_config.o
    0x00001f48   0x00001f48   0x0000004c   Code   RO         1478    .text.DL_UART_setBaudRateDivisor  ti_msp_dl_config.o
    0x00001f94   0x00001f94   0x00000024   Code   RO         1052    .text.DL_UART_setClockConfig  dl_uart.o
    0x00001fb8   0x00001fb8   0x0000001e   Code   RO         1476    .text.DL_UART_setOversampling  ti_msp_dl_config.o
    0x00001fd6   0x00001fd6   0x00000002   PAD
    0x00001fd8   0x00001fd8   0x00000024   Code   RO         1488    .text.DL_UART_setRXFIFOThreshold  ti_msp_dl_config.o
    0x00001ffc   0x00001ffc   0x00000028   Code   RO         1490    .text.DL_UART_setTXFIFOThreshold  ti_msp_dl_config.o
    0x00002024   0x00002024   0x00000016   Code   RO         1076    .text.DL_UART_transmitData  dl_uart.o
    0x0000203a   0x0000203a   0x00000028   Code   RO         1072    .text.DL_UART_transmitDataBlocking  dl_uart.o
    0x00002062   0x00002062   0x00000010   Code   RO         1571    .text.Delay_Ms      system.o
    0x00002072   0x00002072   0x00000002   PAD
    0x00002074   0x00002074   0x00000074   Code   RO         1625    .text.Draw_Logo     oled.o
    0x000020e8   0x000020e8   0x00000002   Code   RO         1851    .text.Encoder_Init  nqei.o
    0x000020ea   0x000020ea   0x00000008   Code   RO         1892    .text.GROUP1_IRQHandler  nppm.o
    0x000020f2   0x000020f2   0x00000002   PAD
    0x000020f4   0x000020f4   0x000001d4   Code   RO         3366    .text.Get_Data      vofa.o
    0x000022c8   0x000022c8   0x0000012c   Code   RO         2402    .text.I2C1_IRQHandler  bsp_mpu6050.o
    0x000023f4   0x000023f4   0x00000060   Code   RO         1605    .text.LCD_CLS       oled.o
    0x00002454   0x00002454   0x00000078   Code   RO         1609    .text.LCD_P6x8Char  oled.o
    0x000024cc   0x000024cc   0x000000b0   Code   RO         1607    .text.LCD_P6x8Str   oled.o
    0x0000257c   0x0000257c   0x000000ae   Code   RO         1210    .text.Load          main.o
    0x0000262a   0x0000262a   0x00000002   PAD
    0x0000262c   0x0000262c   0x00000044   Code   RO         1627    .text.OLED_Init     oled.o
    0x00002670   0x00002670   0x00000036   Code   RO         1593    .text.OLED_Set_Pos  oled.o
    0x000026a6   0x000026a6   0x00000002   PAD
    0x000026a8   0x000026a8   0x00000074   Code   RO         1591    .text.OLED_WrCmd    oled.o
    0x0000271c   0x0000271c   0x0000007c   Code   RO         1589    .text.OLED_WrDat    oled.o
    0x00002798   0x00002798   0x00000016   Code   RO         1884    .text.PPM_Init      nppm.o
    0x000027ae   0x000027ae   0x00000002   PAD
    0x000027b0   0x000027b0   0x00000064   Code   RO         1818    .text.PWM_Output    npwm.o
    0x00002814   0x00002814   0x000002c4   Code   RO         1835    .text.QEI0_IRQHandler  nqei.o
    0x00002ad8   0x00002ad8   0x00000020   Code   RO         2072    .text.ReadFlashParameterOne  neeprom.o
    0x00002af8   0x00002af8   0x00000048   Code   RO         2076    .text.ReadFlashParameterThree  neeprom.o
    0x00002b40   0x00002b40   0x00000068   Code   RO         1362    .text.SYSCFG_DL_ADC12_0_init  ti_msp_dl_config.o
    0x00002ba8   0x00002ba8   0x00000018   Code   RO         1510    .text.SYSCFG_DL_DMA_CH0_init  ti_msp_dl_config.o
    0x00002bc0   0x00002bc0   0x00000008   Code   RO         1364    .text.SYSCFG_DL_DMA_init  ti_msp_dl_config.o
    0x00002bc8   0x00002bc8   0x00000314   Code   RO         1332    .text.SYSCFG_DL_GPIO_init  ti_msp_dl_config.o
    0x00002edc   0x00002edc   0x00000058   Code   RO         1350    .text.SYSCFG_DL_I2C_0_init  ti_msp_dl_config.o
    0x00002f34   0x00002f34   0x000000d8   Code   RO         1336    .text.SYSCFG_DL_PWM_0_init  ti_msp_dl_config.o
    0x0000300c   0x0000300c   0x0000008c   Code   RO         1338    .text.SYSCFG_DL_PWM_1_init  ti_msp_dl_config.o
    0x00003098   0x00003098   0x0000008c   Code   RO         1340    .text.SYSCFG_DL_PWM_2_init  ti_msp_dl_config.o
    0x00003124   0x00003124   0x00000040   Code   RO         1360    .text.SYSCFG_DL_SPI_0_init  ti_msp_dl_config.o
    0x00003164   0x00003164   0x0000001c   Code   RO         1368    .text.SYSCFG_DL_SYSCTL_CLK_init  ti_msp_dl_config.o
    0x00003180   0x00003180   0x00000068   Code   RO         1334    .text.SYSCFG_DL_SYSCTL_init  ti_msp_dl_config.o
    0x000031e8   0x000031e8   0x0000000a   Code   RO         1366    .text.SYSCFG_DL_SYSTICK_init  ti_msp_dl_config.o
    0x000031f2   0x000031f2   0x00000002   PAD
    0x000031f4   0x000031f4   0x00000038   Code   RO         1342    .text.SYSCFG_DL_TIMER_1_init  ti_msp_dl_config.o
    0x0000322c   0x0000322c   0x00000038   Code   RO         1344    .text.SYSCFG_DL_TIMER_2_init  ti_msp_dl_config.o
    0x00003264   0x00003264   0x0000003c   Code   RO         1348    .text.SYSCFG_DL_TIMER_G12_init  ti_msp_dl_config.o
    0x000032a0   0x000032a0   0x00000038   Code   RO         1346    .text.SYSCFG_DL_TIMER_G8_init  ti_msp_dl_config.o
    0x000032d8   0x000032d8   0x00000048   Code   RO         1352    .text.SYSCFG_DL_UART_0_init  ti_msp_dl_config.o
    0x00003320   0x00003320   0x00000048   Code   RO         1354    .text.SYSCFG_DL_UART_1_init  ti_msp_dl_config.o
    0x00003368   0x00003368   0x00000064   Code   RO         1356    .text.SYSCFG_DL_UART_2_init  ti_msp_dl_config.o
    0x000033cc   0x000033cc   0x00000048   Code   RO         1358    .text.SYSCFG_DL_UART_3_init  ti_msp_dl_config.o
    0x00003414   0x00003414   0x00000090   Code   RO         1328    .text.SYSCFG_DL_init  ti_msp_dl_config.o
    0x000034a4   0x000034a4   0x00000124   Code   RO         1330    .text.SYSCFG_DL_initPower  ti_msp_dl_config.o
    0x000035c8   0x000035c8   0x00000058   Code   RO         3372    .text.SendDataToVOFA  vofa.o
    0x00003620   0x00003620   0x00000050   Code   RO         1512    .text.SysTick_Config  ti_msp_dl_config.o
    0x00003670   0x00003670   0x00000010   Code   RO         1557    .text.SysTick_Handler  system.o
    0x00003680   0x00003680   0x0000005c   Code   RO         1782    .text.TIMG0_IRQHandler  ntimer.o
    0x000036dc   0x000036dc   0x00000028   Code   RO         1792    .text.TIMG12_IRQHandler  ntimer.o
    0x00003704   0x00003704   0x00000028   Code   RO         1788    .text.TIMG6_IRQHandler  ntimer.o
    0x0000372c   0x0000372c   0x00000028   Code   RO         1790    .text.TIMG8_IRQHandler  ntimer.o
    0x00003754   0x00003754   0x000001b8   Code   RO         3316    .text.Track_follow  grayscale.o
    0x0000390c   0x0000390c   0x00000108   Code   RO         1202    .text.Track_ring    main.o
    0x00003a14   0x00003a14   0x00000020   Code   RO         2640    .text.UART0_IRQHandler  usart3.o
    0x00003a34   0x00003a34   0x000000b4   Code   RO         1949    .text.UART1_IRQHandler  nuart.o
    0x00003ae8   0x00003ae8   0x0000005c   Code   RO         1955    .text.UART2_IRQHandler  nuart.o
    0x00003b44   0x00003b44   0x00000060   Code   RO         1959    .text.UART3_IRQHandler  nuart.o
    0x00003ba4   0x00003ba4   0x00000140   Code   RO         3368    .text.USART_PID_Adjust  vofa.o
    0x00003ce4   0x00003ce4   0x00000078   Code   RO         2130    .text.W25Q64_read   w25qxx.o
    0x00003d5c   0x00003d5c   0x0000004e   Code   RO         2142    .text.W25QXX_Read_f  w25qxx.o
    0x00003daa   0x00003daa   0x00000018   Code   RO         2978    .text.__ARM_isnanf  sdk.o
    0x00003dc2   0x00003dc2   0x00000002   PAD
    0x00003dc4   0x00003dc4   0x00000028   Code   RO         1886    .text.__NVIC_ClearPendingIRQ  nppm.o
    0x00003dec   0x00003dec   0x0000002c   Code   RO         1943    .text.__NVIC_ClearPendingIRQ  nuart.o
    0x00003e18   0x00003e18   0x00000028   Code   RO         1778    .text.__NVIC_EnableIRQ  ntimer.o
    0x00003e40   0x00003e40   0x00000028   Code   RO         1888    .text.__NVIC_EnableIRQ  nppm.o
    0x00003e68   0x00003e68   0x0000002c   Code   RO         1945    .text.__NVIC_EnableIRQ  nuart.o
    0x00003e94   0x00003e94   0x00000084   Code   RO         1448    .text.__NVIC_SetPriority  ti_msp_dl_config.o
    0x00003f18   0x00003f18   0x00000046   Code   RO         2655    .text.bling_set     rgb.o
    0x00003f5e   0x00003f5e   0x00000002   PAD
    0x00003f60   0x00003f60   0x00000204   Code   RO         3091    .text.bluetooth_app_prase  nclink.o
    0x00004164   0x00004164   0x000000c8   Code   RO         3318    .text.button_scan   grayscale.o
    0x0000422c   0x0000422c   0x00000158   Code   RO         2980    .text.ctrl_params_init  sdk.o
    0x00004384   0x00004384   0x00000016   Code   RO         1565    .text.delay         system.o
    0x0000439a   0x0000439a   0x00000024   Code   RO         1563    .text.delayMicroseconds  system.o
    0x000043be   0x000043be   0x00000010   Code   RO         1567    .text.delay_ms      system.o
    0x000043ce   0x000043ce   0x00000020   Code   RO         1633    .text.display_6_8_number  oled.o
    0x000043ee   0x000043ee   0x00000002   Code   RO         1204    .text.duty_1000hz   main.o
    0x000043f0   0x000043f0   0x00000002   Code   RO         1206    .text.duty_100hz    main.o
    0x000043f2   0x000043f2   0x00000002   Code   RO         1208    .text.duty_10hz     main.o
    0x000043f4   0x000043f4   0x0000001c   Code   RO         1965    .text.fputc         nuart.o
    0x00004410   0x00004410   0x00000054   Code   RO         1845    .text.get_left_motor_speed  nqei.o
    0x00004464   0x00004464   0x00000068   Code   RO         1847    .text.get_right_motor_speed  nqei.o
    0x000044cc   0x000044cc   0x0000004c   Code   RO         1575    .text.get_systime   system.o
    0x00004518   0x00004518   0x00000002   Code   RO         2873    .text.gpio_input_init  gray_detection.o
    0x0000451a   0x0000451a   0x00000002   PAD
    0x0000451c   0x0000451c   0x00000150   Code   RO         2618    .text.jy61p_ReceiveData  jy61p.o
    0x0000466c   0x0000466c   0x0000011c   Code   RO         1192    .text.main          main.o
    0x00004788   0x00004788   0x0000004c   Code   RO         1198    .text.maple_duty_200hz  main.o
    0x000047d4   0x000047d4   0x0000003c   Code   RO         1559    .text.micros        system.o
    0x00004810   0x00004810   0x00000088   Code   RO         3351    .text.pid1          pid_2.o
    0x00004898   0x00004898   0x00000082   Code   RO         2711    .text.pid_control_init  pid.o
    0x0000491a   0x0000491a   0x00000002   PAD
    0x0000491c   0x0000491c   0x00000044   Code   RO         3349    .text.pwm_control   pid_2.o
    0x00004960   0x00004960   0x00000008   Code   RO         2651    .text.rgb_init      rgb.o
    0x00004968   0x00004968   0x00000058   Code   RO         2653    .text.rgb_start_bling  rgb.o
    0x000049c0   0x000049c0   0x00000010   Code   RO         2801    .text.simulation_pwm_init  sensor.o
    0x000049d0   0x000049d0   0x00000030   Code   RO         2114    .text.spi_read_write_byte  w25qxx.o
    0x00004a00   0x00004a00   0x00000174   Code   RO         1658    .text.ssd1306_begin  ssd1306.o
    0x00004b74   0x00004b74   0x00000014   Code   RO         1656    .text.ssd1306_command  ssd1306.o
    0x00004b88   0x00004b88   0x00000128   Code   RO         1200    .text.steering_ring  main.o
    0x00004cb0   0x00004cb0   0x00000064   Code   RO         1774    .text.timer_irq_config  ntimer.o
    0x00004d14   0x00004d14   0x000000b4   Code   RO         3353    .text.track_pid     pid_2.o
    0x00004dc8   0x00004dc8   0x000007c8   Code   RO         2976    .text.trackless_params_init  sdk.o
    0x00005590   0x00005590   0x000000d0   Code   RO         3355    .text.turn_PID_yaw  pid_2.o
    0x00005660   0x00005660   0x00000074   Code   RO         1941    .text.usart_irq_config  nuart.o
    0x000056d4   0x000056d4   0x00000498   Code   RO         1611    .text.write_6_8_number  oled.o
    0x00005b6c   0x00005b6c   0x00000020   Code   RO         3466    i.__0printf         mc_p.l(printfa.o)
    0x00005b8c   0x00005b8c   0x00000028   Code   RO         3468    i.__0sprintf        mc_p.l(printfa.o)
    0x00005bb4   0x00005bb4   0x0000002e   Code   RO         3626    i.__ARM_clz         mf_p.l(depilogue.o)
    0x00005be2   0x00005be2   0x00000006   PAD
    0x00005be8   0x00005be8   0x0000000e   Code   RO         3648    i.__scatterload_copy  mc_p.l(handlers.o)
    0x00005bf6   0x00005bf6   0x00000002   PAD
    0x00005bf8   0x00005bf8   0x00000002   Code   RO         3649    i.__scatterload_null  mc_p.l(handlers.o)
    0x00005bfa   0x00005bfa   0x00000006   PAD
    0x00005c00   0x00005c00   0x0000000e   Code   RO         3650    i.__scatterload_zeroinit  mc_p.l(handlers.o)
    0x00005c0e   0x00005c0e   0x00000002   PAD
    0x00005c10   0x00005c10   0x00000174   Code   RO         3473    i._fp_digits        mc_p.l(printfa.o)
    0x00005d84   0x00005d84   0x000006ec   Code   RO         3474    i._printf_core      mc_p.l(printfa.o)
    0x00006470   0x00006470   0x00000020   Code   RO         3475    i._printf_post_padding  mc_p.l(printfa.o)
    0x00006490   0x00006490   0x0000002c   Code   RO         3476    i._printf_pre_padding  mc_p.l(printfa.o)
    0x000064bc   0x000064bc   0x0000000a   Code   RO         3478    i._sputc            mc_p.l(printfa.o)
    0x000064c6   0x000064c6   0x00000228   Data   RO         1639    .rodata.F6x8        oled.o
    0x000066ee   0x000066ee   0x00000400   Data   RO         1641    .rodata.NC_Logo     oled.o
    0x00006aee   0x00006aee   0x00000002   PAD
    0x00006af0   0x00006af0   0x00000008   Data   RO         1548    .rodata.gADC12_0ClockConfig  ti_msp_dl_config.o
    0x00006af8   0x00006af8   0x00000018   Data   RO         1549    .rodata.gDMA_CH0Config  ti_msp_dl_config.o
    0x00006b10   0x00006b10   0x00000002   Data   RO         1537    .rodata.gI2C_0ClockConfig  ti_msp_dl_config.o
    0x00006b12   0x00006b12   0x00000003   Data   RO         1523    .rodata.gPWM_0ClockConfig  ti_msp_dl_config.o
    0x00006b15   0x00006b15   0x00000003   PAD
    0x00006b18   0x00006b18   0x00000008   Data   RO         1524    .rodata.gPWM_0Config  ti_msp_dl_config.o
    0x00006b20   0x00006b20   0x00000003   Data   RO         1525    .rodata.gPWM_1ClockConfig  ti_msp_dl_config.o
    0x00006b23   0x00006b23   0x00000001   PAD
    0x00006b24   0x00006b24   0x00000008   Data   RO         1526    .rodata.gPWM_1Config  ti_msp_dl_config.o
    0x00006b2c   0x00006b2c   0x00000003   Data   RO         1527    .rodata.gPWM_2ClockConfig  ti_msp_dl_config.o
    0x00006b2f   0x00006b2f   0x00000001   PAD
    0x00006b30   0x00006b30   0x00000008   Data   RO         1528    .rodata.gPWM_2Config  ti_msp_dl_config.o
    0x00006b38   0x00006b38   0x00000002   Data   RO         1546    .rodata.gSPI_0_clockConfig  ti_msp_dl_config.o
    0x00006b3a   0x00006b3a   0x0000000a   Data   RO         1547    .rodata.gSPI_0_config  ti_msp_dl_config.o
    0x00006b44   0x00006b44   0x00000028   Data   RO         1522    .rodata.gSYSPLLConfig  ti_msp_dl_config.o
    0x00006b6c   0x00006b6c   0x00000003   Data   RO         1529    .rodata.gTIMER_1ClockConfig  ti_msp_dl_config.o
    0x00006b6f   0x00006b6f   0x00000001   PAD
    0x00006b70   0x00006b70   0x00000014   Data   RO         1530    .rodata.gTIMER_1TimerConfig  ti_msp_dl_config.o
    0x00006b84   0x00006b84   0x00000003   Data   RO         1531    .rodata.gTIMER_2ClockConfig  ti_msp_dl_config.o
    0x00006b87   0x00006b87   0x00000001   PAD
    0x00006b88   0x00006b88   0x00000014   Data   RO         1532    .rodata.gTIMER_2TimerConfig  ti_msp_dl_config.o
    0x00006b9c   0x00006b9c   0x00000003   Data   RO         1535    .rodata.gTIMER_G12ClockConfig  ti_msp_dl_config.o
    0x00006b9f   0x00006b9f   0x00000001   PAD
    0x00006ba0   0x00006ba0   0x00000014   Data   RO         1536    .rodata.gTIMER_G12TimerConfig  ti_msp_dl_config.o
    0x00006bb4   0x00006bb4   0x00000003   Data   RO         1533    .rodata.gTIMER_G8ClockConfig  ti_msp_dl_config.o
    0x00006bb7   0x00006bb7   0x00000001   PAD
    0x00006bb8   0x00006bb8   0x00000014   Data   RO         1534    .rodata.gTIMER_G8TimerConfig  ti_msp_dl_config.o
    0x00006bcc   0x00006bcc   0x00000002   Data   RO         1538    .rodata.gUART_0ClockConfig  ti_msp_dl_config.o
    0x00006bce   0x00006bce   0x0000000a   Data   RO         1539    .rodata.gUART_0Config  ti_msp_dl_config.o
    0x00006bd8   0x00006bd8   0x00000002   Data   RO         1540    .rodata.gUART_1ClockConfig  ti_msp_dl_config.o
    0x00006bda   0x00006bda   0x0000000a   Data   RO         1541    .rodata.gUART_1Config  ti_msp_dl_config.o
    0x00006be4   0x00006be4   0x00000002   Data   RO         1542    .rodata.gUART_2ClockConfig  ti_msp_dl_config.o
    0x00006be6   0x00006be6   0x0000000a   Data   RO         1543    .rodata.gUART_2Config  ti_msp_dl_config.o
    0x00006bf0   0x00006bf0   0x00000002   Data   RO         1544    .rodata.gUART_3ClockConfig  ti_msp_dl_config.o
    0x00006bf2   0x00006bf2   0x0000000a   Data   RO         1545    .rodata.gUART_3Config  ti_msp_dl_config.o
    0x00006bfc   0x00006bfc   0x00000024   Data   RO         1975    .rodata.str1.1      nuart.o
    0x00006c20   0x00006c20   0x0000000b   Data   RO         3377    .rodata.str1.1      vofa.o
    0x00006c2b   0x00006c2b   0x00000001   PAD
    0x00006c2c   0x00006c2c   0x00000020   Data   RO         3647    Region$$Table       anon$$obj.o


    Execution Region RW_IRAM2 (Exec base: 0x20200000, Load base: 0x00006c50, Size: 0x00001f5c, Max: 0x00008000, ABSOLUTE, COMPRESSED[0x00000098])

    Exec Addr    Load Addr    Size         Type   Attr      Idx    E Section Name        Object

    0x20200000   COMPRESSED   0x00000004   Data   RW         3593    .data               mc_p.l(stdout.o)
    0x20200004   COMPRESSED   0x0000003c   Data   RW         1853    .data.NEncoder      nqei.o
    0x20200040   COMPRESSED   0x00000004   Data   RW         2913    .data.balance_angle_expect  self_balancing.o
    0x20200044   COMPRESSED   0x00000001   Data   RW         2920    .data.balance_ctrl_loop_num  self_balancing.o
    0x20200045   COMPRESSED   0x00000001   Data   RW         2918    .data.balance_speed_ctrl_enable  self_balancing.o
    0x20200046   COMPRESSED   0x00000002   PAD
    0x20200048   COMPRESSED   0x00000004   Data   RW         2951    .data.balance_speed_ki  motor_control.o
    0x2020004c   COMPRESSED   0x00000004   Data   RW         2950    .data.balance_speed_kp  motor_control.o
    0x20200050   COMPRESSED   0x00000001   Data   RW         2919    .data.balance_steer_ctrl_enable  self_balancing.o
    0x20200051   COMPRESSED   0x00000003   PAD
    0x20200054   COMPRESSED   0x0000001c   Data   RW         1218    .data.left_pid      main.o
    0x20200070   COMPRESSED   0x00000018   Data   RW         2671    .data.light_blue    rgb.o
    0x20200088   COMPRESSED   0x00000018   Data   RW         2670    .data.light_green   rgb.o
    0x202000a0   COMPRESSED   0x00000018   Data   RW         2669    .data.light_red     rgb.o
    0x202000b8   COMPRESSED   0x0000002c   Data   RW         3188    .data.park_params   subtask.o
    0x202000e4   COMPRESSED   0x0000001c   Data   RW         1219    .data.right_pid     main.o
    0x20200100   COMPRESSED   0x000000dc   Data   RW         2921    .data.selfbalance_angle1_ctrl  self_balancing.o
    0x202001dc   COMPRESSED   0x00000004   Data   RW         2943    .data.speed_ki      motor_control.o
    0x202001e0   COMPRESSED   0x00000004   Data   RW         2942    .data.speed_kp      motor_control.o
    0x202001e4   COMPRESSED   0x00000004   Data   RW         3000    .data.steer_gyro_scale  sdk.o
    0x202001e8   COMPRESSED   0x0000001c   Data   RW         1221    .data.track_pid_assignment  main.o
    0x20200204   COMPRESSED   0x00000010   Data   RW         2935    .data.trackless_motor  motor_control.o
    0x20200214   COMPRESSED   0x00000004   Data   RW         2891    .data.turn_scale    gray_detection.o
    0x20200218   COMPRESSED   0x00000014   Data   RW         1929    .data.vbat          nadc.o
    0x2020022c   COMPRESSED   0x0000001c   Data   RW         1220    .data.yaw_pid       main.o
    0x20200248        -       0x00000001   Zero   RW         3324    .bss.B1_put         grayscale.o
    0x20200249        -       0x00000001   Zero   RW         3325    .bss.B2_put         grayscale.o
    0x2020024a        -       0x00000001   Zero   RW         3326    .bss.B3_put         grayscale.o
    0x2020024b        -       0x00000001   Zero   RW         3327    .bss.B4_put         grayscale.o
    0x2020024c        -       0x000000c8   Zero   RW         3376    .bss.DataBuff       vofa.o
    0x20200314        -       0x00000004   Zero   RW         1227    .bss.Encoder1       main.o
    0x20200318        -       0x00000004   Zero   RW         1230    .bss.Encoder2       main.o
    0x2020031c        -       0x00000004   Zero   RW         3100    .bss.FloatUnion     nclink.o
    0x20200320        -       0x00000004   Zero   RW         1861    .bss.Get_Encoder_countA1  nqei.o
    0x20200324        -       0x00000002   Zero   RW         1866    .bss.Get_Encoder_countB2  nqei.o
    0x20200326        -       0x00000002   Zero   RW         1754    .bss.HEIGHT         ssd1306.o
    0x20200328        -       0x00000002   Zero   RW         1225    .bss.L_Target_Position  main.o
    0x2020032a        -       0x00000002   Zero   RW         1228    .bss.L_Target_Speed  main.o
    0x2020032c        -       0x00000004   Zero   RW         2624    .bss.Pitch          jy61p.o
    0x20200330        -       0x00000004   Zero   RW         2623    .bss.Roll           jy61p.o
    0x20200334        -       0x00000001   Zero   RW         1974    .bss.RxBuffer       nuart.o
    0x20200335        -       0x0000000b   Zero   RW         2621    .bss.RxBuffer       jy61p.o
    0x20200340        -       0x00000001   Zero   RW         2622    .bss.RxIndex        jy61p.o
    0x20200341        -       0x00000001   Zero   RW         1973    .bss.RxLine         nuart.o
    0x20200342        -       0x00000001   Zero   RW         2620    .bss.RxState        jy61p.o
    0x20200343   COMPRESSED   0x00000001   PAD
    0x20200344        -       0x00000004   Zero   RW         1803    .bss.TIMG0_IRQHandler._cnt  ntimer.o
    0x20200348        -       0x00000002   Zero   RW         1753    .bss.WIDTH          ssd1306.o
    0x2020034a   COMPRESSED   0x00000002   PAD
    0x2020034c        -       0x00000004   Zero   RW         2625    .bss.Yaw            jy61p.o
    0x20200350        -       0x000000e0   Zero   RW         2044    .bss._button        nbutton.o
    0x20200430        -       0x00000001   Zero   RW         1762    .bss._cp437         ssd1306.o
    0x20200431   COMPRESSED   0x00000003   PAD
    0x20200434        -       0x00000004   Zero   RW         1856    .bss._encoder_R_count  nqei.o
    0x20200438        -       0x00000004   Zero   RW         1855    .bss._encoder_l_count  nqei.o
    0x2020043c        -       0x00000002   Zero   RW         1751    .bss._height        ssd1306.o
    0x2020043e        -       0x00000001   Zero   RW         1755    .bss._vccstate      ssd1306.o
    0x2020043f   COMPRESSED   0x00000001   PAD
    0x20200440        -       0x00000002   Zero   RW         1750    .bss._width         ssd1306.o
    0x20200442   COMPRESSED   0x00000002   PAD
    0x20200444        -       0x00000004   Zero   RW         3357    .bss.add            pid_2.o
    0x20200448        -       0x000000dc   Zero   RW         3004    .bss.azimuth_ctrl   sdk.o
    0x20200524        -       0x00000004   Zero   RW         2952    .bss.balance_speed_kd  motor_control.o
    0x20200528        -       0x00000001   Zero   RW         3117    .bss.bluetooth_app_prase.cnt  nclink.o
    0x20200529        -       0x00000001   Zero   RW         3118    .bss.bluetooth_app_prase.data_len  nclink.o
    0x2020052a        -       0x00000001   Zero   RW         3116    .bss.bluetooth_app_prase.state  nclink.o
    0x2020052b   COMPRESSED   0x00000001   PAD
    0x2020052c        -       0x00000010   Zero   RW         3114    .bss.bluetooth_ppm  nclink.o
    0x2020053c        -       0x00000032   Zero   RW         3119    .bss.bt_app_input_buf  nclink.o
    0x2020056e        -       0x00000001   Zero   RW         3115    .bss.bt_update_flag  nclink.o
    0x2020056f   COMPRESSED   0x00000001   PAD
    0x20200570        -       0x00000020   Zero   RW         3113    .bss.bt_user_data   nclink.o
    0x20200590        -       0x00000004   Zero   RW         2173    .bss.com3_rx_buf    us100.o
    0x20200594        -       0x00000002   Zero   RW         2174    .bss.com3_rx_cnt    us100.o
    0x20200596        -       0x00000002   Zero   RW         1756    .bss.cursor_x       ssd1306.o
    0x20200598        -       0x00000002   Zero   RW         1757    .bss.cursor_y       ssd1306.o
    0x2020059a   COMPRESSED   0x00000002   PAD
    0x2020059c        -       0x000000dc   Zero   RW         3003    .bss.distance_ctrl  sdk.o
    0x20200678        -       0x00000002   Zero   RW         1224    .bss.flag           main.o
    0x2020067a        -       0x00000001   Zero   RW         1933    .bss.gCheckADC      nadc.o
    0x2020067b        -       0x00000001   Zero   RW         2412    .bss.gI2cControllerStatus  bsp_mpu6050.o
    0x2020067c        -       0x000000bc   Zero   RW         1516    .bss.gPWM_0Backup   ti_msp_dl_config.o
    0x20200738        -       0x000000bc   Zero   RW         1517    .bss.gPWM_1Backup   ti_msp_dl_config.o
    0x202007f4        -       0x00000078   Zero   RW         1518    .bss.gPWM_2Backup   ti_msp_dl_config.o
    0x2020086c        -       0x00000004   Zero   RW         2417    .bss.gRxCount       bsp_mpu6050.o
    0x20200870        -       0x00000004   Zero   RW         2416    .bss.gRxLen         bsp_mpu6050.o
    0x20200874        -       0x00000080   Zero   RW         2418    .bss.gRxPacket      bsp_mpu6050.o
    0x202008f4        -       0x00000028   Zero   RW         1521    .bss.gSPI_0Backup   ti_msp_dl_config.o
    0x2020091c        -       0x00000078   Zero   RW         1519    .bss.gTIMER_2Backup  ti_msp_dl_config.o
    0x20200994        -       0x00000004   Zero   RW         2415    .bss.gTxCount       bsp_mpu6050.o
    0x20200998        -       0x00000004   Zero   RW         2413    .bss.gTxLen         bsp_mpu6050.o
    0x2020099c        -       0x00000080   Zero   RW         2414    .bss.gTxPacket      bsp_mpu6050.o
    0x20200a1c        -       0x00000030   Zero   RW         1520    .bss.gUART_3Backup  ti_msp_dl_config.o
    0x20200a4c        -       0x00000002   Zero   RW         1867    .bss.get_left_motor_speed.cnt1  nqei.o
    0x20200a4e        -       0x00000002   Zero   RW         1869    .bss.get_right_motor_speed.cnt2  nqei.o
    0x20200a50        -       0x00000002   Zero   RW         1226    .bss.pid_turn       main.o
    0x20200a52        -       0x00000001   Zero   RW         1752    .bss.rotation       ssd1306.o
    0x20200a53   COMPRESSED   0x00000001   PAD
    0x20200a54        -       0x00000002   Zero   RW         3157    .bss.sdk_work_mode  developer_mode.o
    0x20200a56   COMPRESSED   0x00000002   PAD
    0x20200a58        -       0x000001b8   Zero   RW         2899    .bss.seektrack_ctrl  gray_detection.o
    0x20200c10        -       0x000000dc   Zero   RW         2923    .bss.selfbalance_gyro_ctrl  self_balancing.o
    0x20200cec        -       0x00000004   Zero   RW         2944    .bss.speed_kd       motor_control.o
    0x20200cf0        -       0x00000004   Zero   RW         1222    .bss.speed_left     main.o
    0x20200cf4        -       0x00000004   Zero   RW         1223    .bss.speed_right    main.o
    0x20200cf8        -       0x00000004   Zero   RW         2941    .bss.speed_setup    motor_control.o
    0x20200cfc        -       0x000000dc   Zero   RW         3002    .bss.steerangle_ctrl  sdk.o
    0x20200dd8        -       0x000000dc   Zero   RW         3001    .bss.steergyro_ctrl  sdk.o
    0x20200eb4        -       0x00000002   Zero   RW         1231    .bss.straight_left  main.o
    0x20200eb6        -       0x00000002   Zero   RW         1229    .bss.straight_right  main.o
    0x20200eb8        -       0x00000001   Zero   RW         1860    .bss.sum            nqei.o
    0x20200eb9        -       0x00000001   Zero   RW         1865    .bss.sumR           nqei.o
    0x20200eba   COMPRESSED   0x00000002   PAD
    0x20200ebc        -       0x00000004   Zero   RW         1581    .bss.sysTickUptime  system.o
    0x20200ec0        -       0x00000010   Zero   RW         1802    .bss.t_g0           ntimer.o
    0x20200ed0        -       0x00000010   Zero   RW         1804    .bss.t_g1           ntimer.o
    0x20200ee0        -       0x00000010   Zero   RW         1806    .bss.t_g12          ntimer.o
    0x20200ef0        -       0x00000010   Zero   RW         1805    .bss.t_g8           ntimer.o
    0x20200f00        -       0x00000004   Zero   RW         1868    .bss.temp           nqei.o
    0x20200f04        -       0x00000002   Zero   RW         1759    .bss.textbgcolor    ssd1306.o
    0x20200f06        -       0x00000002   Zero   RW         1760    .bss.textcolor      ssd1306.o
    0x20200f08        -       0x00000001   Zero   RW         1758    .bss.textsize       ssd1306.o
    0x20200f09        -       0x0000000c   Zero   RW         3322    .bss.track_assignment  grayscale.o
    0x20200f15   COMPRESSED   0x00000001   PAD
    0x20200f16        -       0x00000002   Zero   RW         1233    .bss.track_left     main.o
    0x20200f18        -       0x00000002   Zero   RW         3358    .bss.track_pid.track_sum  pid_2.o
    0x20200f1a        -       0x00000002   Zero   RW         1234    .bss.track_right    main.o
    0x20200f1c        -       0x00000001   Zero   RW         3323    .bss.track_sum      grayscale.o
    0x20200f1d   COMPRESSED   0x00000001   PAD
    0x20200f1e        -       0x00000002   Zero   RW         1232    .bss.track_turn     main.o
    0x20200f20        -       0x00000010   Zero   RW         1976    .bss.uart2_dma_t    nuart.o
    0x20200f30        -       0x00000001   Zero   RW         1761    .bss.wrap           ssd1306.o
    0x20200f31        -       0x00000001   Zero   RW         1857    .bss.x              nqei.o
    0x20200f32        -       0x00000001   Zero   RW         1862    .bss.xR             nqei.o
    0x20200f33        -       0x00000001   Zero   RW         1858    .bss.y              nqei.o
    0x20200f34        -       0x00000001   Zero   RW         1863    .bss.yR             nqei.o
    0x20200f35        -       0x00000001   Zero   RW         1859    .bss.z              nqei.o
    0x20200f36        -       0x00000001   Zero   RW         1864    .bss.zR             nqei.o
    0x20200f37   COMPRESSED   0x00000001   PAD
    0x20200f38        -       0x00001024   Zero   RW         1182    STACK               startup_mspm0g350x_uvision.o



  Load Region LR_BCR (Base: 0x41c00000, Size: 0x00000000, Max: 0x00000100, ABSOLUTE)

    Execution Region BCR_CONFIG (Exec base: 0x41c00000, Load base: 0x41c00000, Size: 0x00000000, Max: 0x00000080, ABSOLUTE)

    **** No section assigned to this execution region ****



  Load Region LR_BSL (Base: 0x41c00100, Size: 0x00000000, Max: 0x00000100, ABSOLUTE)

    Execution Region BSL_CONFIG (Exec base: 0x41c00100, Load base: 0x41c00100, Size: 0x00000000, Max: 0x00000080, ABSOLUTE)

    **** No section assigned to this execution region ****


==============================================================================

Image component sizes


      Code (inc. data)   RO Data    RW Data    ZI Data      Debug   Object Name

       390         92          0          0        273       9078   bsp_mpu6050.o
         0          0          0          0          2       2061   developer_mode.o
       112          8          0          0          0       4069   dl_adc12.o
        20          0          0          0          0        616   dl_common.o
       250          4          0          0          0       4181   dl_dma.o
       222          4          0          0          0       7964   dl_i2c.o
       148         12          0          0          0      10551   dl_spi.o
       636         44          0          0          0      16334   dl_sysctl_mspm0g1x0x_g3x0x.o
      1210        176          0          0          0      23365   dl_timer.o
       256         12          0          0          0      10631   dl_uart.o
         2          0          0          4        440       7687   gray_detection.o
       662         32          0          0         17       4156   grayscale.o
       336         16          0          0         25       1167   jy61p.o
      1140        140          0        112         34      11504   main.o
         0          0          0         32         12       6085   motor_control.o
        50          4          0         20          1       6594   nadc.o
       132         12          0          0        224       4989   nbutton.o
       588         32          0          0        106      13033   nclink.o
       104          0          0          0          0       2721   neeprom.o
       110          0          0          0          0       3077   nppm.o
       100          4          0          0          0       3945   npwm.o
      1000        104          0         60         30       7065   nqei.o
       418         84          0          0         68       9362   ntimer.o
       682         76         36          0         18       7408   nuart.o
      2118         84       1576          0          0      11509   oled.o
       130          0          0          0          0       6328   pid.o
       592         32          0          0          6       1807   pid_2.o
       166         12          0         72          0       4988   rgb.o
      2360        260          0          4        880       9778   sdk.o
         0          0          0        227        220       2353   self_balancing.o
        36          4          0          0          0      13285   sensor.o
       392         56          0          0         21      15653   ssd1306.o
        20          4        192          0       4132        744   startup_mspm0g350x_uvision.o
         0          0          0         44          0       7100   subtask.o
       242         20          0          0          4       2446   system.o
      4804        428        259          0        704      53147   ti_msp_dl_config.o
         0          0          0          0          6       5538   us100.o
        52          8          0          0          0       4487   usart3.o
       926         40         11          0        200       4114   vofa.o
       356         20          0          0          0       9697   w25qxx.o

    ----------------------------------------------------------------------
     20800       1824       2118        580       7444     330617   Object Totals
         0          0         32          0          0          0   (incl. Generated)
        38          0         12          5         21          0   (incl. Padding)

    ----------------------------------------------------------------------

      Code (inc. data)   RO Data    RW Data    ZI Data      Debug   Library Member Name

        58          0          0          0          0          0   __dczerorl.o
         0          0          0          0          0          0   entry.o
         0          0          0          0          0          0   entry10a.o
         0          0          0          0          0          0   entry11a.o
         8          4          0          0          0          0   entry2.o
         4          0          0          0          0          0   entry5.o
         0          0          0          0          0          0   entry7b.o
         0          0          0          0          0          0   entry8b.o
         8          4          0          0          0          0   entry9a.o
        30          0          0          0          0          0   handlers.o
        80          6          0          0          0         72   idiv_div0.o
        36          8          0          0          0         68   init.o
         0          0          0          0          0          0   iusefp.o
        32          0          0          0          0         68   llshl.o
        38          0          0          0          0         68   llsshr.o
        34          0          0          0          0         68   llushr.o
        36          0          0          0          0         60   memcpya.o
        36          0          0          0          0        100   memseta.o
      2302        102          0          0          0        556   printfa.o
         0          0          0          4          0          0   stdout.o
        14          0          0          0          0         60   strlen.o
        62          0          0          0          0         72   uidiv_div0.o
        96          0          0          0          0         84   uldiv.o
        40          2          0          0          0         68   cdrcmple.o
       356          4          0          0          0        140   dadd.o
       240          6          0          0          0         84   ddiv.o
       236          0          0          0          0        216   depilogue.o
        64         10          0          0          0         68   dfixul.o
       208          6          0          0          0         88   dmul.o
        40          0          0          0          0         60   f2d.o
       178          0          0          0          0        108   fadd.o
        28          0          0          0          0         60   fcmpge.o
        28          0          0          0          0         60   fcmple.o
        28          0          0          0          0         60   fcmplt.o
       124          0          0          0          0         72   fdiv.o
       130          0          0          0          0        144   fepilogue.o
        50          0          0          0          0         60   ffixi.o
        22          0          0          0          0         68   fflti.o
        14          0          0          0          0         68   ffltui.o
       122          0          0          0          0         72   fmul.o

    ----------------------------------------------------------------------
      4806        156          0          4          0       2772   Library Totals
        24          4          0          0          0          0   (incl. Padding)

    ----------------------------------------------------------------------

      Code (inc. data)   RO Data    RW Data    ZI Data      Debug   Library Name

      2874        124          0          4          0       1276   mc_p.l
      1908         28          0          0          0       1496   mf_p.l

    ----------------------------------------------------------------------
      4806        156          0          4          0       2772   Library Totals

    ----------------------------------------------------------------------

==============================================================================


      Code (inc. data)   RO Data    RW Data    ZI Data      Debug   

     25606       1980       2118        584       7444     331537   Grand Totals
     25606       1980       2118        152       7444     331537   ELF Image Totals (compressed)
     25606       1980       2118        152          0          0   ROM Totals

==============================================================================

    Total RO  Size (Code + RO Data)                27724 (  27.07kB)
    Total RW  Size (RW Data + ZI Data)              8028 (   7.84kB)
    Total ROM Size (Code + RO Data + RW Data)      27876 (  27.22kB)

==============================================================================

